###############################################################################
#                                                                             #
# IAR ELF Linker V6.40.2.53884/W32 for ARM              02/Sep/2014  13:33:54 #
# Copyright 2007-2012 IAR Systems AB.                                         #
#                                                                             #
#    Output file  =  C:\devel\GitHub\RoboDiscovery-F4\Firmware\Projects\EWARM #
#                    \Sonar-Module Configuration\Exe\Sonar-Module             #
#                    Configuration.out                                        #
#    Map file     =  C:\devel\GitHub\RoboDiscovery-F4\Firmware\Projects\EWARM #
#                    \Sonar-Module Configuration/List\Sonar-Module            #
#                    Configuration.map                                        #
#    Command line =  "C:\devel\GitHub\RoboDiscovery-F4\Firmware\Projects\EWAR #
#                    M\Sonar-Module Configuration\Obj\button_handler.o"       #
#                    "C:\devel\GitHub\RoboDiscovery-F4\Firmware\Projects\EWAR #
#                    M\Sonar-Module Configuration\Obj\dma.o"                  #
#                    "C:\devel\GitHub\RoboDiscovery-F4\Firmware\Projects\EWAR #
#                    M\Sonar-Module Configuration\Obj\gpio.o"                 #
#                    "C:\devel\GitHub\RoboDiscovery-F4\Firmware\Projects\EWAR #
#                    M\Sonar-Module Configuration\Obj\i2c.o"                  #
#                    "C:\devel\GitHub\RoboDiscovery-F4\Firmware\Projects\EWAR #
#                    M\Sonar-Module Configuration\Obj\leds_handler.o"         #
#                    "C:\devel\GitHub\RoboDiscovery-F4\Firmware\Projects\EWAR #
#                    M\Sonar-Module Configuration\Obj\main.o"                 #
#                    "C:\devel\GitHub\RoboDiscovery-F4\Firmware\Projects\EWAR #
#                    M\Sonar-Module Configuration\Obj\sonar_handler.o"        #
#                    "C:\devel\GitHub\RoboDiscovery-F4\Firmware\Projects\EWAR #
#                    M\Sonar-Module Configuration\Obj\startup_stm32f407xx.o"  #
#                    "C:\devel\GitHub\RoboDiscovery-F4\Firmware\Projects\EWAR #
#                    M\Sonar-Module Configuration\Obj\stm32f4xx_hal.o"        #
#                    "C:\devel\GitHub\RoboDiscovery-F4\Firmware\Projects\EWAR #
#                    M\Sonar-Module Configuration\Obj\stm32f4xx_hal_cortex.o" #
#                     "C:\devel\GitHub\RoboDiscovery-F4\Firmware\Projects\EWA #
#                    RM\Sonar-Module Configuration\Obj\stm32f4xx_hal_dma.o"   #
#                    "C:\devel\GitHub\RoboDiscovery-F4\Firmware\Projects\EWAR #
#                    M\Sonar-Module Configuration\Obj\stm32f4xx_hal_dma_ex.o" #
#                     "C:\devel\GitHub\RoboDiscovery-F4\Firmware\Projects\EWA #
#                    RM\Sonar-Module Configuration\Obj\stm32f4xx_hal_flash.o" #
#                     "C:\devel\GitHub\RoboDiscovery-F4\Firmware\Projects\EWA #
#                    RM\Sonar-Module Configuration\Obj\stm32f4xx_hal_flash_ex #
#                    .o" "C:\devel\GitHub\RoboDiscovery-F4\Firmware\Projects\ #
#                    EWARM\Sonar-Module Configuration\Obj\stm32f4xx_hal_flash #
#                    _ramfunc.o" "C:\devel\GitHub\RoboDiscovery-F4\Firmware\P #
#                    rojects\EWARM\Sonar-Module Configuration\Obj\stm32f4xx_h #
#                    al_gpio.o" "C:\devel\GitHub\RoboDiscovery-F4\Firmware\Pr #
#                    ojects\EWARM\Sonar-Module Configuration\Obj\stm32f4xx_ha #
#                    l_i2c.o" "C:\devel\GitHub\RoboDiscovery-F4\Firmware\Proj #
#                    ects\EWARM\Sonar-Module Configuration\Obj\stm32f4xx_hal_ #
#                    i2c_ex.o" "C:\devel\GitHub\RoboDiscovery-F4\Firmware\Pro #
#                    jects\EWARM\Sonar-Module Configuration\Obj\stm32f4xx_hal #
#                    _pcd.o" "C:\devel\GitHub\RoboDiscovery-F4\Firmware\Proje #
#                    cts\EWARM\Sonar-Module Configuration\Obj\stm32f4xx_hal_p #
#                    cd_ex.o" "C:\devel\GitHub\RoboDiscovery-F4\Firmware\Proj #
#                    ects\EWARM\Sonar-Module Configuration\Obj\stm32f4xx_hal_ #
#                    pwr.o" "C:\devel\GitHub\RoboDiscovery-F4\Firmware\Projec #
#                    ts\EWARM\Sonar-Module Configuration\Obj\stm32f4xx_hal_pw #
#                    r_ex.o" "C:\devel\GitHub\RoboDiscovery-F4\Firmware\Proje #
#                    cts\EWARM\Sonar-Module Configuration\Obj\stm32f4xx_hal_r #
#                    cc.o" "C:\devel\GitHub\RoboDiscovery-F4\Firmware\Project #
#                    s\EWARM\Sonar-Module Configuration\Obj\stm32f4xx_hal_rcc #
#                    _ex.o" "C:\devel\GitHub\RoboDiscovery-F4\Firmware\Projec #
#                    ts\EWARM\Sonar-Module Configuration\Obj\stm32f4xx_hal_ti #
#                    m.o" "C:\devel\GitHub\RoboDiscovery-F4\Firmware\Projects #
#                    \EWARM\Sonar-Module Configuration\Obj\stm32f4xx_hal_tim_ #
#                    ex.o" "C:\devel\GitHub\RoboDiscovery-F4\Firmware\Project #
#                    s\EWARM\Sonar-Module Configuration\Obj\stm32f4xx_hal_uar #
#                    t.o" "C:\devel\GitHub\RoboDiscovery-F4\Firmware\Projects #
#                    \EWARM\Sonar-Module Configuration\Obj\stm32f4xx_it.o"    #
#                    "C:\devel\GitHub\RoboDiscovery-F4\Firmware\Projects\EWAR #
#                    M\Sonar-Module Configuration\Obj\stm32f4xx_ll_usb.o"     #
#                    "C:\devel\GitHub\RoboDiscovery-F4\Firmware\Projects\EWAR #
#                    M\Sonar-Module Configuration\Obj\system_stm32f4xx.o"     #
#                    "C:\devel\GitHub\RoboDiscovery-F4\Firmware\Projects\EWAR #
#                    M\Sonar-Module Configuration\Obj\tim.o"                  #
#                    "C:\devel\GitHub\RoboDiscovery-F4\Firmware\Projects\EWAR #
#                    M\Sonar-Module Configuration\Obj\tim_handler.o"          #
#                    "C:\devel\GitHub\RoboDiscovery-F4\Firmware\Projects\EWAR #
#                    M\Sonar-Module Configuration\Obj\usart.o"                #
#                    "C:\devel\GitHub\RoboDiscovery-F4\Firmware\Projects\EWAR #
#                    M\Sonar-Module Configuration\Obj\usb_device.o"           #
#                    "C:\devel\GitHub\RoboDiscovery-F4\Firmware\Projects\EWAR #
#                    M\Sonar-Module Configuration\Obj\usbd_cdc.o"             #
#                    "C:\devel\GitHub\RoboDiscovery-F4\Firmware\Projects\EWAR #
#                    M\Sonar-Module Configuration\Obj\usbd_cdc_if.o"          #
#                    "C:\devel\GitHub\RoboDiscovery-F4\Firmware\Projects\EWAR #
#                    M\Sonar-Module Configuration\Obj\usbd_conf.o"            #
#                    "C:\devel\GitHub\RoboDiscovery-F4\Firmware\Projects\EWAR #
#                    M\Sonar-Module Configuration\Obj\usbd_core.o"            #
#                    "C:\devel\GitHub\RoboDiscovery-F4\Firmware\Projects\EWAR #
#                    M\Sonar-Module Configuration\Obj\usbd_ctlreq.o"          #
#                    "C:\devel\GitHub\RoboDiscovery-F4\Firmware\Projects\EWAR #
#                    M\Sonar-Module Configuration\Obj\usbd_desc.o"            #
#                    "C:\devel\GitHub\RoboDiscovery-F4\Firmware\Projects\EWAR #
#                    M\Sonar-Module Configuration\Obj\usbd_ioreq.o"           #
#                    --redirect _Printf=_PrintfFull --redirect                #
#                    _Scanf=_ScanfFull -o "C:\devel\GitHub\RoboDiscovery-F4\F #
#                    irmware\Projects\EWARM\Sonar-Module                      #
#                    Configuration\Exe\Sonar-Module Configuration.out" --map  #
#                    "C:\devel\GitHub\RoboDiscovery-F4\Firmware\Projects\EWAR #
#                    M\Sonar-Module Configuration/List\Sonar-Module           #
#                    Configuration.map" --config "C:\Program Files (x86)\IAR  #
#                    Systems\Embedded Workbench 6.4\arm\config\linker\ST\stm3 #
#                    2f407xG.icf" --semihosting --entry __iar_program_start   #
#                    --vfe                                                    #
#                                                                             #
#                                                                             #
###############################################################################

*******************************************************************************
*** RUNTIME MODEL ATTRIBUTES
***

CppFlavor                     = *
__Heap_Handler                = DLMalloc
__SystemLibrary               = DLib
__dlib_dynamic_initialization = normal


*******************************************************************************
*** PLACEMENT SUMMARY
***

"A1":  place at 0x08000000 { ro section .intvec };
"P1":  place in [from 0x08000000 to 0x080fffff] { ro };
"P2":  place in [from 0x20000000 to 0x2001ffff] { rw, block CSTACK, block HEAP };

  Section             Kind        Address    Size  Object
  -------             ----        -------    ----  ------
"A1":                                       0x188
  .intvec             ro code  0x08000000   0x188  startup_stm32f407xx.o [1]
                             - 0x08000188   0x188

"P1":                                      0x7f38
  .text               ro code  0x08000188  0x13c4  dlmalloc.o [3]
  .text               ro code  0x0800154c     0x6  abort.o [3]
  .text               ro code  0x08001552    0x2e  copy_init3.o [5]
  .text               ro code  0x08001580    0x28  xgetmemchunk.o [3]
  .text               ro code  0x080015a8    0x14  exit.o [6]
  .text               ro code  0x080015bc  0x105a  xprintffull.o [3]
  .text               ro code  0x08002616    0x20  xmbtowc.o [3]
  .text               ro code  0x08002636    0x22  zero_init3.o [5]
  .text               ro code  0x08002658    0x16  strchr.o [5]
  .text               ro code  0x0800266e     0xa  xsprout.o [3]
  .text               ro code  0x08002678    0x36  strlen.o [5]
  .text               ro code  0x080026b0    0x58  memchr.o [5]
  .text               ro code  0x08002708     0xa  xmbcurmax.o [3]
  .text               ro code  0x08002712    0x1a  xwctomb.o [3]
  .text               ro code  0x0800272c    0x76  ABImemcpy.o [5]
  .text               ro code  0x080027a4    0xee  I64DivMod.o [5]
  .text               ro code  0x08002892    0x42  xdnorm.o [4]
  .text               ro code  0x080028d4    0x2e  DblCmpLe.o [4]
  .text               ro code  0x08002904    0x2e  DblCmpGe.o [4]
  .text               ro code  0x08002934   0x114  xdscale.o [4]
  .text               ro code  0x08002a48    0x58  DblToI32.o [4]
  .text               ro code  0x08002aa0    0x30  I32ToDbl.o [4]
  .text               ro code  0x08002ad0   0x180  DblSub.o [4]
  .text               ro code  0x08002c50   0x1a2  DblMul.o [4]
  .text               ro code  0x08002df4   0x246  DblDiv.o [4]
  .text               ro code  0x0800303c    0x6c  localeconv.o [3]
  .text               ro code  0x080030a8     0xe  div.o [3]
  .text               ro code  0x080030b8    0x14  setlocale.o [3]
  .text               ro code  0x080030cc    0x60  xencoding_sb.o [3]
  .text               ro code  0x0800312c     0x2  I64DivZer.o [5]
  .text               ro code  0x08003130    0xd4  DblAdd.o [4]
  .text               ro code  0x08003204     0x2  xtls.o [3]
  .text               ro code  0x08003208   0x9b4  stm32f4xx_hal_dma.o [1]
  .text               ro code  0x08003bbc   0x982  stm32f4xx_hal_tim.o [1]
  .text               ro code  0x08004540   0x2fc  tim.o [1]
  .text               ro code  0x0800483c    0x2a  tim_handler.o [1]
  .text               ro code  0x08004868    0x9c  stm32f4xx_hal_tim_ex.o [1]
  .text               ro code  0x08004904   0x1e0  stm32f4xx_hal_gpio.o [1]
  .text               ro code  0x08004ae4    0xd0  stm32f4xx_hal_cortex.o [1]
  .text               ro code  0x08004bb4   0x206  leds_handler.o [1]
  .text               ro code  0x08004dbc   0x178  sonar_handler.o [1]
  .text               ro code  0x08004f34   0x1b4  main.o [1]
  .text               ro code  0x080050e8    0xac  leds_handler.o [1]
  .text               ro code  0x08005194    0x88  stm32f4xx_hal.o [1]
  .text               ro code  0x0800521c   0x138  gpio.o [1]
  .text               ro code  0x08005354    0x72  dma.o [1]
  .text               ro code  0x080053c8    0x70  i2c.o [1]
  .text               ro code  0x08005438   0x1ac  usart.o [1]
  .text               ro code  0x080055e4    0x38  usb_device.o [1]
  .text               ro code  0x0800561c    0x34  sprintf.o [3]
  .text               ro code  0x08005650   0x464  stm32f4xx_hal_uart.o [1]
  .text               ro code  0x08005ab4    0x30  button_handler.o [1]
  .text               ro code  0x08005ae4   0x4f0  stm32f4xx_hal_rcc.o [1]
  .text               ro code  0x08005fd4    0xd0  stm32f4xx_hal_i2c.o [1]
  .text               ro code  0x080060a4   0x252  usbd_core.o [1]
  .text               ro code  0x080062f8   0x1de  usbd_cdc.o [1]
  .text               ro code  0x080064d8   0x1f8  usbd_conf.o [1]
  .text               ro code  0x080066d0   0x3ce  usbd_ctlreq.o [1]
  .text               ro code  0x08006a9e    0x60  usbd_ioreq.o [1]
  .text               ro code  0x08006afe   0x720  stm32f4xx_hal_pcd.o [1]
  .text               ro code  0x0800721e    0x44  stm32f4xx_hal_pcd_ex.o [1]
  .text               ro code  0x08007264   0x8a8  stm32f4xx_ll_usb.o [1]
  .text               ro code  0x08007b0c    0xdc  stm32f4xx_it.o [1]
  .text               ro code  0x08007be8    0xb0  usbd_desc.o [1]
  .text               ro code  0x08007c98    0x50  system_stm32f4xx.o [1]
  .text               ro code  0x08007ce8    0x34  usbd_cdc_if.o [1]
  .text               ro code  0x08007d1c    0x28  data_init3.o [5]
  .iar.init_table     const    0x08007d44    0x24  - Linker created -
  .text               ro code  0x08007d68    0x1a  fpinit_M.o [4]
  .text               ro code  0x08007d84    0x16  cmain.o [5]
  .text               ro code  0x08007d9a     0x4  low_level_init.o [3]
  .text               ro code  0x08007d9e     0x4  exit.o [3]
  .text               ro code  0x08007da4     0xa  cexit.o [5]
  .text               ro code  0x08007db0    0x10  startup_stm32f407xx.o [1]
  .text               ro code  0x08007dc0     0xc  cstartup_M.o [5]
  .text               ro code  0x08007dcc     0x4  startup_stm32f407xx.o [1]
  .text               ro code  0x08007dd0     0x4  startup_stm32f407xx.o [1]
  .text               ro code  0x08007dd4     0x4  startup_stm32f407xx.o [1]
  .text               ro code  0x08007dd8     0x4  startup_stm32f407xx.o [1]
  .text               ro code  0x08007ddc     0x4  startup_stm32f407xx.o [1]
  .text               ro code  0x08007de0     0x4  startup_stm32f407xx.o [1]
  .text               ro code  0x08007de4     0x4  startup_stm32f407xx.o [1]
  .text               ro code  0x08007de8     0x4  startup_stm32f407xx.o [1]
  .text               ro code  0x08007dec     0x4  startup_stm32f407xx.o [1]
  .text               ro code  0x08007df0     0x4  startup_stm32f407xx.o [1]
  .text               ro code  0x08007df4     0x4  startup_stm32f407xx.o [1]
  .text               ro code  0x08007df8     0x4  startup_stm32f407xx.o [1]
  .text               ro code  0x08007dfc     0x4  startup_stm32f407xx.o [1]
  .text               ro code  0x08007e00     0x4  startup_stm32f407xx.o [1]
  .text               ro code  0x08007e04     0x4  startup_stm32f407xx.o [1]
  .text               ro code  0x08007e08     0x4  startup_stm32f407xx.o [1]
  .text               ro code  0x08007e0c     0x4  startup_stm32f407xx.o [1]
  .text               ro code  0x08007e10     0x4  startup_stm32f407xx.o [1]
  .text               ro code  0x08007e14     0x4  startup_stm32f407xx.o [1]
  .text               ro code  0x08007e18     0x4  startup_stm32f407xx.o [1]
  .text               ro code  0x08007e1c     0x4  startup_stm32f407xx.o [1]
  .text               ro code  0x08007e20     0x4  startup_stm32f407xx.o [1]
  .text               ro code  0x08007e24     0x4  startup_stm32f407xx.o [1]
  .text               ro code  0x08007e28     0x4  startup_stm32f407xx.o [1]
  .text               ro code  0x08007e2c     0x4  startup_stm32f407xx.o [1]
  .text               ro code  0x08007e30     0x4  startup_stm32f407xx.o [1]
  .text               ro code  0x08007e34     0x4  startup_stm32f407xx.o [1]
  .text               ro code  0x08007e38     0x4  startup_stm32f407xx.o [1]
  .text               ro code  0x08007e3c     0x4  startup_stm32f407xx.o [1]
  .text               ro code  0x08007e40     0x4  startup_stm32f407xx.o [1]
  .text               ro code  0x08007e44     0x4  startup_stm32f407xx.o [1]
  .text               ro code  0x08007e48     0x4  startup_stm32f407xx.o [1]
  .text               ro code  0x08007e4c     0x4  startup_stm32f407xx.o [1]
  .text               ro code  0x08007e50     0x4  startup_stm32f407xx.o [1]
  .text               ro code  0x08007e54     0x4  startup_stm32f407xx.o [1]
  .text               ro code  0x08007e58     0x4  startup_stm32f407xx.o [1]
  .text               ro code  0x08007e5c     0x4  startup_stm32f407xx.o [1]
  .text               ro code  0x08007e60     0x4  startup_stm32f407xx.o [1]
  .text               ro code  0x08007e64     0x4  startup_stm32f407xx.o [1]
  .text               ro code  0x08007e68     0x4  startup_stm32f407xx.o [1]
  .text               ro code  0x08007e6c     0x4  startup_stm32f407xx.o [1]
  .text               ro code  0x08007e70     0x4  startup_stm32f407xx.o [1]
  .text               ro code  0x08007e74     0x4  startup_stm32f407xx.o [1]
  .text               ro code  0x08007e78     0x4  startup_stm32f407xx.o [1]
  .text               ro code  0x08007e7c     0x4  startup_stm32f407xx.o [1]
  .text               ro code  0x08007e80     0x4  startup_stm32f407xx.o [1]
  .text               ro code  0x08007e84     0x4  startup_stm32f407xx.o [1]
  .text               ro code  0x08007e88     0x4  startup_stm32f407xx.o [1]
  .text               ro code  0x08007e8c     0x4  startup_stm32f407xx.o [1]
  .text               ro code  0x08007e90     0x4  startup_stm32f407xx.o [1]
  .text               ro code  0x08007e94     0x4  startup_stm32f407xx.o [1]
  .text               ro code  0x08007e98     0x4  startup_stm32f407xx.o [1]
  .text               ro code  0x08007e9c     0x4  startup_stm32f407xx.o [1]
  .text               ro code  0x08007ea0     0x4  startup_stm32f407xx.o [1]
  .text               ro code  0x08007ea4     0x4  startup_stm32f407xx.o [1]
  .text               ro code  0x08007ea8     0x4  startup_stm32f407xx.o [1]
  .text               ro code  0x08007eac     0x4  startup_stm32f407xx.o [1]
  .text               ro code  0x08007eb0     0x4  startup_stm32f407xx.o [1]
  .text               ro code  0x08007eb4     0x4  startup_stm32f407xx.o [1]
  .text               ro code  0x08007eb8     0x4  startup_stm32f407xx.o [1]
  .text               ro code  0x08007ebc     0x4  startup_stm32f407xx.o [1]
  .text               ro code  0x08007ec0     0x4  startup_stm32f407xx.o [1]
  .text               ro code  0x08007ec4     0x4  startup_stm32f407xx.o [1]
  .text               ro code  0x08007ec8     0x4  startup_stm32f407xx.o [1]
  .text               ro code  0x08007ecc     0x4  startup_stm32f407xx.o [1]
  .text               ro code  0x08007ed0     0x4  startup_stm32f407xx.o [1]
  .text               ro code  0x08007ed4     0x4  startup_stm32f407xx.o [1]
  .text               ro code  0x08007ed8     0x4  startup_stm32f407xx.o [1]
  .text               ro code  0x08007edc     0x4  startup_stm32f407xx.o [1]
  .text               ro code  0x08007ee0     0x4  startup_stm32f407xx.o [1]
  .text               ro code  0x08007ee4     0x4  startup_stm32f407xx.o [1]
  .text               ro code  0x08007ee8     0x4  startup_stm32f407xx.o [1]
  .text               ro code  0x08007eec     0x4  startup_stm32f407xx.o [1]
  .text               ro code  0x08007ef0     0x4  startup_stm32f407xx.o [1]
  .text               ro code  0x08007ef4     0x4  startup_stm32f407xx.o [1]
  .text               ro code  0x08007ef8     0x4  startup_stm32f407xx.o [1]
  .text               ro code  0x08007efc     0x4  startup_stm32f407xx.o [1]
  .text               ro code  0x08007f00     0x4  startup_stm32f407xx.o [1]
  .text               ro code  0x08007f04     0x4  startup_stm32f407xx.o [1]
  .rodata             const    0x08007f08     0x0  zero_init3.o [5]
  .rodata             const    0x08007f08     0x0  copy_init3.o [5]
  Initializer bytes   ro data  0x08007f08   0x1b8  <for P2 s0>
                             - 0x080080c0  0x7f38

"P2", part 1 of 3:                          0x1b8
  P2 s0                        0x20000000   0x1b8  <Init block>
    __DLIB_PERTHREAD  inited   0x20000000    0x50  localeconv.o [3]
    .data             inited   0x20000050    0x44  usbd_cdc.o [1]
    .data             inited   0x20000094    0x44  usbd_cdc.o [1]
    .data             inited   0x200000d8    0x44  usbd_cdc.o [1]
    .data             inited   0x2000011c    0x38  usbd_cdc.o [1]
    .data             inited   0x20000154    0x1c  usbd_desc.o [1]
    .data             inited   0x20000170    0x14  system_stm32f4xx.o [1]
    .data             inited   0x20000184    0x14  usbd_desc.o [1]
    .data             inited   0x20000198    0x10  usbd_cdc_if.o [1]
    .data             inited   0x200001a8     0xc  usbd_cdc.o [1]
    .data             inited   0x200001b4     0x4  usbd_desc.o [1]
                             - 0x200001b8   0x1b8

"P2", part 2 of 3:                         0x1370
  .bss                zero     0x200001b8   0x404  usbd_cdc_if.o [1]
  .bss                zero     0x200005bc   0x3b0  usbd_conf.o [1]
  .bss                zero     0x2000096c   0x224  usb_device.o [1]
  .bss                zero     0x20000b90   0x200  usbd_desc.o [1]
  .bss                zero     0x20000d90   0x1d4  dlmalloc.o [3]
  .bss                zero     0x20000f64   0x140  usart.o [1]
  __DLIB_PERTHREAD    zero     0x200010a4    0x74  setlocale.o [3]
  .bss                zero     0x20001118   0x108  main.o [1]
  .bss                zero     0x20001220    0x5c  sonar_handler.o [1]
  .bss                zero     0x2000127c    0x3c  tim.o [1]
  .bss                zero     0x200012b8    0x3c  tim.o [1]
  .bss                zero     0x200012f4    0x3c  tim.o [1]
  .bss                zero     0x20001330    0x3c  tim.o [1]
  .bss                zero     0x2000136c    0x3c  tim.o [1]
  .bss                zero     0x200013a8    0x3c  tim.o [1]
  .bss                zero     0x200013e4    0x3c  usart.o [1]
  .bss                zero     0x20001420    0x3c  usart.o [1]
  .bss                zero     0x2000145c    0x38  i2c.o [1]
  .bss                zero     0x20001494    0x24  leds_handler.o [1]
  .bss                zero     0x200014b8    0x20  leds_handler.o [1]
  .bss                zero     0x200014d8    0x20  leds_handler.o [1]
  .bss                zero     0x200014f8    0x18  dlmalloc.o [3]
  .bss                zero     0x20001510     0x4  sonar_handler.o [1]
  .bss                zero     0x20001514     0x4  sonar_handler.o [1]
  .bss                zero     0x20001518     0x4  stm32f4xx_hal.o [1]
  .bss                zero     0x2000151c     0x4  xgetmemchunk.o [3]
  .bss                zero     0x20001520     0x1  usbd_ctlreq.o [1]
                             - 0x20001521  0x1369

"P2", part 3 of 3:                         0x4000
  CSTACK                       0x20001528  0x2000  <Block>
    CSTACK            uninit   0x20001528  0x2000  <Block tail>
  HEAP                         0x20003528  0x2000  <Block>
    HEAP              uninit   0x20003528  0x2000  <Block tail>
                             - 0x20005528  0x4000


*******************************************************************************
*** INIT TABLE
***

          Address     Size
          -------     ----
Zero (__iar_zero_init3)
    1 destination range, total size 0x1369:
          0x200001b8  0x1369

Copy (__iar_copy_init3)
    1 source range, total size 0x1b8:
          0x08007f08   0x1b8
    1 destination range, total size 0x1b8:
          0x20000000   0x1b8



*******************************************************************************
*** MODULE SUMMARY
***

    Module                  ro code  ro data  rw data
    ------                  -------  -------  -------
C:\devel\GitHub\RoboDiscovery-F4\Firmware\Projects\EWARM\Sonar-Module Configuration\Obj: [1]
    button_handler.o             48
    dma.o                       114
    gpio.o                      312
    i2c.o                       112                56
    leds_handler.o              690               100
    main.o                      436               264
    sonar_handler.o             376               100
    startup_stm32f407xx.o       724
    stm32f4xx_hal.o             136                 4
    stm32f4xx_hal_cortex.o      208
    stm32f4xx_hal_dma.o       2 484
    stm32f4xx_hal_gpio.o        480
    stm32f4xx_hal_i2c.o         208
    stm32f4xx_hal_pcd.o       1 824
    stm32f4xx_hal_pcd_ex.o       68
    stm32f4xx_hal_rcc.o       1 264
    stm32f4xx_hal_tim.o       2 434
    stm32f4xx_hal_tim_ex.o      156
    stm32f4xx_hal_uart.o      1 124
    stm32f4xx_it.o              220
    stm32f4xx_ll_usb.o        2 216
    system_stm32f4xx.o           80       20       20
    tim.o                       764               360
    tim_handler.o                42
    usart.o                     428               440
    usb_device.o                 56               548
    usbd_cdc.o                  478      272      272
    usbd_cdc_if.o                52       16    1 044
    usbd_conf.o                 504               944
    usbd_core.o                 594
    usbd_ctlreq.o               974                 1
    usbd_desc.o                 176       52      564
    usbd_ioreq.o                 96
    -------------------------------------------------
    Total:                   19 878      360    4 717

command line: [2]
    -------------------------------------------------
    Total:

dl7M_tlf.a: [3]
    abort.o                       6
    div.o                        14
    dlmalloc.o                5 060               492
    exit.o                        4
    localeconv.o                108       80       80
    low_level_init.o              4
    setlocale.o                  20               116
    sprintf.o                    52
    xencoding_sb.o               96
    xgetmemchunk.o               40                 4
    xmbcurmax.o                  10
    xmbtowc.o                    32
    xprintffull.o             4 186
    xsprout.o                    10
    xtls.o                        2
    xwctomb.o                    26
    -------------------------------------------------
    Total:                    9 670       80      692

m7M_tlv.a: [4]
    DblAdd.o                    212
    DblCmpGe.o                   46
    DblCmpLe.o                   46
    DblDiv.o                    582
    DblMul.o                    418
    DblSub.o                    384
    DblToI32.o                   88
    I32ToDbl.o                   48
    fpinit_M.o                   26
    xdnorm.o                     66
    xdscale.o                   276
    -------------------------------------------------
    Total:                    2 192

rt7M_tl.a: [5]
    ABImemcpy.o                 118
    I64DivMod.o                 238
    I64DivZer.o                   2
    cexit.o                      10
    cmain.o                      22
    copy_init3.o                 46
    cstartup_M.o                 12
    data_init3.o                 40
    memchr.o                     88
    strchr.o                     22
    strlen.o                     54
    zero_init3.o                 34
    -------------------------------------------------
    Total:                      686

shb_l.a: [6]
    exit.o                       20
    -------------------------------------------------
    Total:                       20

    Gaps                         38
    Linker created                        36   16 384
-----------------------------------------------------
    Grand Total:             32 484      476   21 793


*******************************************************************************
*** ENTRY LIST
***

Entry                      Address   Size  Type      Object
-----                      -------   ----  ----      ------
?main                   0x08007d85         Code  Gb  cmain.o [5]
ADC_IRQHandler          0x08007e2d         Code  Wk  startup_stm32f407xx.o [1]
AHBPrescTable           0x20000170   0x10  Data  Gb  system_stm32f4xx.o [1]
APBAHBPrescTable        0x08005fc4   0x10  Data  Gb  stm32f4xx_hal_rcc.o [1]
BusFault_Handler        0x08007dd9         Code  Wk  startup_stm32f407xx.o [1]
CAN1_RX0_IRQHandler     0x08007e35         Code  Wk  startup_stm32f407xx.o [1]
CAN1_RX1_IRQHandler     0x08007e39         Code  Wk  startup_stm32f407xx.o [1]
CAN1_SCE_IRQHandler     0x08007e3d         Code  Wk  startup_stm32f407xx.o [1]
CAN1_TX_IRQHandler      0x08007e31         Code  Wk  startup_stm32f407xx.o [1]
CAN2_RX0_IRQHandler     0x08007ecd         Code  Wk  startup_stm32f407xx.o [1]
CAN2_RX1_IRQHandler     0x08007ed1         Code  Wk  startup_stm32f407xx.o [1]
CAN2_SCE_IRQHandler     0x08007ed5         Code  Wk  startup_stm32f407xx.o [1]
CAN2_TX_IRQHandler      0x08007ec9         Code  Wk  startup_stm32f407xx.o [1]
CDC_Control_FS          0x08007d0b    0x4  Code  Lc  usbd_cdc_if.o [1]
CDC_DeInit_FS           0x08007d07    0x4  Code  Lc  usbd_cdc_if.o [1]
CDC_Init_FS             0x08007ce9   0x1e  Code  Lc  usbd_cdc_if.o [1]
CDC_Receive_FS          0x08007d0f    0x4  Code  Lc  usbd_cdc_if.o [1]
CSTACK$$Base            0x20001528          --   Gb  - Linker created -
CSTACK$$Limit           0x20003528          --   Gb  - Linker created -
DCMI_IRQHandler         0x08007efd         Code  Wk  startup_stm32f407xx.o [1]
DMA1_Stream0_IRQHandler
                        0x08007e19         Code  Wk  startup_stm32f407xx.o [1]
DMA1_Stream1_IRQHandler
                        0x08007e1d         Code  Wk  startup_stm32f407xx.o [1]
DMA1_Stream2_IRQHandler
                        0x08007e21         Code  Wk  startup_stm32f407xx.o [1]
DMA1_Stream3_IRQHandler
                        0x08007e25         Code  Wk  startup_stm32f407xx.o [1]
DMA1_Stream4_IRQHandler
                        0x08007e29         Code  Wk  startup_stm32f407xx.o [1]
DMA1_Stream5_IRQHandler
                        0x08007b8d   0x12  Code  Gb  stm32f4xx_it.o [1]
DMA1_Stream6_IRQHandler
                        0x08007b37   0x12  Code  Gb  stm32f4xx_it.o [1]
DMA1_Stream7_IRQHandler
                        0x08007e91         Code  Wk  startup_stm32f407xx.o [1]
DMA2_Stream0_IRQHandler
                        0x08007eb1         Code  Wk  startup_stm32f407xx.o [1]
DMA2_Stream1_IRQHandler
                        0x08007eb5         Code  Wk  startup_stm32f407xx.o [1]
DMA2_Stream2_IRQHandler
                        0x08007b1f   0x12  Code  Gb  stm32f4xx_it.o [1]
DMA2_Stream3_IRQHandler
                        0x08007eb9         Code  Wk  startup_stm32f407xx.o [1]
DMA2_Stream4_IRQHandler
                        0x08007ebd         Code  Wk  startup_stm32f407xx.o [1]
DMA2_Stream5_IRQHandler
                        0x08007ed9         Code  Wk  startup_stm32f407xx.o [1]
DMA2_Stream6_IRQHandler
                        0x08007edd         Code  Wk  startup_stm32f407xx.o [1]
DMA2_Stream7_IRQHandler
                        0x08007b69   0x12  Code  Gb  stm32f4xx_it.o [1]
DebugMon_Handler        0x08007de5         Code  Wk  startup_stm32f407xx.o [1]
ETH_IRQHandler          0x08007ec1         Code  Wk  startup_stm32f407xx.o [1]
ETH_WKUP_IRQHandler     0x08007ec5         Code  Wk  startup_stm32f407xx.o [1]
EXTI0_IRQHandler        0x08007e05         Code  Wk  startup_stm32f407xx.o [1]
EXTI15_10_IRQHandler    0x08007e7d         Code  Wk  startup_stm32f407xx.o [1]
EXTI1_IRQHandler        0x08007e09         Code  Wk  startup_stm32f407xx.o [1]
EXTI2_IRQHandler        0x08007e0d         Code  Wk  startup_stm32f407xx.o [1]
EXTI3_IRQHandler        0x08007e11         Code  Wk  startup_stm32f407xx.o [1]
EXTI4_IRQHandler        0x08007e15         Code  Wk  startup_stm32f407xx.o [1]
EXTI9_5_IRQHandler      0x08007e41         Code  Wk  startup_stm32f407xx.o [1]
FLASH_IRQHandler        0x08007dfd         Code  Wk  startup_stm32f407xx.o [1]
FPU_IRQHandler          0x08007f05         Code  Wk  startup_stm32f407xx.o [1]
FSMC_IRQHandler         0x08007e95         Code  Wk  startup_stm32f407xx.o [1]
FS_Desc                 0x20000154   0x1c  Data  Gb  usbd_desc.o [1]
HAL_DMA_IRQHandler      0x08003275  0x8f0  Code  Gb  stm32f4xx_hal_dma.o [1]
HAL_DMA_Init            0x08003209   0x68  Code  Gb  stm32f4xx_hal_dma.o [1]
HAL_Delay               0x080051fb   0x18  Code  Wk  stm32f4xx_hal.o [1]
HAL_GPIO_Init           0x08004905  0x196  Code  Gb  stm32f4xx_hal_gpio.o [1]
HAL_GPIO_ReadPin        0x08004a9b    0xc  Code  Gb  stm32f4xx_hal_gpio.o [1]
HAL_GPIO_WritePin       0x08004aa7    0xa  Code  Gb  stm32f4xx_hal_gpio.o [1]
HAL_GetTick             0x080051f5    0x6  Code  Wk  stm32f4xx_hal.o [1]
HAL_I2C_Init            0x08005fd5   0xb4  Code  Gb  stm32f4xx_hal_i2c.o [1]
HAL_I2C_MspInit         0x080053ed   0x38  Code  Gb  i2c.o [1]
HAL_IncTick             0x080051eb    0xa  Code  Wk  stm32f4xx_hal.o [1]
HAL_Init                0x08005195   0x30  Code  Gb  stm32f4xx_hal.o [1]
HAL_InitTick            0x080051c7   0x24  Code  Wk  stm32f4xx_hal.o [1]
HAL_MspInit             0x080051c5    0x2  Code  Wk  stm32f4xx_hal.o [1]
HAL_NVIC_ClearPendingIRQ
                        0x08004b85    0x6  Code  Gb  stm32f4xx_hal_cortex.o [1]
HAL_NVIC_EnableIRQ      0x08004b4d    0x6  Code  Gb  stm32f4xx_hal_cortex.o [1]
HAL_NVIC_SetPriority    0x08004aff   0x4e  Code  Gb  stm32f4xx_hal_cortex.o [1]
HAL_NVIC_SetPriorityGrouping
                        0x08004ae5   0x1a  Code  Gb  stm32f4xx_hal_cortex.o [1]
HAL_PCDEx_SetRxFiFo     0x0800725b    0x8  Code  Gb  stm32f4xx_hal_pcd_ex.o [1]
HAL_PCDEx_SetTxFiFo     0x0800721f   0x3c  Code  Gb  stm32f4xx_hal_pcd_ex.o [1]
HAL_PCD_ConnectCallback
                        0x080065bb    0x8  Code  Gb  usbd_conf.o [1]
HAL_PCD_DataInStageCallback
                        0x08006563   0x10  Code  Gb  usbd_conf.o [1]
HAL_PCD_DataOutStageCallback
                        0x08006551   0x12  Code  Gb  usbd_conf.o [1]
HAL_PCD_DisconnectCallback
                        0x080065c3    0x8  Code  Gb  usbd_conf.o [1]
HAL_PCD_EP_Close        0x08007001   0x38  Code  Gb  stm32f4xx_hal_pcd.o [1]
HAL_PCD_EP_ClrStall     0x08007141   0x44  Code  Gb  stm32f4xx_hal_pcd.o [1]
HAL_PCD_EP_GetRxCount   0x0800707f   0x12  Code  Gb  stm32f4xx_hal_pcd.o [1]
HAL_PCD_EP_Open         0x08006fb5   0x4c  Code  Gb  stm32f4xx_hal_pcd.o [1]
HAL_PCD_EP_Receive      0x08007045   0x3a  Code  Gb  stm32f4xx_hal_pcd.o [1]
HAL_PCD_EP_SetStall     0x080070e9   0x58  Code  Gb  stm32f4xx_hal_pcd.o [1]
HAL_PCD_EP_Transmit     0x08007091   0x38  Code  Gb  stm32f4xx_hal_pcd.o [1]
HAL_PCD_IRQHandler      0x08006bcb  0x392  Code  Gb  stm32f4xx_hal_pcd.o [1]
HAL_PCD_ISOINIncompleteCallback
                        0x080065b3    0x8  Code  Gb  usbd_conf.o [1]
HAL_PCD_ISOOUTIncompleteCallback
                        0x080065ab    0x8  Code  Gb  usbd_conf.o [1]
HAL_PCD_Init            0x08006aff   0xa6  Code  Gb  stm32f4xx_hal_pcd.o [1]
HAL_PCD_MspInit         0x080064d9   0x6c  Code  Gb  usbd_conf.o [1]
HAL_PCD_ResetCallback   0x0800657b   0x20  Code  Gb  usbd_conf.o [1]
HAL_PCD_ResumeCallback  0x080065a3    0x8  Code  Gb  usbd_conf.o [1]
HAL_PCD_SOFCallback     0x08006573    0x8  Code  Gb  usbd_conf.o [1]
HAL_PCD_SetAddress      0x08006f91   0x1c  Code  Gb  stm32f4xx_hal_pcd.o [1]
HAL_PCD_SetupStageCallback
                        0x08006545    0xc  Code  Gb  usbd_conf.o [1]
HAL_PCD_Start           0x08006baf   0x1c  Code  Gb  stm32f4xx_hal_pcd.o [1]
HAL_PCD_SuspendCallback
                        0x0800659b    0x8  Code  Gb  usbd_conf.o [1]
HAL_RCC_ClockConfig     0x08005d69  0x17e  Code  Gb  stm32f4xx_hal_rcc.o [1]
HAL_RCC_EnableCSS       0x08005ef5    0x8  Code  Gb  stm32f4xx_hal_rcc.o [1]
HAL_RCC_GetHCLKFreq     0x08005f49   0x1e  Code  Gb  stm32f4xx_hal_rcc.o [1]
HAL_RCC_GetPCLK1Freq    0x08005f67   0x14  Code  Gb  stm32f4xx_hal_rcc.o [1]
HAL_RCC_GetPCLK2Freq    0x08005f7b   0x12  Code  Gb  stm32f4xx_hal_rcc.o [1]
HAL_RCC_GetSysClockFreq
                        0x08005efd   0x4c  Code  Gb  stm32f4xx_hal_rcc.o [1]
HAL_RCC_OscConfig       0x08005ae5  0x27c  Code  Gb  stm32f4xx_hal_rcc.o [1]
HAL_SYSTICK_Callback    0x080050a3   0x12  Code  Gb  main.o [1]
HAL_SYSTICK_Config      0x08004b63   0x22  Code  Gb  stm32f4xx_hal_cortex.o [1]
HAL_SYSTICK_IRQHandler  0x08004bad    0x8  Code  Gb  stm32f4xx_hal_cortex.o [1]
HAL_TIMEx_BreakCallback
                        0x08004903    0x2  Code  Wk  stm32f4xx_hal_tim_ex.o [1]
HAL_TIMEx_CommutationCallback
                        0x08004901    0x2  Code  Wk  stm32f4xx_hal_tim_ex.o [1]
HAL_TIMEx_ConfigBreakDeadTime
                        0x080048b9   0x38  Code  Gb  stm32f4xx_hal_tim_ex.o [1]
HAL_TIMEx_MasterConfigSynchronization
                        0x08004875   0x44  Code  Gb  stm32f4xx_hal_tim_ex.o [1]
HAL_TIM_Base_Init       0x08003bbd   0x18  Code  Gb  stm32f4xx_hal_tim.o [1]
HAL_TIM_Base_MspInit    0x0800475b   0x8a  Code  Gb  tim.o [1]
HAL_TIM_Base_Start_IT   0x08003bd5   0x16  Code  Gb  stm32f4xx_hal_tim.o [1]
HAL_TIM_ConfigClockSource
                        0x0800408d   0xba  Code  Gb  stm32f4xx_hal_tim.o [1]
HAL_TIM_Encoder_Init    0x08003d03   0x82  Code  Gb  stm32f4xx_hal_tim.o [1]
HAL_TIM_Encoder_MspInit
                        0x0800471b   0x40  Code  Gb  tim.o [1]
HAL_TIM_IC_CaptureCallback
                        0x08004851   0x16  Code  Gb  tim_handler.o [1]
HAL_TIM_IC_ConfigChannel
                        0x08003ed7   0xf4  Code  Gb  stm32f4xx_hal_tim.o [1]
HAL_TIM_IC_Init         0x08003c97   0x18  Code  Gb  stm32f4xx_hal_tim.o [1]
HAL_TIM_IC_MspInit      0x08003caf    0x2  Code  Wk  stm32f4xx_hal_tim.o [1]
HAL_TIM_IC_Start_IT     0x08003cb1    0xa  Code  Gb  stm32f4xx_hal_tim.o [1]
HAL_TIM_IRQHandler      0x08003d91  0x142  Code  Gb  stm32f4xx_hal_tim.o [1]
HAL_TIM_OC_DelayElapsedCallback
                        0x0800421f    0x2  Code  Wk  stm32f4xx_hal_tim.o [1]
HAL_TIM_OnePulse_Init   0x08003cc3   0x3e  Code  Gb  stm32f4xx_hal_tim.o [1]
HAL_TIM_OnePulse_MspInit
                        0x08003d01    0x2  Code  Wk  stm32f4xx_hal_tim.o [1]
HAL_TIM_PWM_ConfigChannel
                        0x08003fcb   0xc2  Code  Gb  stm32f4xx_hal_tim.o [1]
HAL_TIM_PWM_Init        0x08003c19   0x18  Code  Gb  stm32f4xx_hal_tim.o [1]
HAL_TIM_PWM_MspInit     0x080046e3   0x38  Code  Gb  tim.o [1]
HAL_TIM_PWM_PulseFinishedCallback
                        0x08004221    0x2  Code  Wk  stm32f4xx_hal_tim.o [1]
HAL_TIM_PWM_Start       0x08003c31   0x18  Code  Gb  stm32f4xx_hal_tim.o [1]
HAL_TIM_PeriodElapsedCallback
                        0x0800483d    0xe  Code  Gb  tim_handler.o [1]
HAL_TIM_ReadCapturedValue
                        0x080041dd   0x42  Code  Gb  stm32f4xx_hal_tim.o [1]
HAL_TIM_SlaveConfigSynchronization
                        0x0800415d   0x80  Code  Gb  stm32f4xx_hal_tim.o [1]
HAL_TIM_TriggerCallback
                        0x08004223    0x2  Code  Wk  stm32f4xx_hal_tim.o [1]
HAL_UART_ErrorCallback  0x08005827    0x2  Code  Wk  stm32f4xx_hal_uart.o [1]
HAL_UART_IRQHandler     0x08005773   0xb0  Code  Gb  stm32f4xx_hal_uart.o [1]
HAL_UART_Init           0x08005651   0x2a  Code  Gb  stm32f4xx_hal_uart.o [1]
HAL_UART_MspInit        0x0800545b  0x152  Code  Gb  usart.o [1]
HAL_UART_RxCpltCallback
                        0x08005825    0x2  Code  Wk  stm32f4xx_hal_uart.o [1]
HAL_UART_Transmit       0x080056af   0x9e  Code  Gb  stm32f4xx_hal_uart.o [1]
HAL_UART_TxCpltCallback
                        0x08005823    0x2  Code  Wk  stm32f4xx_hal_uart.o [1]
HASH_RNG_IRQHandler     0x08007f01         Code  Wk  startup_stm32f407xx.o [1]
HEAP$$Base              0x20003528          --   Gb  - Linker created -
HEAP$$Limit             0x20005528          --   Gb  - Linker created -
HardFault_Handler       0x08007dd1         Code  Wk  startup_stm32f407xx.o [1]
I2C1_ER_IRQHandler      0x08007e65         Code  Wk  startup_stm32f407xx.o [1]
I2C1_EV_IRQHandler      0x08007e61         Code  Wk  startup_stm32f407xx.o [1]
I2C2_ER_IRQHandler      0x08007e6d         Code  Wk  startup_stm32f407xx.o [1]
I2C2_EV_IRQHandler      0x08007e69         Code  Wk  startup_stm32f407xx.o [1]
I2C3_ER_IRQHandler      0x08007ee9         Code  Wk  startup_stm32f407xx.o [1]
I2C3_EV_IRQHandler      0x08007ee5         Code  Wk  startup_stm32f407xx.o [1]
MX_DMA_Init             0x08005355   0x68  Code  Gb  dma.o [1]
MX_GPIO_Init            0x0800521d   0xd6  Code  Gb  gpio.o [1]
MX_I2C2_Init            0x080053c9   0x24  Code  Gb  i2c.o [1]
MX_TIM11_Init           0x08004623   0x42  Code  Gb  tim.o [1]
MX_TIM12_Init           0x08004665   0x6c  Code  Gb  tim.o [1]
MX_TIM1_Init            0x08004541   0x60  Code  Gb  tim.o [1]
MX_TIM2_Init            0x080045a9    0xa  Code  Gb  tim.o [1]
MX_TIM3_Init            0x080045b3    0x6  Code  Gb  tim.o [1]
MX_TIM7_Init            0x080045f5   0x20  Code  Gb  tim.o [1]
MX_USART2_UART_Init     0x08005439    0x4  Code  Gb  usart.o [1]
MX_USB_DEVICE_Init      0x080055e5   0x38  Code  Gb  usb_device.o [1]
MemManage_Handler       0x08007dd5         Code  Wk  startup_stm32f407xx.o [1]
NMI_Handler             0x08007dcd         Code  Wk  startup_stm32f407xx.o [1]
OTG_FS_IRQHandler       0x08007b31    0x6  Code  Gb  stm32f4xx_it.o [1]
OTG_FS_WKUP_IRQHandler  0x08007b7b    0x4  Code  Gb  stm32f4xx_it.o [1]
OTG_HS_EP1_IN_IRQHandler
                        0x08007ef1         Code  Wk  startup_stm32f407xx.o [1]
OTG_HS_EP1_OUT_IRQHandler
                        0x08007eed         Code  Wk  startup_stm32f407xx.o [1]
OTG_HS_IRQHandler       0x08007ef9         Code  Wk  startup_stm32f407xx.o [1]
OTG_HS_WKUP_IRQHandler  0x08007ef5         Code  Wk  startup_stm32f407xx.o [1]
PCD_WriteEmptyTxFifo    0x08007185   0x9a  Code  Lc  stm32f4xx_hal_pcd.o [1]
PVD_IRQHandler          0x08007df1         Code  Wk  startup_stm32f407xx.o [1]
PendSV_Handler          0x08007de9         Code  Wk  startup_stm32f407xx.o [1]
RCC_IRQHandler          0x08007e01         Code  Wk  startup_stm32f407xx.o [1]
RTC_Alarm_IRQHandler    0x08007e81         Code  Wk  startup_stm32f407xx.o [1]
RTC_WKUP_IRQHandler     0x08007df9         Code  Wk  startup_stm32f407xx.o [1]
Region$$Table$$Base     0x08007d44          --   Gb  - Linker created -
Region$$Table$$Limit    0x08007d68          --   Gb  - Linker created -
Reset_Handler           0x08007db1         Code  Wk  startup_stm32f407xx.o [1]
SDIO_IRQHandler         0x08007e99         Code  Wk  startup_stm32f407xx.o [1]
SPI1_IRQHandler         0x08007e71         Code  Wk  startup_stm32f407xx.o [1]
SPI2_IRQHandler         0x08007e75         Code  Wk  startup_stm32f407xx.o [1]
SPI3_IRQHandler         0x08007ea1         Code  Wk  startup_stm32f407xx.o [1]
SVC_Handler             0x08007de1         Code  Wk  startup_stm32f407xx.o [1]
SysTick_Handler         0x08007b49    0xe  Code  Gb  stm32f4xx_it.o [1]
SystemClock_Config      0x0800503b   0x68  Code  Gb  main.o [1]
SystemCoreClock         0x20000180    0x4  Data  Gb  system_stm32f4xx.o [1]
SystemInit              0x08007c99   0x3a  Code  Gb  system_stm32f4xx.o [1]
TAMP_STAMP_IRQHandler   0x08007df5         Code  Wk  startup_stm32f407xx.o [1]
TIM1_BRK_TIM9_IRQHandler
                        0x08007e45         Code  Wk  startup_stm32f407xx.o [1]
TIM1_CC_IRQHandler      0x08007e51         Code  Wk  startup_stm32f407xx.o [1]
TIM1_TRG_COM_TIM11_IRQHandler
                        0x08007e4d         Code  Wk  startup_stm32f407xx.o [1]
TIM1_UP_TIM10_IRQHandler
                        0x08007e49         Code  Wk  startup_stm32f407xx.o [1]
TIM2_IRQHandler         0x08007e55         Code  Wk  startup_stm32f407xx.o [1]
TIM3_IRQHandler         0x08007e59         Code  Wk  startup_stm32f407xx.o [1]
TIM4_IRQHandler         0x08007e5d         Code  Wk  startup_stm32f407xx.o [1]
TIM5_IRQHandler         0x08007e9d         Code  Wk  startup_stm32f407xx.o [1]
TIM6_DAC_IRQHandler     0x08007ead         Code  Wk  startup_stm32f407xx.o [1]
TIM7_IRQHandler         0x08007b57   0x12  Code  Gb  stm32f4xx_it.o [1]
TIM8_BRK_TIM12_IRQHandler
                        0x08007b0d   0x12  Code  Gb  stm32f4xx_it.o [1]
TIM8_CC_IRQHandler      0x08007e8d         Code  Wk  startup_stm32f407xx.o [1]
TIM8_TRG_COM_TIM14_IRQHandler
                        0x08007e89         Code  Wk  startup_stm32f407xx.o [1]
TIM8_UP_TIM13_IRQHandler
                        0x08007e85         Code  Wk  startup_stm32f407xx.o [1]
TIM_Base_SetConfig      0x08004225   0x90  Code  Gb  stm32f4xx_hal_tim.o [1]
TIM_CCxChannelCmd       0x08004527   0x18  Code  Gb  stm32f4xx_hal_tim.o [1]
TIM_ETR_SetConfig       0x08004513   0x14  Code  Lc  stm32f4xx_hal_tim.o [1]
TIM_ITRx_SetConfig      0x08004503   0x10  Code  Lc  stm32f4xx_hal_tim.o [1]
TIM_OC1_SetConfig       0x080042b5   0x50  Code  Lc  stm32f4xx_hal_tim.o [1]
TIM_OC2_SetConfig       0x08004309   0x58  Code  Gb  stm32f4xx_hal_tim.o [1]
TIM_OC3_SetConfig       0x08004365   0x56  Code  Lc  stm32f4xx_hal_tim.o [1]
TIM_OC4_SetConfig       0x080043bb   0x46  Code  Lc  stm32f4xx_hal_tim.o [1]
TIM_TI1_ConfigInputStage
                        0x08004491   0x22  Code  Lc  stm32f4xx_hal_tim.o [1]
TIM_TI1_SetConfig       0x08004401   0x5e  Code  Gb  stm32f4xx_hal_tim.o [1]
TIM_TI2_ConfigInputStage
                        0x080044df   0x24  Code  Lc  stm32f4xx_hal_tim.o [1]
TIM_TI2_SetConfig       0x080044b3   0x2c  Code  Lc  stm32f4xx_hal_tim.o [1]
UART4_IRQHandler        0x08007ea5         Code  Wk  startup_stm32f407xx.o [1]
UART5_IRQHandler        0x08007ea9         Code  Wk  startup_stm32f407xx.o [1]
UART_Receive_IT         0x08005945   0x84  Code  Lc  stm32f4xx_hal_uart.o [1]
UART_SetConfig          0x080059c9   0xe0  Code  Lc  stm32f4xx_hal_uart.o [1]
UART_Transmit_IT        0x080058b3   0x92  Code  Lc  stm32f4xx_hal_uart.o [1]
UART_WaitOnFlagUntilTimeout
                        0x08005829   0x8a  Code  Lc  stm32f4xx_hal_uart.o [1]
USART1_IRQHandler       0x08007bb1   0x12  Code  Gb  stm32f4xx_it.o [1]
USART2_IRQHandler       0x08007b9f   0x12  Code  Gb  stm32f4xx_it.o [1]
USART3_IRQHandler       0x08007e79         Code  Wk  startup_stm32f407xx.o [1]
USART6_IRQHandler       0x08007ee1         Code  Wk  startup_stm32f407xx.o [1]
USBD_CDC                0x2000011c   0x38  Data  Gb  usbd_cdc.o [1]
USBD_CDC_CfgFSDesc      0x20000094   0x44  Data  Gb  usbd_cdc.o [1]
USBD_CDC_CfgHSDesc      0x20000050   0x44  Data  Gb  usbd_cdc.o [1]
USBD_CDC_DataIn         0x0800640d   0x14  Code  Lc  usbd_cdc.o [1]
USBD_CDC_DataOut        0x08006421   0x2e  Code  Lc  usbd_cdc.o [1]
USBD_CDC_DeInit         0x08006379   0x3a  Code  Lc  usbd_cdc.o [1]
USBD_CDC_DeviceQualifierDesc
                        0x200001a8    0xc  Data  Lc  usbd_cdc.o [1]
USBD_CDC_EP0_RxReady    0x0800644f   0x2c  Code  Lc  usbd_cdc.o [1]
USBD_CDC_GetDeviceQualifierDescriptor
                        0x08006493    0x8  Code  Gb  usbd_cdc.o [1]
USBD_CDC_GetFSCfgDesc   0x0800647b    0x8  Code  Lc  usbd_cdc.o [1]
USBD_CDC_GetHSCfgDesc   0x08006483    0x8  Code  Lc  usbd_cdc.o [1]
USBD_CDC_GetOtherSpeedCfgDesc
                        0x0800648b    0x8  Code  Lc  usbd_cdc.o [1]
USBD_CDC_Init           0x080062f9   0x76  Code  Lc  usbd_cdc.o [1]
USBD_CDC_OtherSpeedCfgDesc
                        0x200000d8   0x44  Data  Gb  usbd_cdc.o [1]
USBD_CDC_RegisterInterface
                        0x080064ad    0xe  Code  Gb  usbd_cdc.o [1]
USBD_CDC_SetRxBuffer    0x080064cb    0xc  Code  Gb  usbd_cdc.o [1]
USBD_CDC_SetTxBuffer    0x080064bb   0x10  Code  Gb  usbd_cdc.o [1]
USBD_CDC_Setup          0x080063b3   0x5a  Code  Lc  usbd_cdc.o [1]
USBD_ClrClassConfig     0x080060ff    0xa  Code  Gb  usbd_core.o [1]
USBD_CtlContinueRx      0x08006acf    0x2  Code  Gb  usbd_ioreq.o [1]
USBD_CtlContinueSendData
                        0x08006aad    0x2  Code  Gb  usbd_ioreq.o [1]
USBD_CtlError           0x08006a45   0x16  Code  Gb  usbd_ctlreq.o [1]
USBD_CtlPrepareRx       0x08006abd   0x12  Code  Gb  usbd_ioreq.o [1]
USBD_CtlReceiveStatus   0x08006ae9    0xa  Code  Gb  usbd_ioreq.o [1]
USBD_CtlSendData        0x08006a9f    0xe  Code  Gb  usbd_ioreq.o [1]
USBD_CtlSendStatus      0x08006adf    0xa  Code  Gb  usbd_ioreq.o [1]
USBD_FS_ConfigStrDescriptor
                        0x08007c21    0xa  Code  Gb  usbd_desc.o [1]
USBD_FS_DeviceDesc      0x20000184   0x14  Data  Gb  usbd_desc.o [1]
USBD_FS_DeviceDescriptor
                        0x08007be9    0x8  Code  Gb  usbd_desc.o [1]
USBD_FS_InterfaceStrDescriptor
                        0x08007c2b    0xa  Code  Gb  usbd_desc.o [1]
USBD_FS_LangIDStrDescriptor
                        0x08007bf1    0x8  Code  Gb  usbd_desc.o [1]
USBD_FS_ManufacturerStrDescriptor
                        0x08007c03    0x8  Code  Gb  usbd_desc.o [1]
USBD_FS_ProductStrDescriptor
                        0x08007bf9    0xa  Code  Gb  usbd_desc.o [1]
USBD_FS_SerialStrDescriptor
                        0x08007c17    0xa  Code  Gb  usbd_desc.o [1]
USBD_GetDescriptor      0x080068a5   0xea  Code  Lc  usbd_ctlreq.o [1]
USBD_GetString          0x08006a5b   0x44  Code  Gb  usbd_ctlreq.o [1]
USBD_Init               0x080060a5   0x2a  Code  Gb  usbd_core.o [1]
USBD_Interface_fops_FS  0x20000198   0x10  Data  Gb  usbd_cdc_if.o [1]
USBD_LL_ClearStallEP    0x08006673    0xe  Code  Gb  usbd_conf.o [1]
USBD_LL_CloseEP         0x08006657    0xe  Code  Gb  usbd_conf.o [1]
USBD_LL_DataInStage     0x080061c7   0x90  Code  Gb  usbd_core.o [1]
USBD_LL_DataOutStage    0x08006161   0x66  Code  Gb  usbd_core.o [1]
USBD_LL_DevConnected    0x080062db    0x4  Code  Gb  usbd_core.o [1]
USBD_LL_DevDisconnected
                        0x080062df   0x12  Code  Gb  usbd_core.o [1]
USBD_LL_GetRxDataSize   0x080066c9    0x8  Code  Gb  usbd_conf.o [1]
USBD_LL_Init            0x080065cb   0x5e  Code  Gb  usbd_conf.o [1]
USBD_LL_IsStallEP       0x08006681   0x1e  Code  Gb  usbd_conf.o [1]
USBD_LL_IsoINIncomplete
                        0x080062d3    0x4  Code  Gb  usbd_core.o [1]
USBD_LL_IsoOUTIncomplete
                        0x080062d7    0x4  Code  Gb  usbd_core.o [1]
USBD_LL_OpenEP          0x08006643   0x14  Code  Gb  usbd_conf.o [1]
USBD_LL_PrepareReceive  0x080066bb    0xe  Code  Gb  usbd_conf.o [1]
USBD_LL_Reset           0x08006257   0x42  Code  Gb  usbd_core.o [1]
USBD_LL_Resume          0x080062ab    0x4  Code  Gb  usbd_core.o [1]
USBD_LL_SOF             0x080062b7   0x1c  Code  Gb  usbd_core.o [1]
USBD_LL_SetSpeed        0x08006299    0x6  Code  Gb  usbd_core.o [1]
USBD_LL_SetUSBAddress   0x0800669f    0xe  Code  Gb  usbd_conf.o [1]
USBD_LL_SetupStage      0x08006109   0x58  Code  Gb  usbd_core.o [1]
USBD_LL_StallEP         0x08006665    0xe  Code  Gb  usbd_conf.o [1]
USBD_LL_Start           0x08006635    0xe  Code  Gb  usbd_conf.o [1]
USBD_LL_Suspend         0x0800629f    0xc  Code  Gb  usbd_core.o [1]
USBD_LL_Transmit        0x080066ad    0xe  Code  Gb  usbd_conf.o [1]
USBD_LangIDDesc         0x200001b4    0x4  Data  Gb  usbd_desc.o [1]
USBD_ParseSetupRequest  0x08006a1d   0x28  Code  Gb  usbd_ctlreq.o [1]
USBD_RegisterClass      0x080060cf   0x10  Code  Gb  usbd_core.o [1]
USBD_SetClassConfig     0x080060e9   0x16  Code  Gb  usbd_core.o [1]
USBD_SetConfig          0x0800699d   0x7c  Code  Lc  usbd_ctlreq.o [1]
USBD_Start              0x080060df    0xa  Code  Gb  usbd_core.o [1]
USBD_StdDevReq          0x080066d1   0xdc  Code  Gb  usbd_ctlreq.o [1]
USBD_StdEPReq           0x080067e5   0xbe  Code  Gb  usbd_ctlreq.o [1]
USBD_StdItfReq          0x080067ad   0x32  Code  Gb  usbd_ctlreq.o [1]
USBD_StrDesc            0x20000b90  0x200  Data  Gb  usbd_desc.o [1]
USB_ActivateEndpoint    0x0800749f   0x78  Code  Gb  stm32f4xx_ll_usb.o [1]
USB_ActivateSetup       0x08007a69   0x2e  Code  Gb  stm32f4xx_ll_usb.o [1]
USB_CoreInit            0x08007265   0x6e  Code  Gb  stm32f4xx_ll_usb.o [1]
USB_CoreReset           0x08007ac7   0x2a  Code  Lc  stm32f4xx_ll_usb.o [1]
USB_DeactivateEndpoint  0x08007517   0x62  Code  Gb  stm32f4xx_ll_usb.o [1]
USB_DevConnect          0x080079e1    0xe  Code  Gb  stm32f4xx_ll_usb.o [1]
USB_DevDisconnect       0x080079ef    0xc  Code  Gb  stm32f4xx_ll_usb.o [1]
USB_DevInit             0x0800730d  0x120  Code  Gb  stm32f4xx_ll_usb.o [1]
USB_DisableGlobalInt    0x080072db    0x6  Code  Gb  stm32f4xx_ll_usb.o [1]
USB_EP0StartXfer        0x08007793  0x134  Code  Gb  stm32f4xx_ll_usb.o [1]
USB_EP0_OutStart        0x08007a97   0x30  Code  Gb  stm32f4xx_ll_usb.o [1]
USB_EPClearStall        0x0800796b   0x5a  Code  Gb  stm32f4xx_ll_usb.o [1]
USB_EPSetStall          0x0800791d   0x4e  Code  Gb  stm32f4xx_ll_usb.o [1]
USB_EPStartXfer         0x08007579  0x21a  Code  Gb  stm32f4xx_ll_usb.o [1]
USB_EnableGlobalInt     0x080072d3    0x8  Code  Gb  stm32f4xx_ll_usb.o [1]
USB_FlushRxFifo         0x0800744b   0x1a  Code  Gb  stm32f4xx_ll_usb.o [1]
USB_FlushTxFifo         0x0800742d   0x1e  Code  Gb  stm32f4xx_ll_usb.o [1]
USB_GetDevSpeed         0x0800746b   0x34  Code  Gb  stm32f4xx_ll_usb.o [1]
USB_GetMode             0x08007a61    0x8  Code  Gb  stm32f4xx_ll_usb.o [1]
USB_ReadDevAllInEpInterrupt
                        0x08007a1d    0xe  Code  Gb  stm32f4xx_ll_usb.o [1]
USB_ReadDevAllOutEpInterrupt
                        0x08007a0f    0xe  Code  Gb  stm32f4xx_ll_usb.o [1]
USB_ReadDevInEPInterrupt
                        0x08007a3f   0x22  Code  Gb  stm32f4xx_ll_usb.o [1]
USB_ReadDevOutEPInterrupt
                        0x08007a2b   0x14  Code  Gb  stm32f4xx_ll_usb.o [1]
USB_ReadInterrupts      0x08007a07    0x8  Code  Gb  stm32f4xx_ll_usb.o [1]
USB_ReadPacket          0x080078f9   0x24  Code  Gb  stm32f4xx_ll_usb.o [1]
USB_SetCurrentMode      0x080072e7   0x26  Code  Gb  stm32f4xx_ll_usb.o [1]
USB_SetDevAddress       0x080079c5   0x12  Code  Gb  stm32f4xx_ll_usb.o [1]
USB_SetDevSpeed         0x08007465    0x6  Code  Gb  stm32f4xx_ll_usb.o [1]
USB_WritePacket         0x080078cd   0x2c  Code  Gb  stm32f4xx_ll_usb.o [1]
UsageFault_Handler      0x08007ddd         Code  Wk  startup_stm32f407xx.o [1]
UserRxBuffer            0x200001bc  0x200  Data  Gb  usbd_cdc_if.o [1]
UserTxBuffer            0x200003bc  0x200  Data  Gb  usbd_cdc_if.o [1]
WWDG_IRQHandler         0x08007ded         Code  Wk  startup_stm32f407xx.o [1]
_EncodingSb_Mbtowc      0x080030e7   0x30  Code  Gb  xencoding_sb.o [3]
_EncodingSb_Wctomb      0x080030cd   0x1a  Code  Gb  xencoding_sb.o [3]
_GenldFull              0x08002381  0x24e  Code  Lc  xprintffull.o [3]
_IsdstStr               0x200010a8    0x4  Data  Gb  setlocale.o [3]
_LdtobFull              0x08001f81  0x3fa  Code  Lc  xprintffull.o [3]
_LitobFull              0x08001e6b  0x10e  Code  Lc  xprintffull.o [3]
_LocaleEncoding         0x080030b9    0xe  Code  Gb  setlocale.o [3]
_LocaleReturnString     0x200010c8   0x50  Data  Lc  setlocale.o [3]
_Locale_Profile         0x200010ac   0x1c  Data  Gb  setlocale.o [3]
_Locale_lconv           0x20000000   0x50  Data  Gb  localeconv.o [3]
_Mbtowc                 0x08002617   0x20  Code  Gb  xmbtowc.o [3]
_PrintfFull             0x080015bd  0x5c0  Code  Gb  xprintffull.o [3]
_PutcharsFull           0x080025cf   0x2e  Code  Lc  xprintffull.o [3]
_PutstrFull             0x08001b93  0x2d2  Code  Lc  xprintffull.o [3]
_SProut                 0x0800266f    0xa  Code  Gb  xsprout.o [3]
_TzoneStr               0x200010a4    0x4  Data  Gb  setlocale.o [3]
_Wctomb                 0x08002713   0x1a  Code  Gb  xwctomb.o [3]
__aeabi_cdcmple         0x080028d5         Code  Gb  DblCmpLe.o [4]
__aeabi_cdrcmple        0x08002905         Code  Gb  DblCmpGe.o [4]
__aeabi_d2iz            0x08002a49         Code  Gb  DblToI32.o [4]
__aeabi_d2uiz           0x08002a75         Code  Gb  DblToI32.o [4]
__aeabi_ddiv            0x08002df5         Code  Gb  DblDiv.o [4]
__aeabi_dmul            0x08002c51         Code  Gb  DblMul.o [4]
__aeabi_dsub            0x08002ad1         Code  Gb  DblSub.o [4]
__aeabi_i2d             0x08002aa1         Code  Gb  I32ToDbl.o [4]
__aeabi_ldiv0           0x0800312d         Code  Gb  I64DivZer.o [5]
__aeabi_memcpy          0x0800272d         Code  Gb  ABImemcpy.o [5]
__aeabi_memcpy4         0x0800274d         Code  Gb  ABImemcpy.o [5]
__aeabi_memcpy8         0x0800274d         Code  Gb  ABImemcpy.o [5]
__aeabi_ui2d            0x08002ab5         Code  Gb  I32ToDbl.o [4]
__aeabi_uldivmod        0x080027a5         Code  Gb  I64DivMod.o [5]
__cmain                 0x08007d85         Code  Gb  cmain.o [5]
__data_GetMemChunk      0x08001581   0x28  Code  Gb  xgetmemchunk.o [3]
__exit                  0x080015a9   0x14  Code  Gb  exit.o [6]
__iar_Dnorm             0x08002893   0x42  Code  Gb  xdnorm.o [4]
__iar_Dscale            0x08002935  0x114  Code  Gb  xdscale.o [4]
__iar_Locale_lconv_init
                        0x0800303d   0x3a  Code  Gb  localeconv.o [3]
__iar_Mbcurmax          0x08002709    0xa  Code  Gb  xmbcurmax.o [3]
__iar_Memchr            0x080026b1         Code  Gb  memchr.o [5]
__iar_Strchr            0x08002659         Code  Gb  strchr.o [5]
__iar_copy_init3        0x08001553   0x2e  Code  Gb  copy_init3.o [5]
__iar_d2uiz             0x08002a81         Code  Gb  DblToI32.o [4]
__iar_dadd              0x08003131         Code  Gb  DblAdd.o [4]
__iar_data_init3        0x08007d1d   0x28  Code  Gb  data_init3.o [5]
__iar_dlfree            0x0800105d  0x4e8  Code  Gb  dlmalloc.o [3]
__iar_dlib_perthread_access
                        0x08003205    0x2  Code  Gb  xtls.o [3]
__iar_dlmalloc          0x08000dc5  0x298  Code  Gb  dlmalloc.o [3]
__iar_dsub              0x08002ae5         Code  Gb  DblSub.o [4]
__iar_dsubStart         0x08002af7         Code  Gb  DblSub.o [4]
__iar_init_vfp          0x08007d69         Code  Gb  fpinit_M.o [4]
__iar_program_start     0x08007dc1         Code  Gb  cstartup_M.o [5]
__iar_ui2d              0x08002ab9         Code  Gb  I32ToDbl.o [4]
__iar_zero_init3        0x08002637   0x22  Code  Gb  zero_init3.o [5]
__low_level_init        0x08007d9b    0x4  Code  Gb  low_level_init.o [3]
__vector_table          0x08000000         Data  Gb  startup_stm32f407xx.o [1]
_call_main              0x08007d91         Code  Gb  cmain.o [5]
_exit                   0x08007da5         Code  Gb  cexit.o [5]
_gm_                    0x20000d90  0x1d4  Data  Lc  dlmalloc.o [3]
_main                   0x08007d97         Code  Gb  cmain.o [5]
abort                   0x0800154d    0x6  Code  Gb  abort.o [3]
add_segment             0x08000509  0x1f8  Code  Lc  dlmalloc.o [3]
buf                     0x20001120  0x100  Data  Gb  main.o [1]
cycle                   0x20001495    0x1  Data  Lc  leds_handler.o [1]
danger_rad_mm           0x20001278    0x4  Data  Lc  sonar_handler.o [1]
div                     0x080030a9    0xe  Code  Gb  div.o [3]
echoTIM                 0x20001270    0x4  Data  Lc  sonar_handler.o [1]
exit                    0x08007d9f    0x4  Code  Gb  exit.o [3]
getButton1State         0x08005acb    0x6  Code  Gb  button_handler.o [1]
getButton2State         0x08005ad1    0x4  Code  Gb  button_handler.o [1]
getButtonDiscState      0x08005ab5   0x16  Code  Gb  button_handler.o [1]
getSonarEchoTIM         0x08004e0f    0x6  Code  Gb  sonar_handler.o [1]
green                   0x20001220    0x4  Data  Lc  sonar_handler.o [1]
hUsbDeviceFS            0x2000096c  0x224  Data  Gb  usb_device.o [1]
hUsbDevice_0            0x200001b8    0x4  Data  Gb  usbd_cdc_if.o [1]
hdma_usart1_rx          0x20000f64   0x50  Data  Gb  usart.o [1]
hdma_usart1_tx          0x20000fb4   0x50  Data  Gb  usart.o [1]
hdma_usart2_rx          0x20001004   0x50  Data  Gb  usart.o [1]
hdma_usart2_tx          0x20001054   0x50  Data  Gb  usart.o [1]
hi2c2                   0x2000145c   0x38  Data  Gb  i2c.o [1]
hpcd_USB_OTG_FS         0x200005bc  0x3b0  Data  Gb  usbd_conf.o [1]
htim1                   0x2000127c   0x3c  Data  Gb  tim.o [1]
htim11                  0x2000136c   0x3c  Data  Gb  tim.o [1]
htim12                  0x200013a8   0x3c  Data  Gb  tim.o [1]
htim2                   0x200012b8   0x3c  Data  Gb  tim.o [1]
htim3                   0x200012f4   0x3c  Data  Gb  tim.o [1]
htim7                   0x20001330   0x3c  Data  Gb  tim.o [1]
huart1                  0x200013e4   0x3c  Data  Gb  usart.o [1]
huart2                  0x20001420   0x3c  Data  Gb  usart.o [1]
initRgbLeds             0x08004bb5   0x28  Code  Gb  leds_handler.o [1]
initSonars              0x08004dbd   0x52  Code  Gb  sonar_handler.o [1]
init_mparams            0x08000189   0x34  Code  Lc  dlmalloc.o [3]
init_top                0x080001bd   0x34  Code  Lc  dlmalloc.o [3]
last_range_mm           0x20001268    0x4  Data  Lc  sonar_handler.o [1]
led_B_vals              0x200014b8   0x10  Data  Lc  leds_handler.o [1]
led_G_vals              0x200014a8   0x10  Data  Lc  leds_handler.o [1]
led_R_vals              0x20001498   0x10  Data  Lc  leds_handler.o [1]
led_upd_count           0x20001494    0x1  Data  Lc  leds_handler.o [1]
localeconv              0x08003077   0x16  Code  Gb  localeconv.o [3]
main                    0x08004f35  0x106  Code  Gb  main.o [1]
memchr                  0x080026b1         Code  Gb  memchr.o [5]
mparams                 0x200014f8   0x18  Data  Lc  dlmalloc.o [3]
onNewMeasureReceived    0x08004ebd   0x60  Code  Gb  sonar_handler.o [1]
on_RGB_led_timer_timeout
                        0x08004c5d  0x140  Code  Gb  leds_handler.o [1]
prepend_alloc           0x080001f1  0x318  Code  Lc  dlmalloc.o [3]
pulseSonar              0x08004e15   0x84  Code  Gb  sonar_handler.o [1]
pulseTIM                0x2000126c    0x4  Data  Lc  sonar_handler.o [1]
red                     0x20001514    0x4  Data  Lc  sonar_handler.o [1]
resetRgbLeds            0x080050e9   0xac  Code  Gb  leds_handler.o [1]
setK_pinState           0x08004bdd   0x60  Code  Gb  leds_handler.o [1]
setLedColor             0x08004c3d   0x1e  Code  Gb  leds_handler.o [1]
sonar_active            0x20001224    0x1  Data  Lc  sonar_handler.o [1]
sonar_mm_vec            0x20001228   0x40  Data  Gb  sonar_handler.o [1]
sprintf                 0x0800561d   0x34  Code  Gb  sprintf.o [3]
strchr                  0x08002659         Code  Gb  strchr.o [5]
strlen                  0x08002679         Code  Gb  strlen.o [5]
sys_alloc               0x08000707  0x13c  Code  Lc  dlmalloc.o [3]
ticks                   0x20001118    0x8  Data  Lc  main.o [1]
tmalloc_large           0x08000843  0x376  Code  Lc  dlmalloc.o [3]
tmalloc_small           0x08000bb9  0x1f8  Code  Lc  dlmalloc.o [3]
upd_led_B_vals          0x200014c8   0x10  Data  Lc  leds_handler.o [1]
upd_led_G_vals          0x200014e8   0x10  Data  Lc  leds_handler.o [1]
upd_led_R_vals          0x200014d8   0x10  Data  Lc  leds_handler.o [1]
uwTick                  0x20001518    0x4  Data  Lc  stm32f4xx_hal.o [1]
warning_rad_mm          0x20001274    0x4  Data  Lc  sonar_handler.o [1]
yellow                  0x20001510    0x4  Data  Lc  sonar_handler.o [1]


[1] = C:\devel\GitHub\RoboDiscovery-F4\Firmware\Projects\EWARM\Sonar-Module Configuration\Obj
[2] = command line
[3] = dl7M_tlf.a
[4] = m7M_tlv.a
[5] = rt7M_tl.a
[6] = shb_l.a

  32 484 bytes of readonly  code memory
     476 bytes of readonly  data memory
  21 793 bytes of readwrite data memory

Errors: none
Warnings: none
