Product: MDK-ARM Lite 5.10
Component: ARM Compiler 5.04 update 1 (build 49)
Tool: armlink [5040049]

==============================================================================

Section Cross References

    startup_stm32f407xx.o(RESET) refers to startup_stm32f407xx.o(STACK) for __initial_sp
    startup_stm32f407xx.o(RESET) refers to startup_stm32f407xx.o(.text) for Reset_Handler
    startup_stm32f407xx.o(RESET) refers to stm32f4xx_it.o(i.SysTick_Handler) for SysTick_Handler
    startup_stm32f407xx.o(RESET) refers to stm32f4xx_it.o(i.DMA1_Stream5_IRQHandler) for DMA1_Stream5_IRQHandler
    startup_stm32f407xx.o(RESET) refers to stm32f4xx_it.o(i.DMA1_Stream6_IRQHandler) for DMA1_Stream6_IRQHandler
    startup_stm32f407xx.o(RESET) refers to stm32f4xx_it.o(i.USART1_IRQHandler) for USART1_IRQHandler
    startup_stm32f407xx.o(RESET) refers to stm32f4xx_it.o(i.USART2_IRQHandler) for USART2_IRQHandler
    startup_stm32f407xx.o(RESET) refers to stm32f4xx_it.o(i.OTG_FS_WKUP_IRQHandler) for OTG_FS_WKUP_IRQHandler
    startup_stm32f407xx.o(RESET) refers to stm32f4xx_it.o(i.TIM7_IRQHandler) for TIM7_IRQHandler
    startup_stm32f407xx.o(RESET) refers to stm32f4xx_it.o(i.DMA2_Stream2_IRQHandler) for DMA2_Stream2_IRQHandler
    startup_stm32f407xx.o(RESET) refers to stm32f4xx_it.o(i.OTG_FS_IRQHandler) for OTG_FS_IRQHandler
    startup_stm32f407xx.o(RESET) refers to stm32f4xx_it.o(i.DMA2_Stream7_IRQHandler) for DMA2_Stream7_IRQHandler
    startup_stm32f407xx.o(.text) refers to system_stm32f4xx.o(i.SystemInit) for SystemInit
    startup_stm32f407xx.o(.text) refers to entry.o(.ARM.Collect$$$$00000000) for __main
    dma.o(i.MX_DMA_Init) refers to stm32f4xx_hal_cortex.o(i.HAL_NVIC_SetPriorityGrouping) for HAL_NVIC_SetPriorityGrouping
    dma.o(i.MX_DMA_Init) refers to stm32f4xx_hal_cortex.o(i.HAL_NVIC_SetPriority) for HAL_NVIC_SetPriority
    dma.o(i.MX_DMA_Init) refers to stm32f4xx_hal_cortex.o(i.HAL_NVIC_EnableIRQ) for HAL_NVIC_EnableIRQ
    gpio.o(i.MX_GPIO_Init) refers to stm32f4xx_hal_gpio.o(i.HAL_GPIO_Init) for HAL_GPIO_Init
    i2c.o(i.HAL_I2C_MspDeInit) refers to stm32f4xx_hal_gpio.o(i.HAL_GPIO_DeInit) for HAL_GPIO_DeInit
    i2c.o(i.HAL_I2C_MspInit) refers to stm32f4xx_hal_gpio.o(i.HAL_GPIO_Init) for HAL_GPIO_Init
    i2c.o(i.MX_I2C2_Init) refers to stm32f4xx_hal_i2c.o(i.HAL_I2C_Init) for HAL_I2C_Init
    i2c.o(i.MX_I2C2_Init) refers to i2c.o(.bss) for .bss
    main.o(i.HAL_TIM_IC_CaptureCallback) refers to stm32f4xx_hal_tim.o(i.HAL_TIM_ReadCapturedValue) for HAL_TIM_ReadCapturedValue
    main.o(i.HAL_TIM_IC_CaptureCallback) refers to stm32f4xx_hal_gpio.o(i.HAL_GPIO_TogglePin) for HAL_GPIO_TogglePin
    main.o(i.HAL_TIM_IC_CaptureCallback) refers to main.o(.data) for .data
    main.o(i.SystemClock_Config) refers to stm32f4xx_hal_rcc.o(i.HAL_RCC_OscConfig) for HAL_RCC_OscConfig
    main.o(i.SystemClock_Config) refers to stm32f4xx_hal_rcc.o(i.HAL_RCC_ClockConfig) for HAL_RCC_ClockConfig
    main.o(i.main) refers to stm32f4xx_hal.o(i.HAL_Init) for HAL_Init
    main.o(i.main) refers to main.o(i.SystemClock_Config) for SystemClock_Config
    main.o(i.main) refers to stm32f4xx_hal_cortex.o(i.HAL_NVIC_SetPriorityGrouping) for HAL_NVIC_SetPriorityGrouping
    main.o(i.main) refers to stm32f4xx_hal_cortex.o(i.HAL_NVIC_SetPriority) for HAL_NVIC_SetPriority
    main.o(i.main) refers to gpio.o(i.MX_GPIO_Init) for MX_GPIO_Init
    main.o(i.main) refers to dma.o(i.MX_DMA_Init) for MX_DMA_Init
    main.o(i.main) refers to i2c.o(i.MX_I2C2_Init) for MX_I2C2_Init
    main.o(i.main) refers to tim.o(i.MX_TIM1_Init) for MX_TIM1_Init
    main.o(i.main) refers to tim.o(i.MX_TIM2_Init) for MX_TIM2_Init
    main.o(i.main) refers to tim.o(i.MX_TIM3_Init) for MX_TIM3_Init
    main.o(i.main) refers to tim.o(i.MX_TIM7_Init) for MX_TIM7_Init
    main.o(i.main) refers to tim.o(i.MX_TIM11_Init) for MX_TIM11_Init
    main.o(i.main) refers to tim.o(i.MX_TIM12_Init) for MX_TIM12_Init
    main.o(i.main) refers to usart.o(i.MX_USART1_UART_Init) for MX_USART1_UART_Init
    main.o(i.main) refers to usart.o(i.MX_USART2_UART_Init) for MX_USART2_UART_Init
    main.o(i.main) refers to usb_device.o(i.MX_USB_DEVICE_Init) for MX_USB_DEVICE_Init
    main.o(i.main) refers to leds_handler.o(i.resetRgbLeds) for resetRgbLeds
    main.o(i.main) refers to stm32f4xx_hal.o(i.HAL_Delay) for HAL_Delay
    main.o(i.main) refers to leds_handler.o(i.setStateLedColor) for setStateLedColor
    stm32f4xx_it.o(i.DMA1_Stream5_IRQHandler) refers to stm32f4xx_hal_cortex.o(i.HAL_NVIC_ClearPendingIRQ) for HAL_NVIC_ClearPendingIRQ
    stm32f4xx_it.o(i.DMA1_Stream5_IRQHandler) refers to stm32f4xx_hal_dma.o(i.HAL_DMA_IRQHandler) for HAL_DMA_IRQHandler
    stm32f4xx_it.o(i.DMA1_Stream5_IRQHandler) refers to usart.o(.bss) for hdma_usart2_rx
    stm32f4xx_it.o(i.DMA1_Stream6_IRQHandler) refers to stm32f4xx_hal_cortex.o(i.HAL_NVIC_ClearPendingIRQ) for HAL_NVIC_ClearPendingIRQ
[...]
    i.HAL_SYSTICK_Config                     0x08002556   Section        0  stm32f4xx_hal_cortex.o(i.HAL_SYSTICK_Config)
    i.HAL_SYSTICK_IRQHandler                 0x0800257e   Section        0  stm32f4xx_hal_cortex.o(i.HAL_SYSTICK_IRQHandler)
    i.HAL_TIMEx_BreakCallback                0x08002586   Section        0  stm32f4xx_hal_tim_ex.o(i.HAL_TIMEx_BreakCallback)
    i.HAL_TIMEx_CommutationCallback          0x08002588   Section        0  stm32f4xx_hal_tim_ex.o(i.HAL_TIMEx_CommutationCallback)
    i.HAL_TIMEx_ConfigBreakDeadTime          0x0800258a   Section        0  stm32f4xx_hal_tim_ex.o(i.HAL_TIMEx_ConfigBreakDeadTime)
    i.HAL_TIMEx_MasterConfigSynchronization  0x080025cc   Section        0  stm32f4xx_hal_tim_ex.o(i.HAL_TIMEx_MasterConfigSynchronization)
    i.HAL_TIM_Base_Init                      0x0800261c   Section        0  stm32f4xx_hal_tim.o(i.HAL_TIM_Base_Init)
    i.HAL_TIM_Base_MspInit                   0x0800264c   Section        0  tim.o(i.HAL_TIM_Base_MspInit)
    i.HAL_TIM_ConfigClockSource              0x080026dc   Section        0  stm32f4xx_hal_tim.o(i.HAL_TIM_ConfigClockSource)
    i.HAL_TIM_Encoder_Init                   0x080027ce   Section        0  stm32f4xx_hal_tim.o(i.HAL_TIM_Encoder_Init)
    i.HAL_TIM_Encoder_MspInit                0x08002860   Section        0  tim.o(i.HAL_TIM_Encoder_MspInit)
    i.HAL_TIM_IC_CaptureCallback             0x080028bc   Section        0  main.o(i.HAL_TIM_IC_CaptureCallback)
    i.HAL_TIM_IC_ConfigChannel               0x08002900   Section        0  stm32f4xx_hal_tim.o(i.HAL_TIM_IC_ConfigChannel)
    i.HAL_TIM_IC_Init                        0x08002a0a   Section        0  stm32f4xx_hal_tim.o(i.HAL_TIM_IC_Init)
    i.HAL_TIM_IC_MspInit                     0x08002a3a   Section        0  stm32f4xx_hal_tim.o(i.HAL_TIM_IC_MspInit)
    i.HAL_TIM_IRQHandler                     0x08002a3c   Section        0  stm32f4xx_hal_tim.o(i.HAL_TIM_IRQHandler)
    i.HAL_TIM_OC_DelayElapsedCallback        0x08002ba2   Section        0  stm32f4xx_hal_tim.o(i.HAL_TIM_OC_DelayElapsedCallback)
    i.HAL_TIM_OnePulse_Init                  0x08002ba4   Section        0  stm32f4xx_hal_tim.o(i.HAL_TIM_OnePulse_Init)
    i.HAL_TIM_OnePulse_MspInit               0x08002be8   Section        0  stm32f4xx_hal_tim.o(i.HAL_TIM_OnePulse_MspInit)
    i.HAL_TIM_PWM_ConfigChannel              0x08002bea   Section        0  stm32f4xx_hal_tim.o(i.HAL_TIM_PWM_ConfigChannel)
    i.HAL_TIM_PWM_Init                       0x08002cba   Section        0  stm32f4xx_hal_tim.o(i.HAL_TIM_PWM_Init)
    i.HAL_TIM_PWM_MspInit                    0x08002cec   Section        0  tim.o(i.HAL_TIM_PWM_MspInit)
    i.HAL_TIM_PWM_PulseFinishedCallback      0x08002d30   Section        0  stm32f4xx_hal_tim.o(i.HAL_TIM_PWM_PulseFinishedCallback)
    i.HAL_TIM_PeriodElapsedCallback          0x08002d34   Section        0  tim_handler.o(i.HAL_TIM_PeriodElapsedCallback)
    i.HAL_TIM_ReadCapturedValue              0x08002d48   Section        0  stm32f4xx_hal_tim.o(i.HAL_TIM_ReadCapturedValue)
    i.HAL_TIM_SlaveConfigSynchronization     0x08002d8c   Section        0  stm32f4xx_hal_tim.o(i.HAL_TIM_SlaveConfigSynchronization)
    i.HAL_TIM_TriggerCallback                0x08002e2c   Section        0  stm32f4xx_hal_tim.o(i.HAL_TIM_TriggerCallback)
    i.HAL_UART_ErrorCallback                 0x08002e2e   Section        0  stm32f4xx_hal_uart.o(i.HAL_UART_ErrorCallback)
    i.HAL_UART_IRQHandler                    0x08002e30   Section        0  stm32f4xx_hal_uart.o(i.HAL_UART_IRQHandler)
    i.HAL_UART_Init                          0x08002efa   Section        0  stm32f4xx_hal_uart.o(i.HAL_UART_Init)
    i.HAL_UART_MspInit                       0x08002f58   Section        0  usart.o(i.HAL_UART_MspInit)
    i.HAL_UART_RxCpltCallback                0x0800309c   Section        0  stm32f4xx_hal_uart.o(i.HAL_UART_RxCpltCallback)
    i.HAL_UART_TxCpltCallback                0x0800309e   Section        0  stm32f4xx_hal_uart.o(i.HAL_UART_TxCpltCallback)
    i.MX_DMA_Init                            0x080030a0   Section        0  dma.o(i.MX_DMA_Init)
    i.MX_GPIO_Init                           0x08003114   Section        0  gpio.o(i.MX_GPIO_Init)
    i.MX_I2C2_Init                           0x08003248   Section        0  i2c.o(i.MX_I2C2_Init)
    i.MX_TIM11_Init                          0x08003278   Section        0  tim.o(i.MX_TIM11_Init)
    i.MX_TIM12_Init                          0x080032c0   Section        0  tim.o(i.MX_TIM12_Init)
    i.MX_TIM1_Init                           0x08003330   Section        0  tim.o(i.MX_TIM1_Init)
    i.MX_TIM2_Init                           0x080033a0   Section        0  tim.o(i.MX_TIM2_Init)
    i.MX_TIM3_Init                           0x080033e8   Section        0  tim.o(i.MX_TIM3_Init)
    i.MX_TIM7_Init                           0x08003430   Section        0  tim.o(i.MX_TIM7_Init)
    i.MX_USART1_UART_Init                    0x08003460   Section        0  usart.o(i.MX_USART1_UART_Init)
    i.MX_USART2_UART_Init                    0x08003488   Section        0  usart.o(i.MX_USART2_UART_Init)
    i.MX_USB_DEVICE_Init                     0x080034b0   Section        0  usb_device.o(i.MX_USB_DEVICE_Init)
    i.NVIC_SetPriority                       0x080034e8   Section        0  stm32f4xx_hal_cortex.o(i.NVIC_SetPriority)
    NVIC_SetPriority                         0x080034e9   Thumb Code    32  stm32f4xx_hal_cortex.o(i.NVIC_SetPriority)
    i.OTG_FS_IRQHandler                      0x08003508   Section        0  stm32f4xx_it.o(i.OTG_FS_IRQHandler)
    i.OTG_FS_WKUP_IRQHandler                 0x08003520   Section        0  stm32f4xx_it.o(i.OTG_FS_WKUP_IRQHandler)
    i.PCD_WriteEmptyTxFifo                   0x08003538   Section        0  stm32f4xx_hal_pcd.o(i.PCD_WriteEmptyTxFifo)
    PCD_WriteEmptyTxFifo                     0x08003539   Thumb Code   150  stm32f4xx_hal_pcd.o(i.PCD_WriteEmptyTxFifo)
    i.SysTick_Handler                        0x080035ce   Section        0  stm32f4xx_it.o(i.SysTick_Handler)
    i.SystemClock_Config                     0x080035dc   Section        0  main.o(i.SystemClock_Config)
    i.SystemInit                             0x08003644   Section        0  system_stm32f4xx.o(i.SystemInit)
    i.TIM7_IRQHandler                        0x08003698   Section        0  stm32f4xx_it.o(i.TIM7_IRQHandler)
    i.TIM_Base_SetConfig                     0x080036b0   Section        0  stm32f4xx_hal_tim.o(i.TIM_Base_SetConfig)
    i.TIM_ETR_SetConfig                      0x08003770   Section        0  stm32f4xx_hal_tim.o(i.TIM_ETR_SetConfig)
    TIM_ETR_SetConfig                        0x08003771   Thumb Code    20  stm32f4xx_hal_tim.o(i.TIM_ETR_SetConfig)
    i.TIM_ITRx_SetConfig                     0x08003784   Section        0  stm32f4xx_hal_tim.o(i.TIM_ITRx_SetConfig)
    TIM_ITRx_SetConfig                       0x08003785   Thumb Code    16  stm32f4xx_hal_tim.o(i.TIM_ITRx_SetConfig)
    i.TIM_OC1_SetConfig                      0x08003794   Section        0  stm32f4xx_hal_tim.o(i.TIM_OC1_SetConfig)
    TIM_OC1_SetConfig                        0x08003795   Thumb Code    80  stm32f4xx_hal_tim.o(i.TIM_OC1_SetConfig)
    i.TIM_OC2_SetConfig                      0x080037ec   Section        0  stm32f4xx_hal_tim.o(i.TIM_OC2_SetConfig)
    i.TIM_OC3_SetConfig                      0x08003850   Section        0  stm32f4xx_hal_tim.o(i.TIM_OC3_SetConfig)
    TIM_OC3_SetConfig                        0x08003851   Thumb Code    88  stm32f4xx_hal_tim.o(i.TIM_OC3_SetConfig)
    i.TIM_OC4_SetConfig                      0x080038b0   Section        0  stm32f4xx_hal_tim.o(i.TIM_OC4_SetConfig)
    TIM_OC4_SetConfig                        0x080038b1   Thumb Code    70  stm32f4xx_hal_tim.o(i.TIM_OC4_SetConfig)
    i.TIM_TI1_ConfigInputStage               0x08003900   Section        0  stm32f4xx_hal_tim.o(i.TIM_TI1_ConfigInputStage)
    TIM_TI1_ConfigInputStage                 0x08003901   Thumb Code    34  stm32f4xx_hal_tim.o(i.TIM_TI1_ConfigInputStage)
    i.TIM_TI1_SetConfig                      0x08003924   Section        0  stm32f4xx_hal_tim.o(i.TIM_TI1_SetConfig)
    i.TIM_TI2_ConfigInputStage               0x080039a4   Section        0  stm32f4xx_hal_tim.o(i.TIM_TI2_ConfigInputStage)
    TIM_TI2_ConfigInputStage                 0x080039a5   Thumb Code    36  stm32f4xx_hal_tim.o(i.TIM_TI2_ConfigInputStage)
    i.TIM_TI2_SetConfig                      0x080039c8   Section        0  stm32f4xx_hal_tim.o(i.TIM_TI2_SetConfig)
    TIM_TI2_SetConfig                        0x080039c9   Thumb Code    44  stm32f4xx_hal_tim.o(i.TIM_TI2_SetConfig)
    i.UART_Receive_IT                        0x080039f4   Section        0  stm32f4xx_hal_uart.o(i.UART_Receive_IT)
    UART_Receive_IT                          0x080039f5   Thumb Code   168  stm32f4xx_hal_uart.o(i.UART_Receive_IT)
    i.UART_SetConfig                         0x08003a9c   Section        0  stm32f4xx_hal_uart.o(i.UART_SetConfig)
    UART_SetConfig                           0x08003a9d   Thumb Code   366  stm32f4xx_hal_uart.o(i.UART_SetConfig)
    i.UART_Transmit_IT                       0x08003c14   Section        0  stm32f4xx_hal_uart.o(i.UART_Transmit_IT)
    UART_Transmit_IT                         0x08003c15   Thumb Code   162  stm32f4xx_hal_uart.o(i.UART_Transmit_IT)
    i.UART_WaitOnFlagUntilTimeout            0x08003cb6   Section        0  stm32f4xx_hal_uart.o(i.UART_WaitOnFlagUntilTimeout)
    UART_WaitOnFlagUntilTimeout              0x08003cb7   Thumb Code   146  stm32f4xx_hal_uart.o(i.UART_WaitOnFlagUntilTimeout)
    i.USART1_IRQHandler                      0x08003d48   Section        0  stm32f4xx_it.o(i.USART1_IRQHandler)
    i.USART2_IRQHandler                      0x08003d60   Section        0  stm32f4xx_it.o(i.USART2_IRQHandler)
    i.USBD_CDC_DataIn                        0x08003d78   Section        0  usbd_cdc.o(i.USBD_CDC_DataIn)
    USBD_CDC_DataIn                          0x08003d79   Thumb Code    20  usbd_cdc.o(i.USBD_CDC_DataIn)
    i.USBD_CDC_DataOut                       0x08003d8c   Section        0  usbd_cdc.o(i.USBD_CDC_DataOut)
    USBD_CDC_DataOut                         0x08003d8d   Thumb Code    46  usbd_cdc.o(i.USBD_CDC_DataOut)
    i.USBD_CDC_DeInit                        0x08003dba   Section        0  usbd_cdc.o(i.USBD_CDC_DeInit)
    USBD_CDC_DeInit                          0x08003dbb   Thumb Code    60  usbd_cdc.o(i.USBD_CDC_DeInit)
    i.USBD_CDC_EP0_RxReady                   0x08003df6   Section        0  usbd_cdc.o(i.USBD_CDC_EP0_RxReady)
    USBD_CDC_EP0_RxReady                     0x08003df7   Thumb Code    36  usbd_cdc.o(i.USBD_CDC_EP0_RxReady)
    i.USBD_CDC_GetDeviceQualifierDescriptor  0x08003e1c   Section        0  usbd_cdc.o(i.USBD_CDC_GetDeviceQualifierDescriptor)
    i.USBD_CDC_GetFSCfgDesc                  0x08003e28   Section        0  usbd_cdc.o(i.USBD_CDC_GetFSCfgDesc)
    USBD_CDC_GetFSCfgDesc                    0x08003e29   Thumb Code     8  usbd_cdc.o(i.USBD_CDC_GetFSCfgDesc)
    i.USBD_CDC_GetHSCfgDesc                  0x08003e34   Section        0  usbd_cdc.o(i.USBD_CDC_GetHSCfgDesc)
    USBD_CDC_GetHSCfgDesc                    0x08003e35   Thumb Code     8  usbd_cdc.o(i.USBD_CDC_GetHSCfgDesc)
    i.USBD_CDC_GetOtherSpeedCfgDesc          0x08003e40   Section        0  usbd_cdc.o(i.USBD_CDC_GetOtherSpeedCfgDesc)
    USBD_CDC_GetOtherSpeedCfgDesc            0x08003e41   Thumb Code     8  usbd_cdc.o(i.USBD_CDC_GetOtherSpeedCfgDesc)
    i.USBD_CDC_Init                          0x08003e4c   Section        0  usbd_cdc.o(i.USBD_CDC_Init)
    USBD_CDC_Init                            0x08003e4d   Thumb Code   136  usbd_cdc.o(i.USBD_CDC_Init)
    i.USBD_CDC_RegisterInterface             0x08003ed4   Section        0  usbd_cdc.o(i.USBD_CDC_RegisterInterface)
    i.USBD_CDC_SetRxBuffer                   0x08003ee4   Section        0  usbd_cdc.o(i.USBD_CDC_SetRxBuffer)
    i.USBD_CDC_SetTxBuffer                   0x08003ef0   Section        0  usbd_cdc.o(i.USBD_CDC_SetTxBuffer)
    i.USBD_CDC_Setup                         0x08003f00   Section        0  usbd_cdc.o(i.USBD_CDC_Setup)
    USBD_CDC_Setup                           0x08003f01   Thumb Code    92  usbd_cdc.o(i.USBD_CDC_Setup)
    i.USBD_ClrClassConfig                    0x08003f5c   Section        0  usbd_core.o(i.USBD_ClrClassConfig)
    i.USBD_CtlContinueRx                     0x08003f6a   Section        0  usbd_ioreq.o(i.USBD_CtlContinueRx)
    i.USBD_CtlContinueSendData               0x08003f7a   Section        0  usbd_ioreq.o(i.USBD_CtlContinueSendData)
    i.USBD_CtlError                          0x08003f8a   Section        0  usbd_ctlreq.o(i.USBD_CtlError)
    i.USBD_CtlPrepareRx                      0x08003fa0   Section        0  usbd_ioreq.o(i.USBD_CtlPrepareRx)
    i.USBD_CtlReceiveStatus                  0x08003fbe   Section        0  usbd_ioreq.o(i.USBD_CtlReceiveStatus)
    i.USBD_CtlSendData                       0x08003fd4   Section        0  usbd_ioreq.o(i.USBD_CtlSendData)
    i.USBD_CtlSendStatus                     0x08003fee   Section        0  usbd_ioreq.o(i.USBD_CtlSendStatus)
    i.USBD_FS_ConfigStrDescriptor            0x08004004   Section        0  usbd_desc.o(i.USBD_FS_ConfigStrDescriptor)
    i.USBD_FS_DeviceDescriptor               0x08004024   Section        0  usbd_desc.o(i.USBD_FS_DeviceDescriptor)
    i.USBD_FS_InterfaceStrDescriptor         0x08004030   Section        0  usbd_desc.o(i.USBD_FS_InterfaceStrDescriptor)
    i.USBD_FS_LangIDStrDescriptor            0x08004054   Section        0  usbd_desc.o(i.USBD_FS_LangIDStrDescriptor)
    i.USBD_FS_ManufacturerStrDescriptor      0x08004060   Section        0  usbd_desc.o(i.USBD_FS_ManufacturerStrDescriptor)
    i.USBD_FS_ProductStrDescriptor           0x08004088   Section        0  usbd_desc.o(i.USBD_FS_ProductStrDescriptor)
    i.USBD_FS_SerialStrDescriptor            0x080040b4   Section        0  usbd_desc.o(i.USBD_FS_SerialStrDescriptor)
    i.USBD_GetDescriptor                     0x080040d8   Section        0  usbd_ctlreq.o(i.USBD_GetDescriptor)
    USBD_GetDescriptor                       0x080040d9   Thumb Code   224  usbd_ctlreq.o(i.USBD_GetDescriptor)
    i.USBD_GetString                         0x080041b8   Section        0  usbd_ctlreq.o(i.USBD_GetString)
    i.USBD_Init                              0x080041fe   Section        0  usbd_core.o(i.USBD_Init)
    i.USBD_LL_ClearStallEP                   0x08004228   Section        0  usbd_conf.o(i.USBD_LL_ClearStallEP)
    i.USBD_LL_CloseEP                        0x08004236   Section        0  usbd_conf.o(i.USBD_LL_CloseEP)
    i.USBD_LL_DataInStage                    0x08004244   Section        0  usbd_core.o(i.USBD_LL_DataInStage)
    i.USBD_LL_DataOutStage                   0x080042e4   Section        0  usbd_core.o(i.USBD_LL_DataOutStage)
    i.USBD_LL_DevConnected                   0x0800434e   Section        0  usbd_core.o(i.USBD_LL_DevConnected)
    i.USBD_LL_DevDisconnected                0x08004352   Section        0  usbd_core.o(i.USBD_LL_DevDisconnected)
    i.USBD_LL_GetRxDataSize                  0x08004368   Section        0  usbd_conf.o(i.USBD_LL_GetRxDataSize)
    i.USBD_LL_Init                           0x08004370   Section        0  usbd_conf.o(i.USBD_LL_Init)
    i.USBD_LL_IsStallEP                      0x080043cc   Section        0  usbd_conf.o(i.USBD_LL_IsStallEP)
    i.USBD_LL_IsoINIncomplete                0x080043ec   Section        0  usbd_core.o(i.USBD_LL_IsoINIncomplete)
    i.USBD_LL_IsoOUTIncomplete               0x080043f0   Section        0  usbd_core.o(i.USBD_LL_IsoOUTIncomplete)
    i.USBD_LL_OpenEP                         0x080043f4   Section        0  usbd_conf.o(i.USBD_LL_OpenEP)
    i.USBD_LL_PrepareReceive                 0x08004408   Section        0  usbd_conf.o(i.USBD_LL_PrepareReceive)
    i.USBD_LL_Reset                          0x08004416   Section        0  usbd_core.o(i.USBD_LL_Reset)
    i.USBD_LL_Resume                         0x08004454   Section        0  usbd_core.o(i.USBD_LL_Resume)
    i.USBD_LL_SOF                            0x08004460   Section        0  usbd_core.o(i.USBD_LL_SOF)
    i.USBD_LL_SetSpeed                       0x08004478   Section        0  usbd_core.o(i.USBD_LL_SetSpeed)
    i.USBD_LL_SetUSBAddress                  0x0800447e   Section        0  usbd_conf.o(i.USBD_LL_SetUSBAddress)
    i.USBD_LL_SetupStage                     0x0800448c   Section        0  usbd_core.o(i.USBD_LL_SetupStage)
    i.USBD_LL_StallEP                        0x080044e6   Section        0  usbd_conf.o(i.USBD_LL_StallEP)
    i.USBD_LL_Start                          0x080044f4   Section        0  usbd_conf.o(i.USBD_LL_Start)
    i.USBD_LL_Suspend                        0x08004502   Section        0  usbd_core.o(i.USBD_LL_Suspend)
    i.USBD_LL_Transmit                       0x08004514   Section        0  usbd_conf.o(i.USBD_LL_Transmit)
    i.USBD_ParseSetupRequest                 0x08004522   Section        0  usbd_ctlreq.o(i.USBD_ParseSetupRequest)
    i.USBD_RegisterClass                     0x0800454a   Section        0  usbd_core.o(i.USBD_RegisterClass)
    i.USBD_SetClassConfig                    0x0800455a   Section        0  usbd_core.o(i.USBD_SetClassConfig)
    i.USBD_SetConfig                         0x08004570   Section        0  usbd_ctlreq.o(i.USBD_SetConfig)
    USBD_SetConfig                           0x08004571   Thumb Code   110  usbd_ctlreq.o(i.USBD_SetConfig)
    i.USBD_Start                             0x080045e4   Section        0  usbd_core.o(i.USBD_Start)
    i.USBD_StdDevReq                         0x080045ee   Section        0  usbd_ctlreq.o(i.USBD_StdDevReq)
    i.USBD_StdEPReq                          0x080046e0   Section        0  usbd_ctlreq.o(i.USBD_StdEPReq)
    i.USBD_StdItfReq                         0x080047a0   Section        0  usbd_ctlreq.o(i.USBD_StdItfReq)
    i.USB_ActivateEndpoint                   0x080047d4   Section        0  stm32f4xx_ll_usb.o(i.USB_ActivateEndpoint)
    i.USB_ActivateSetup                      0x08004854   Section        0  stm32f4xx_ll_usb.o(i.USB_ActivateSetup)
    i.USB_CoreInit                           0x08004888   Section        0  stm32f4xx_ll_usb.o(i.USB_CoreInit)
    i.USB_CoreReset                          0x080048f4   Section        0  stm32f4xx_ll_usb.o(i.USB_CoreReset)
    USB_CoreReset                            0x080048f5   Thumb Code    50  stm32f4xx_ll_usb.o(i.USB_CoreReset)
    i.USB_DeactivateEndpoint                 0x0800492c   Section        0  stm32f4xx_ll_usb.o(i.USB_DeactivateEndpoint)
    i.USB_DevConnect                         0x0800499a   Section        0  stm32f4xx_ll_usb.o(i.USB_DevConnect)
    i.USB_DevDisconnect                      0x080049b2   Section        0  stm32f4xx_ll_usb.o(i.USB_DevDisconnect)
    i.USB_DevInit                            0x080049cc   Section        0  stm32f4xx_ll_usb.o(i.USB_DevInit)
    i.USB_DisableGlobalInt                   0x08004b10   Section        0  stm32f4xx_ll_usb.o(i.USB_DisableGlobalInt)
    i.USB_EP0StartXfer                       0x08004b1c   Section        0  stm32f4xx_ll_usb.o(i.USB_EP0StartXfer)
    i.USB_EP0_OutStart                       0x08004c5c   Section        0  stm32f4xx_ll_usb.o(i.USB_EP0_OutStart)
    i.USB_EPClearStall                       0x08004c9a   Section        0  stm32f4xx_ll_usb.o(i.USB_EPClearStall)
    i.USB_EPSetStall                         0x08004cfe   Section        0  stm32f4xx_ll_usb.o(i.USB_EPSetStall)
    i.USB_EPStartXfer                        0x08004d5c   Section        0  stm32f4xx_ll_usb.o(i.USB_EPStartXfer)
    i.USB_EnableGlobalInt                    0x08004f78   Section        0  stm32f4xx_ll_usb.o(i.USB_EnableGlobalInt)
    i.USB_FlushRxFifo                        0x08004f84   Section        0  stm32f4xx_ll_usb.o(i.USB_FlushRxFifo)
    i.USB_FlushTxFifo                        0x08004fa4   Section        0  stm32f4xx_ll_usb.o(i.USB_FlushTxFifo)
    i.USB_GetDevSpeed                        0x08004fc8   Section        0  stm32f4xx_ll_usb.o(i.USB_GetDevSpeed)
    i.USB_GetMode                            0x08005004   Section        0  stm32f4xx_ll_usb.o(i.USB_GetMode)
    i.USB_ReadDevAllInEpInterrupt            0x0800500c   Section        0  stm32f4xx_ll_usb.o(i.USB_ReadDevAllInEpInterrupt)
    i.USB_ReadDevAllOutEpInterrupt           0x0800501a   Section        0  stm32f4xx_ll_usb.o(i.USB_ReadDevAllOutEpInterrupt)
    i.USB_ReadDevInEPInterrupt               0x08005028   Section        0  stm32f4xx_ll_usb.o(i.USB_ReadDevInEPInterrupt)
    i.USB_ReadDevOutEPInterrupt              0x08005046   Section        0  stm32f4xx_ll_usb.o(i.USB_ReadDevOutEPInterrupt)
    i.USB_ReadInterrupts                     0x08005056   Section        0  stm32f4xx_ll_usb.o(i.USB_ReadInterrupts)
    i.USB_ReadPacket                         0x0800505e   Section        0  stm32f4xx_ll_usb.o(i.USB_ReadPacket)
    i.USB_SetCurrentMode                     0x0800507e   Section        0  stm32f4xx_ll_usb.o(i.USB_SetCurrentMode)
    i.USB_SetDevAddress                      0x080050aa   Section        0  stm32f4xx_ll_usb.o(i.USB_SetDevAddress)
    i.USB_WritePacket                        0x080050cc   Section        0  stm32f4xx_ll_usb.o(i.USB_WritePacket)
    i.__scatterload_copy                     0x080050f4   Section       14  handlers.o(i.__scatterload_copy)
    i.__scatterload_null                     0x08005102   Section        2  handlers.o(i.__scatterload_null)
    i.__scatterload_zeroinit                 0x08005104   Section       14  handlers.o(i.__scatterload_zeroinit)
    i.free                                   0x08005114   Section        0  malloc.o(i.free)
    i.main                                   0x08005164   Section        0  main.o(i.main)
    i.malloc                                 0x08005210   Section        0  malloc.o(i.malloc)
    i.on_RGB_led_timer_timeout               0x0800527c   Section        0  leds_handler.o(i.on_RGB_led_timer_timeout)
    i.resetRgbLeds                           0x080052ec   Section        0  leds_handler.o(i.resetRgbLeds)
    i.setStateLedColor                       0x08005388   Section        0  leds_handler.o(i.setStateLedColor)
    .constdata                               0x080054d0   Section       16  stm32f4xx_hal_rcc.o(.constdata)
    .data                                    0x20000000   Section        8  main.o(.data)
    .data                                    0x20000008   Section       16  usbd_cdc_if.o(.data)
    .data                                    0x20000018   Section        4  usbd_cdc_if.o(.data)
    .data                                    0x2000001c   Section       28  usbd_desc.o(.data)
    .data                                    0x20000038   Section       22  usbd_desc.o(.data)
    .data                                    0x2000004e   Section        1  leds_handler.o(.data)
    led_upd_count                            0x2000004e   Data           1  leds_handler.o(.data)
    .data                                    0x20000050   Section       20  system_stm32f4xx.o(.data)
    .data                                    0x20000064   Section        4  stm32f4xx_hal.o(.data)
    uwTick                                   0x20000064   Data           4  stm32f4xx_hal.o(.data)
    .data                                    0x20000068   Section      215  usbd_cdc.o(.data)
    USBD_CDC_DeviceQualifierDesc             0x20000068   Data          10  usbd_cdc.o(.data)
    .data                                    0x20000140   Section       56  usbd_cdc.o(.data)
    .data                                    0x20000178   Section        1  usbd_ctlreq.o(.data)
    cfgidx                                   0x20000178   Data           1  usbd_ctlreq.o(.data)
    .data                                    0x2000017c   Section        4  mvars.o(.data)
    .data                                    0x20000180   Section        4  mvars.o(.data)
    .bss                                     0x20000184   Section       56  i2c.o(.bss)
    .bss                                     0x200001bc   Section      360  tim.o(.bss)
    .bss                                     0x20000324   Section      440  usart.o(.bss)
    .bss                                     0x200004dc   Section      548  usb_device.o(.bss)
    .bss                                     0x20000700   Section     1024  usbd_cdc_if.o(.bss)
    .bss                                     0x20000b00   Section      944  usbd_conf.o(.bss)
    .bss                                     0x20000eb0   Section      512  usbd_desc.o(.bss)
    .bss                                     0x200010b0   Section       96  leds_handler.o(.bss)
    led_R_vals                               0x200010b0   Data          16  leds_handler.o(.bss)
    led_G_vals                               0x200010c0   Data          16  leds_handler.o(.bss)
    led_B_vals                               0x200010d0   Data          16  leds_handler.o(.bss)
    upd_led_R_vals                           0x200010e0   Data          16  leds_handler.o(.bss)
    upd_led_G_vals                           0x200010f0   Data          16  leds_handler.o(.bss)
    upd_led_B_vals                           0x20001100   Data          16  leds_handler.o(.bss)
    HEAP                                     0x20001110   Section      512  startup_stm32f407xx.o(HEAP)
    STACK                                    0x20001310   Section     1024  startup_stm32f407xx.o(STACK)

    Global Symbols

    Symbol Name                              Value     Ov Type        Size  Object(Section)

    BuildAttributes$$THM_ISAv4$E$P$D$K$B$S$7EM$VFPi3$EXTD16$VFPS$VFMA$PE$A:L22UL41UL21$X:L11$S22US41US21$IEEE1$IW$USESV6$~STKCKD$USESV7$~SHL$OSPACE$EBA8$MICROLIB$REQ8$PRES8$EABIv2 0x00000000   Number         0  anon$$obj.o ABSOLUTE
    __ARM_use_no_argv                        0x00000000   Number         0  main.o ABSOLUTE
    __cpp_initialize__aeabi_                  - Undefined Weak Reference
    __cxa_finalize                            - Undefined Weak Reference
    _clock_init                               - Undefined Weak Reference
    _microlib_exit                            - Undefined Weak Reference
    __Vectors_Size                           0x00000188   Number         0  startup_stm32f407xx.o ABSOLUTE
    __Vectors                                0x08000000   Data           4  startup_stm32f407xx.o(RESET)
    __Vectors_End                            0x08000188   Data           0  startup_stm32f407xx.o(RESET)
    __main                                   0x08000189   Thumb Code     0  entry.o(.ARM.Collect$$$$00000000)
    _main_stk                                0x08000189   Thumb Code     0  entry2.o(.ARM.Collect$$$$00000001)
    _main_scatterload                        0x0800018d   Thumb Code     0  entry5.o(.ARM.Collect$$$$00000004)
    __main_after_scatterload                 0x08000191   Thumb Code     0  entry5.o(.ARM.Collect$$$$00000004)
    _main_clock                              0x08000191   Thumb Code     0  entry7b.o(.ARM.Collect$$$$00000008)
    _main_cpp_init                           0x08000191   Thumb Code     0  entry8b.o(.ARM.Collect$$$$0000000A)
    _main_init                               0x08000191   Thumb Code     0  entry9a.o(.ARM.Collect$$$$0000000B)
    __rt_final_cpp                           0x08000199   Thumb Code     0  entry10a.o(.ARM.Collect$$$$0000000D)
    __rt_final_exit                          0x08000199   Thumb Code     0  entry11a.o(.ARM.Collect$$$$0000000F)
    Reset_Handler                            0x0800019d   Thumb Code     8  startup_stm32f407xx.o(.text)
    NMI_Handler                              0x080001a5   Thumb Code     2  startup_stm32f407xx.o(.text)
    HardFault_Handler                        0x080001a7   Thumb Code     2  startup_stm32f407xx.o(.text)
    MemManage_Handler                        0x080001a9   Thumb Code     2  startup_stm32f407xx.o(.text)
    BusFault_Handler                         0x080001ab   Thumb Code     2  startup_stm32f407xx.o(.text)
    UsageFault_Handler                       0x080001ad   Thumb Code     2  startup_stm32f407xx.o(.text)
    SVC_Handler                              0x080001af   Thumb Code     2  startup_stm32f407xx.o(.text)
    DebugMon_Handler                         0x080001b1   Thumb Code     2  startup_stm32f407xx.o(.text)
    PendSV_Handler                           0x080001b3   Thumb Code     2  startup_stm32f407xx.o(.text)
    ADC_IRQHandler                           0x080001b7   Thumb Code     0  startup_stm32f407xx.o(.text)
    CAN1_RX0_IRQHandler                      0x080001b7   Thumb Code     0  startup_stm32f407xx.o(.text)
    CAN1_RX1_IRQHandler                      0x080001b7   Thumb Code     0  startup_stm32f407xx.o(.text)
    CAN1_SCE_IRQHandler                      0x080001b7   Thumb Code     0  startup_stm32f407xx.o(.text)
    CAN1_TX_IRQHandler                       0x080001b7   Thumb Code     0  startup_stm32f407xx.o(.text)
    CAN2_RX0_IRQHandler                      0x080001b7   Thumb Code     0  startup_stm32f407xx.o(.text)
    CAN2_RX1_IRQHandler                      0x080001b7   Thumb Code     0  startup_stm32f407xx.o(.text)
    CAN2_SCE_IRQHandler                      0x080001b7   Thumb Code     0  startup_stm32f407xx.o(.text)
    CAN2_TX_IRQHandler                       0x080001b7   Thumb Code     0  startup_stm32f407xx.o(.text)
    DCMI_IRQHandler                          0x080001b7   Thumb Code     0  startup_stm32f407xx.o(.text)
    DMA1_Stream0_IRQHandler                  0x080001b7   Thumb Code     0  startup_stm32f407xx.o(.text)
    DMA1_Stream1_IRQHandler                  0x080001b7   Thumb Code     0  startup_stm32f407xx.o(.text)
    DMA1_Stream2_IRQHandler                  0x080001b7   Thumb Code     0  startup_stm32f407xx.o(.text)
    DMA1_Stream3_IRQHandler                  0x080001b7   Thumb Code     0  startup_stm32f407xx.o(.text)
    DMA1_Stream4_IRQHandler                  0x080001b7   Thumb Code     0  startup_stm32f407xx.o(.text)
    DMA1_Stream7_IRQHandler                  0x080001b7   Thumb Code     0  startup_stm32f407xx.o(.text)
    DMA2_Stream0_IRQHandler                  0x080001b7   Thumb Code     0  startup_stm32f407xx.o(.text)
    DMA2_Stream1_IRQHandler                  0x080001b7   Thumb Code     0  startup_stm32f407xx.o(.text)
    DMA2_Stream3_IRQHandler                  0x080001b7   Thumb Code     0  startup_stm32f407xx.o(.text)
    DMA2_Stream4_IRQHandler                  0x080001b7   Thumb Code     0  startup_stm32f407xx.o(.text)
    DMA2_Stream5_IRQHandler                  0x080001b7   Thumb Code     0  startup_stm32f407xx.o(.text)
    DMA2_Stream6_IRQHandler                  0x080001b7   Thumb Code     0  startup_stm32f407xx.o(.text)
    ETH_IRQHandler                           0x080001b7   Thumb Code     0  startup_stm32f407xx.o(.text)
    ETH_WKUP_IRQHandler                      0x080001b7   Thumb Code     0  startup_stm32f407xx.o(.text)
    EXTI0_IRQHandler                         0x080001b7   Thumb Code     0  startup_stm32f407xx.o(.text)
    EXTI15_10_IRQHandler                     0x080001b7   Thumb Code     0  startup_stm32f407xx.o(.text)
    EXTI1_IRQHandler                         0x080001b7   Thumb Code     0  startup_stm32f407xx.o(.text)
    EXTI2_IRQHandler                         0x080001b7   Thumb Code     0  startup_stm32f407xx.o(.text)
    EXTI3_IRQHandler                         0x080001b7   Thumb Code     0  startup_stm32f407xx.o(.text)
    EXTI4_IRQHandler                         0x080001b7   Thumb Code     0  startup_stm32f407xx.o(.text)
    EXTI9_5_IRQHandler                       0x080001b7   Thumb Code     0  startup_stm32f407xx.o(.text)
    FLASH_IRQHandler                         0x080001b7   Thumb Code     0  startup_stm32f407xx.o(.text)
    FMC_IRQHandler                           0x080001b7   Thumb Code     0  startup_stm32f407xx.o(.text)
    FPU_IRQHandler                           0x080001b7   Thumb Code     0  startup_stm32f407xx.o(.text)
    HASH_RNG_IRQHandler                      0x080001b7   Thumb Code     0  startup_stm32f407xx.o(.text)
    I2C1_ER_IRQHandler                       0x080001b7   Thumb Code     0  startup_stm32f407xx.o(.text)
    I2C1_EV_IRQHandler                       0x080001b7   Thumb Code     0  startup_stm32f407xx.o(.text)
    I2C2_ER_IRQHandler                       0x080001b7   Thumb Code     0  startup_stm32f407xx.o(.text)
    I2C2_EV_IRQHandler                       0x080001b7   Thumb Code     0  startup_stm32f407xx.o(.text)
    I2C3_ER_IRQHandler                       0x080001b7   Thumb Code     0  startup_stm32f407xx.o(.text)
    I2C3_EV_IRQHandler                       0x080001b7   Thumb Code     0  startup_stm32f407xx.o(.text)
    OTG_HS_EP1_IN_IRQHandler                 0x080001b7   Thumb Code     0  startup_stm32f407xx.o(.text)
    OTG_HS_EP1_OUT_IRQHandler                0x080001b7   Thumb Code     0  startup_stm32f407xx.o(.text)
    OTG_HS_IRQHandler                        0x080001b7   Thumb Code     0  startup_stm32f407xx.o(.text)
    OTG_HS_WKUP_IRQHandler                   0x080001b7   Thumb Code     0  startup_stm32f407xx.o(.text)
    PVD_IRQHandler                           0x080001b7   Thumb Code     0  startup_stm32f407xx.o(.text)
    RCC_IRQHandler                           0x080001b7   Thumb Code     0  startup_stm32f407xx.o(.text)
    RTC_Alarm_IRQHandler                     0x080001b7   Thumb Code     0  startup_stm32f407xx.o(.text)
    RTC_WKUP_IRQHandler                      0x080001b7   Thumb Code     0  startup_stm32f407xx.o(.text)
    SDIO_IRQHandler                          0x080001b7   Thumb Code     0  startup_stm32f407xx.o(.text)
    SPI1_IRQHandler                          0x080001b7   Thumb Code     0  startup_stm32f407xx.o(.text)
    SPI2_IRQHandler                          0x080001b7   Thumb Code     0  startup_stm32f407xx.o(.text)
    SPI3_IRQHandler                          0x080001b7   Thumb Code     0  startup_stm32f407xx.o(.text)
    TAMP_STAMP_IRQHandler                    0x080001b7   Thumb Code     0  startup_stm32f407xx.o(.text)
    TIM1_BRK_TIM9_IRQHandler                 0x080001b7   Thumb Code     0  startup_stm32f407xx.o(.text)
    TIM1_CC_IRQHandler                       0x080001b7   Thumb Code     0  startup_stm32f407xx.o(.text)
    TIM1_TRG_COM_TIM11_IRQHandler            0x080001b7   Thumb Code     0  startup_stm32f407xx.o(.text)
    TIM1_UP_TIM10_IRQHandler                 0x080001b7   Thumb Code     0  startup_stm32f407xx.o(.text)
    TIM2_IRQHandler                          0x080001b7   Thumb Code     0  startup_stm32f407xx.o(.text)
    TIM3_IRQHandler                          0x080001b7   Thumb Code     0  startup_stm32f407xx.o(.text)
    TIM4_IRQHandler                          0x080001b7   Thumb Code     0  startup_stm32f407xx.o(.text)
    TIM5_IRQHandler                          0x080001b7   Thumb Code     0  startup_stm32f407xx.o(.text)
    TIM6_DAC_IRQHandler                      0x080001b7   Thumb Code     0  startup_stm32f407xx.o(.text)
    TIM8_BRK_TIM12_IRQHandler                0x080001b7   Thumb Code     0  startup_stm32f407xx.o(.text)
    TIM8_CC_IRQHandler                       0x080001b7   Thumb Code     0  startup_stm32f407xx.o(.text)
    TIM8_TRG_COM_TIM14_IRQHandler            0x080001b7   Thumb Code     0  startup_stm32f407xx.o(.text)
    TIM8_UP_TIM13_IRQHandler                 0x080001b7   Thumb Code     0  startup_stm32f407xx.o(.text)
    UART4_IRQHandler                         0x080001b7   Thumb Code     0  startup_stm32f407xx.o(.text)
    UART5_IRQHandler                         0x080001b7   Thumb Code     0  startup_stm32f407xx.o(.text)
    USART3_IRQHandler                        0x080001b7   Thumb Code     0  startup_stm32f407xx.o(.text)
    USART6_IRQHandler                        0x080001b7   Thumb Code     0  startup_stm32f407xx.o(.text)
    WWDG_IRQHandler                          0x080001b7   Thumb Code     0  startup_stm32f407xx.o(.text)
    __aeabi_memcpy                           0x080001c1   Thumb Code    36  memcpya.o(.text)
    __aeabi_memcpy4                          0x080001c1   Thumb Code     0  memcpya.o(.text)
    __aeabi_memcpy8                          0x080001c1   Thumb Code     0  memcpya.o(.text)
    __scatterload                            0x080001e5   Thumb Code    28  init.o(.text)
    __scatterload_rt2                        0x080001e5   Thumb Code     0  init.o(.text)
    __decompress                             0x08000209   Thumb Code     0  __dczerorl2.o(.text)
    __decompress1                            0x08000209   Thumb Code    86  __dczerorl2.o(.text)
    DMA1_Stream5_IRQHandler                  0x08000299   Thumb Code    18  stm32f4xx_it.o(i.DMA1_Stream5_IRQHandler)
    DMA1_Stream6_IRQHandler                  0x080002b1   Thumb Code    18  stm32f4xx_it.o(i.DMA1_Stream6_IRQHandler)
    DMA2_Stream2_IRQHandler                  0x080002c9   Thumb Code    18  stm32f4xx_it.o(i.DMA2_Stream2_IRQHandler)
    DMA2_Stream7_IRQHandler                  0x080002e1   Thumb Code    18  stm32f4xx_it.o(i.DMA2_Stream7_IRQHandler)
    HAL_DMA_IRQHandler                       0x080002f9   Thumb Code  3940  stm32f4xx_hal_dma.o(i.HAL_DMA_IRQHandler)
    HAL_DMA_Init                             0x08001265   Thumb Code   108  stm32f4xx_hal_dma.o(i.HAL_DMA_Init)
    HAL_Delay                                0x080012d5   Thumb Code    22  stm32f4xx_hal.o(i.HAL_Delay)
    HAL_GPIO_Init                            0x080012ed   Thumb Code   400  stm32f4xx_hal_gpio.o(i.HAL_GPIO_Init)
    HAL_GPIO_TogglePin                       0x080014b1   Thumb Code     8  stm32f4xx_hal_gpio.o(i.HAL_GPIO_TogglePin)
    HAL_GPIO_WritePin                        0x080014b9   Thumb Code    10  stm32f4xx_hal_gpio.o(i.HAL_GPIO_WritePin)
    HAL_GetTick                              0x080014c5   Thumb Code     6  stm32f4xx_hal.o(i.HAL_GetTick)
    HAL_I2C_Init                             0x080014d1   Thumb Code   240  stm32f4xx_hal_i2c.o(i.HAL_I2C_Init)
    HAL_I2C_MspInit                          0x080015c9   Thumb Code    54  i2c.o(i.HAL_I2C_MspInit)
    HAL_IncTick                              0x0800160d   Thumb Code    10  stm32f4xx_hal.o(i.HAL_IncTick)
    HAL_Init                                 0x0800161d   Thumb Code    48  stm32f4xx_hal.o(i.HAL_Init)
    HAL_InitTick                             0x08001651   Thumb Code    34  stm32f4xx_hal.o(i.HAL_InitTick)
    HAL_MspInit                              0x08001673   Thumb Code     2  stm32f4xx_hal.o(i.HAL_MspInit)
    HAL_NVIC_ClearPendingIRQ                 0x08001675   Thumb Code    22  stm32f4xx_hal_cortex.o(i.HAL_NVIC_ClearPendingIRQ)
    HAL_NVIC_EnableIRQ                       0x0800168b   Thumb Code    22  stm32f4xx_hal_cortex.o(i.HAL_NVIC_EnableIRQ)
    HAL_NVIC_SetPriority                     0x080016a1   Thumb Code    60  stm32f4xx_hal_cortex.o(i.HAL_NVIC_SetPriority)
    HAL_NVIC_SetPriorityGrouping             0x080016e1   Thumb Code    26  stm32f4xx_hal_cortex.o(i.HAL_NVIC_SetPriorityGrouping)
    HAL_PCDEx_SetRxFiFo                      0x08001705   Thumb Code     8  stm32f4xx_hal_pcd_ex.o(i.HAL_PCDEx_SetRxFiFo)
    HAL_PCDEx_SetTxFiFo                      0x0800170d   Thumb Code    68  stm32f4xx_hal_pcd_ex.o(i.HAL_PCDEx_SetTxFiFo)
    HAL_PCD_ConnectCallback                  0x08001751   Thumb Code     8  usbd_conf.o(i.HAL_PCD_ConnectCallback)
    HAL_PCD_DataInStageCallback              0x08001759   Thumb Code    18  usbd_conf.o(i.HAL_PCD_DataInStageCallback)
    HAL_PCD_DataOutStageCallback             0x0800176b   Thumb Code    20  usbd_conf.o(i.HAL_PCD_DataOutStageCallback)
    HAL_PCD_DisconnectCallback               0x0800177f   Thumb Code     8  usbd_conf.o(i.HAL_PCD_DisconnectCallback)
    HAL_PCD_EP_Close                         0x08001787   Thumb Code    68  stm32f4xx_hal_pcd.o(i.HAL_PCD_EP_Close)
    HAL_PCD_EP_ClrStall                      0x080017cb   Thumb Code    80  stm32f4xx_hal_pcd.o(i.HAL_PCD_EP_ClrStall)
    HAL_PCD_EP_GetRxCount                    0x0800181b   Thumb Code    20  stm32f4xx_hal_pcd.o(i.HAL_PCD_EP_GetRxCount)
    HAL_PCD_EP_Open                          0x0800182f   Thumb Code    84  stm32f4xx_hal_pcd.o(i.HAL_PCD_EP_Open)
    HAL_PCD_EP_Receive                       0x08001885   Thumb Code    94  stm32f4xx_hal_pcd.o(i.HAL_PCD_EP_Receive)
    HAL_PCD_EP_SetStall                      0x080018e3   Thumb Code    96  stm32f4xx_hal_pcd.o(i.HAL_PCD_EP_SetStall)
    HAL_PCD_EP_Transmit                      0x08001943   Thumb Code    86  stm32f4xx_hal_pcd.o(i.HAL_PCD_EP_Transmit)
    HAL_PCD_IRQHandler                       0x08001999   Thumb Code   996  stm32f4xx_hal_pcd.o(i.HAL_PCD_IRQHandler)
    HAL_PCD_ISOINIncompleteCallback          0x08001d7d   Thumb Code     8  usbd_conf.o(i.HAL_PCD_ISOINIncompleteCallback)
    HAL_PCD_ISOOUTIncompleteCallback         0x08001d85   Thumb Code     8  usbd_conf.o(i.HAL_PCD_ISOOUTIncompleteCallback)
    HAL_PCD_Init                             0x08001d8d   Thumb Code   190  stm32f4xx_hal_pcd.o(i.HAL_PCD_Init)
    HAL_PCD_MspInit                          0x08001e4d   Thumb Code   110  usbd_conf.o(i.HAL_PCD_MspInit)
    HAL_PCD_ResetCallback                    0x08001ec5   Thumb Code    32  usbd_conf.o(i.HAL_PCD_ResetCallback)
    HAL_PCD_ResumeCallback                   0x08001ee5   Thumb Code     8  usbd_conf.o(i.HAL_PCD_ResumeCallback)
    HAL_PCD_SOFCallback                      0x08001eed   Thumb Code     8  usbd_conf.o(i.HAL_PCD_SOFCallback)
    HAL_PCD_SetAddress                       0x08001ef5   Thumb Code    36  stm32f4xx_hal_pcd.o(i.HAL_PCD_SetAddress)
    HAL_PCD_SetupStageCallback               0x08001f19   Thumb Code    14  usbd_conf.o(i.HAL_PCD_SetupStageCallback)
    HAL_PCD_Start                            0x08001f27   Thumb Code    42  stm32f4xx_hal_pcd.o(i.HAL_PCD_Start)
    HAL_PCD_SuspendCallback                  0x08001f51   Thumb Code     8  usbd_conf.o(i.HAL_PCD_SuspendCallback)
    HAL_RCC_ClockConfig                      0x08001f59   Thumb Code   432  stm32f4xx_hal_rcc.o(i.HAL_RCC_ClockConfig)
    HAL_RCC_GetHCLKFreq                      0x08002111   Thumb Code    38  stm32f4xx_hal_rcc.o(i.HAL_RCC_GetHCLKFreq)
    HAL_RCC_GetPCLK1Freq                     0x08002145   Thumb Code    36  stm32f4xx_hal_rcc.o(i.HAL_RCC_GetPCLK1Freq)
    HAL_RCC_GetPCLK2Freq                     0x08002171   Thumb Code    36  stm32f4xx_hal_rcc.o(i.HAL_RCC_GetPCLK2Freq)
    HAL_RCC_GetSysClockFreq                  0x0800219d   Thumb Code   120  stm32f4xx_hal_rcc.o(i.HAL_RCC_GetSysClockFreq)
    HAL_RCC_OscConfig                        0x0800221d   Thumb Code   802  stm32f4xx_hal_rcc.o(i.HAL_RCC_OscConfig)
    HAL_SYSTICK_Callback                     0x08002555   Thumb Code     2  stm32f4xx_hal_cortex.o(i.HAL_SYSTICK_Callback)
    HAL_SYSTICK_Config                       0x08002557   Thumb Code    40  stm32f4xx_hal_cortex.o(i.HAL_SYSTICK_Config)
    HAL_SYSTICK_IRQHandler                   0x0800257f   Thumb Code     8  stm32f4xx_hal_cortex.o(i.HAL_SYSTICK_IRQHandler)
    HAL_TIMEx_BreakCallback                  0x08002587   Thumb Code     2  stm32f4xx_hal_tim_ex.o(i.HAL_TIMEx_BreakCallback)
    HAL_TIMEx_CommutationCallback            0x08002589   Thumb Code     2  stm32f4xx_hal_tim_ex.o(i.HAL_TIMEx_CommutationCallback)
    HAL_TIMEx_ConfigBreakDeadTime            0x0800258b   Thumb Code    66  stm32f4xx_hal_tim_ex.o(i.HAL_TIMEx_ConfigBreakDeadTime)
    HAL_TIMEx_MasterConfigSynchronization    0x080025cd   Thumb Code    80  stm32f4xx_hal_tim_ex.o(i.HAL_TIMEx_MasterConfigSynchronization)
    HAL_TIM_Base_Init                        0x0800261d   Thumb Code    48  stm32f4xx_hal_tim.o(i.HAL_TIM_Base_Init)
    HAL_TIM_Base_MspInit                     0x0800264d   Thumb Code   122  tim.o(i.HAL_TIM_Base_MspInit)
    HAL_TIM_ConfigClockSource                0x080026dd   Thumb Code   242  stm32f4xx_hal_tim.o(i.HAL_TIM_ConfigClockSource)
    HAL_TIM_Encoder_Init                     0x080027cf   Thumb Code   144  stm32f4xx_hal_tim.o(i.HAL_TIM_Encoder_Init)
    HAL_TIM_Encoder_MspInit                  0x08002861   Thumb Code    80  tim.o(i.HAL_TIM_Encoder_MspInit)
    HAL_TIM_IC_CaptureCallback               0x080028bd   Thumb Code    54  main.o(i.HAL_TIM_IC_CaptureCallback)
    HAL_TIM_IC_ConfigChannel                 0x08002901   Thumb Code   266  stm32f4xx_hal_tim.o(i.HAL_TIM_IC_ConfigChannel)
    HAL_TIM_IC_Init                          0x08002a0b   Thumb Code    48  stm32f4xx_hal_tim.o(i.HAL_TIM_IC_Init)
    HAL_TIM_IC_MspInit                       0x08002a3b   Thumb Code     2  stm32f4xx_hal_tim.o(i.HAL_TIM_IC_MspInit)
    HAL_TIM_IRQHandler                       0x08002a3d   Thumb Code   358  stm32f4xx_hal_tim.o(i.HAL_TIM_IRQHandler)
    HAL_TIM_OC_DelayElapsedCallback          0x08002ba3   Thumb Code     2  stm32f4xx_hal_tim.o(i.HAL_TIM_OC_DelayElapsedCallback)
    HAL_TIM_OnePulse_Init                    0x08002ba5   Thumb Code    68  stm32f4xx_hal_tim.o(i.HAL_TIM_OnePulse_Init)
    HAL_TIM_OnePulse_MspInit                 0x08002be9   Thumb Code     2  stm32f4xx_hal_tim.o(i.HAL_TIM_OnePulse_MspInit)
    HAL_TIM_PWM_ConfigChannel                0x08002beb   Thumb Code   208  stm32f4xx_hal_tim.o(i.HAL_TIM_PWM_ConfigChannel)
    HAL_TIM_PWM_Init                         0x08002cbb   Thumb Code    48  stm32f4xx_hal_tim.o(i.HAL_TIM_PWM_Init)
    HAL_TIM_PWM_MspInit                      0x08002ced   Thumb Code    54  tim.o(i.HAL_TIM_PWM_MspInit)
    HAL_TIM_PWM_PulseFinishedCallback        0x08002d31   Thumb Code     2  stm32f4xx_hal_tim.o(i.HAL_TIM_PWM_PulseFinishedCallback)
    HAL_TIM_PeriodElapsedCallback            0x08002d35   Thumb Code    14  tim_handler.o(i.HAL_TIM_PeriodElapsedCallback)
    HAL_TIM_ReadCapturedValue                0x08002d49   Thumb Code    68  stm32f4xx_hal_tim.o(i.HAL_TIM_ReadCapturedValue)
    HAL_TIM_SlaveConfigSynchronization       0x08002d8d   Thumb Code   160  stm32f4xx_hal_tim.o(i.HAL_TIM_SlaveConfigSynchronization)
    HAL_TIM_TriggerCallback                  0x08002e2d   Thumb Code     2  stm32f4xx_hal_tim.o(i.HAL_TIM_TriggerCallback)
    HAL_UART_ErrorCallback                   0x08002e2f   Thumb Code     2  stm32f4xx_hal_uart.o(i.HAL_UART_ErrorCallback)
    HAL_UART_IRQHandler                      0x08002e31   Thumb Code   202  stm32f4xx_hal_uart.o(i.HAL_UART_IRQHandler)
    HAL_UART_Init                            0x08002efb   Thumb Code    92  stm32f4xx_hal_uart.o(i.HAL_UART_Init)
    HAL_UART_MspInit                         0x08002f59   Thumb Code   292  usart.o(i.HAL_UART_MspInit)
    HAL_UART_RxCpltCallback                  0x0800309d   Thumb Code     2  stm32f4xx_hal_uart.o(i.HAL_UART_RxCpltCallback)
    HAL_UART_TxCpltCallback                  0x0800309f   Thumb Code     2  stm32f4xx_hal_uart.o(i.HAL_UART_TxCpltCallback)
    MX_DMA_Init                              0x080030a1   Thumb Code   112  dma.o(i.MX_DMA_Init)
    MX_GPIO_Init                             0x08003115   Thumb Code   284  gpio.o(i.MX_GPIO_Init)
    MX_I2C2_Init                             0x08003249   Thumb Code    34  i2c.o(i.MX_I2C2_Init)
    MX_TIM11_Init                            0x08003279   Thumb Code    62  tim.o(i.MX_TIM11_Init)
    MX_TIM12_Init                            0x080032c1   Thumb Code   102  tim.o(i.MX_TIM12_Init)
    MX_TIM1_Init                             0x08003331   Thumb Code   104  tim.o(i.MX_TIM1_Init)
    MX_TIM2_Init                             0x080033a1   Thumb Code    66  tim.o(i.MX_TIM2_Init)
    MX_TIM3_Init                             0x080033e9   Thumb Code    64  tim.o(i.MX_TIM3_Init)
    MX_TIM7_Init                             0x08003431   Thumb Code    38  tim.o(i.MX_TIM7_Init)
    MX_USART1_UART_Init                      0x08003461   Thumb Code    32  usart.o(i.MX_USART1_UART_Init)
    MX_USART2_UART_Init                      0x08003489   Thumb Code    32  usart.o(i.MX_USART2_UART_Init)
    MX_USB_DEVICE_Init                       0x080034b1   Thumb Code    38  usb_device.o(i.MX_USB_DEVICE_Init)
    OTG_FS_IRQHandler                        0x08003509   Thumb Code    18  stm32f4xx_it.o(i.OTG_FS_IRQHandler)
    OTG_FS_WKUP_IRQHandler                   0x08003521   Thumb Code    18  stm32f4xx_it.o(i.OTG_FS_WKUP_IRQHandler)
    SysTick_Handler                          0x080035cf   Thumb Code    14  stm32f4xx_it.o(i.SysTick_Handler)
    SystemClock_Config                       0x080035dd   Thumb Code    94  main.o(i.SystemClock_Config)
    SystemInit                               0x08003645   Thumb Code    66  system_stm32f4xx.o(i.SystemInit)
    TIM7_IRQHandler                          0x08003699   Thumb Code    18  stm32f4xx_it.o(i.TIM7_IRQHandler)
    TIM_Base_SetConfig                       0x080036b1   Thumb Code   148  stm32f4xx_hal_tim.o(i.TIM_Base_SetConfig)
    TIM_OC2_SetConfig                        0x080037ed   Thumb Code    90  stm32f4xx_hal_tim.o(i.TIM_OC2_SetConfig)
    TIM_TI1_SetConfig                        0x08003925   Thumb Code    98  stm32f4xx_hal_tim.o(i.TIM_TI1_SetConfig)
    USART1_IRQHandler                        0x08003d49   Thumb Code    18  stm32f4xx_it.o(i.USART1_IRQHandler)
    USART2_IRQHandler                        0x08003d61   Thumb Code    18  stm32f4xx_it.o(i.USART2_IRQHandler)
    USBD_CDC_GetDeviceQualifierDescriptor    0x08003e1d   Thumb Code     8  usbd_cdc.o(i.USBD_CDC_GetDeviceQualifierDescriptor)
    USBD_CDC_RegisterInterface               0x08003ed5   Thumb Code    16  usbd_cdc.o(i.USBD_CDC_RegisterInterface)
    USBD_CDC_SetRxBuffer                     0x08003ee5   Thumb Code    12  usbd_cdc.o(i.USBD_CDC_SetRxBuffer)
    USBD_CDC_SetTxBuffer                     0x08003ef1   Thumb Code    16  usbd_cdc.o(i.USBD_CDC_SetTxBuffer)
    USBD_ClrClassConfig                      0x08003f5d   Thumb Code    14  usbd_core.o(i.USBD_ClrClassConfig)
    USBD_CtlContinueRx                       0x08003f6b   Thumb Code    16  usbd_ioreq.o(i.USBD_CtlContinueRx)
    USBD_CtlContinueSendData                 0x08003f7b   Thumb Code    16  usbd_ioreq.o(i.USBD_CtlContinueSendData)
    USBD_CtlError                            0x08003f8b   Thumb Code    22  usbd_ctlreq.o(i.USBD_CtlError)
    USBD_CtlPrepareRx                        0x08003fa1   Thumb Code    30  usbd_ioreq.o(i.USBD_CtlPrepareRx)
    USBD_CtlReceiveStatus                    0x08003fbf   Thumb Code    22  usbd_ioreq.o(i.USBD_CtlReceiveStatus)
    USBD_CtlSendData                         0x08003fd5   Thumb Code    26  usbd_ioreq.o(i.USBD_CtlSendData)
    USBD_CtlSendStatus                       0x08003fef   Thumb Code    22  usbd_ioreq.o(i.USBD_CtlSendStatus)
    USBD_FS_ConfigStrDescriptor              0x08004005   Thumb Code    16  usbd_desc.o(i.USBD_FS_ConfigStrDescriptor)
    USBD_FS_DeviceDescriptor                 0x08004025   Thumb Code     8  usbd_desc.o(i.USBD_FS_DeviceDescriptor)
    USBD_FS_InterfaceStrDescriptor           0x08004031   Thumb Code    16  usbd_desc.o(i.USBD_FS_InterfaceStrDescriptor)
    USBD_FS_LangIDStrDescriptor              0x08004055   Thumb Code     8  usbd_desc.o(i.USBD_FS_LangIDStrDescriptor)
    USBD_FS_ManufacturerStrDescriptor        0x08004061   Thumb Code    16  usbd_desc.o(i.USBD_FS_ManufacturerStrDescriptor)
    USBD_FS_ProductStrDescriptor             0x08004089   Thumb Code    16  usbd_desc.o(i.USBD_FS_ProductStrDescriptor)
    USBD_FS_SerialStrDescriptor              0x080040b5   Thumb Code    16  usbd_desc.o(i.USBD_FS_SerialStrDescriptor)
    USBD_GetString                           0x080041b9   Thumb Code    70  usbd_ctlreq.o(i.USBD_GetString)
    USBD_Init                                0x080041ff   Thumb Code    42  usbd_core.o(i.USBD_Init)
    USBD_LL_ClearStallEP                     0x08004229   Thumb Code    14  usbd_conf.o(i.USBD_LL_ClearStallEP)
    USBD_LL_CloseEP                          0x08004237   Thumb Code    14  usbd_conf.o(i.USBD_LL_CloseEP)
    USBD_LL_DataInStage                      0x08004245   Thumb Code   160  usbd_core.o(i.USBD_LL_DataInStage)
    USBD_LL_DataOutStage                     0x080042e5   Thumb Code   106  usbd_core.o(i.USBD_LL_DataOutStage)
    USBD_LL_DevConnected                     0x0800434f   Thumb Code     4  usbd_core.o(i.USBD_LL_DevConnected)
    USBD_LL_DevDisconnected                  0x08004353   Thumb Code    22  usbd_core.o(i.USBD_LL_DevDisconnected)
    USBD_LL_GetRxDataSize                    0x08004369   Thumb Code     8  usbd_conf.o(i.USBD_LL_GetRxDataSize)
    USBD_LL_Init                             0x08004371   Thumb Code    88  usbd_conf.o(i.USBD_LL_Init)
    USBD_LL_IsStallEP                        0x080043cd   Thumb Code    32  usbd_conf.o(i.USBD_LL_IsStallEP)
    USBD_LL_IsoINIncomplete                  0x080043ed   Thumb Code     4  usbd_core.o(i.USBD_LL_IsoINIncomplete)
    USBD_LL_IsoOUTIncomplete                 0x080043f1   Thumb Code     4  usbd_core.o(i.USBD_LL_IsoOUTIncomplete)
    USBD_LL_OpenEP                           0x080043f5   Thumb Code    20  usbd_conf.o(i.USBD_LL_OpenEP)
    USBD_LL_PrepareReceive                   0x08004409   Thumb Code    14  usbd_conf.o(i.USBD_LL_PrepareReceive)
    USBD_LL_Reset                            0x08004417   Thumb Code    62  usbd_core.o(i.USBD_LL_Reset)
    USBD_LL_Resume                           0x08004455   Thumb Code    12  usbd_core.o(i.USBD_LL_Resume)
    USBD_LL_SOF                              0x08004461   Thumb Code    24  usbd_core.o(i.USBD_LL_SOF)
    USBD_LL_SetSpeed                         0x08004479   Thumb Code     6  usbd_core.o(i.USBD_LL_SetSpeed)
    USBD_LL_SetUSBAddress                    0x0800447f   Thumb Code    14  usbd_conf.o(i.USBD_LL_SetUSBAddress)
    USBD_LL_SetupStage                       0x0800448d   Thumb Code    90  usbd_core.o(i.USBD_LL_SetupStage)
    USBD_LL_StallEP                          0x080044e7   Thumb Code    14  usbd_conf.o(i.USBD_LL_StallEP)
    USBD_LL_Start                            0x080044f5   Thumb Code    14  usbd_conf.o(i.USBD_LL_Start)
    USBD_LL_Suspend                          0x08004503   Thumb Code    18  usbd_core.o(i.USBD_LL_Suspend)
    USBD_LL_Transmit                         0x08004515   Thumb Code    14  usbd_conf.o(i.USBD_LL_Transmit)
    USBD_ParseSetupRequest                   0x08004523   Thumb Code    40  usbd_ctlreq.o(i.USBD_ParseSetupRequest)
    USBD_RegisterClass                       0x0800454b   Thumb Code    16  usbd_core.o(i.USBD_RegisterClass)
    USBD_SetClassConfig                      0x0800455b   Thumb Code    22  usbd_core.o(i.USBD_SetClassConfig)
    USBD_Start                               0x080045e5   Thumb Code    10  usbd_core.o(i.USBD_Start)
    USBD_StdDevReq                           0x080045ef   Thumb Code   242  usbd_ctlreq.o(i.USBD_StdDevReq)
    USBD_StdEPReq                            0x080046e1   Thumb Code   192  usbd_ctlreq.o(i.USBD_StdEPReq)
    USBD_StdItfReq                           0x080047a1   Thumb Code    52  usbd_ctlreq.o(i.USBD_StdItfReq)
    USB_ActivateEndpoint                     0x080047d5   Thumb Code   122  stm32f4xx_ll_usb.o(i.USB_ActivateEndpoint)
    USB_ActivateSetup                        0x08004855   Thumb Code    52  stm32f4xx_ll_usb.o(i.USB_ActivateSetup)
    USB_CoreInit                             0x08004889   Thumb Code   104  stm32f4xx_ll_usb.o(i.USB_CoreInit)
    USB_DeactivateEndpoint                   0x0800492d   Thumb Code   110  stm32f4xx_ll_usb.o(i.USB_DeactivateEndpoint)
    USB_DevConnect                           0x0800499b   Thumb Code    24  stm32f4xx_ll_usb.o(i.USB_DevConnect)
    USB_DevDisconnect                        0x080049b3   Thumb Code    24  stm32f4xx_ll_usb.o(i.USB_DevDisconnect)
    USB_DevInit                              0x080049cd   Thumb Code   306  stm32f4xx_ll_usb.o(i.USB_DevInit)
    USB_DisableGlobalInt                     0x08004b11   Thumb Code    12  stm32f4xx_ll_usb.o(i.USB_DisableGlobalInt)
    USB_EP0StartXfer                         0x08004b1d   Thumb Code   316  stm32f4xx_ll_usb.o(i.USB_EP0StartXfer)
    USB_EP0_OutStart                         0x08004c5d   Thumb Code    62  stm32f4xx_ll_usb.o(i.USB_EP0_OutStart)
    USB_EPClearStall                         0x08004c9b   Thumb Code   100  stm32f4xx_ll_usb.o(i.USB_EPClearStall)
    USB_EPSetStall                           0x08004cff   Thumb Code    94  stm32f4xx_ll_usb.o(i.USB_EPSetStall)
    USB_EPStartXfer                          0x08004d5d   Thumb Code   534  stm32f4xx_ll_usb.o(i.USB_EPStartXfer)
    USB_EnableGlobalInt                      0x08004f79   Thumb Code    12  stm32f4xx_ll_usb.o(i.USB_EnableGlobalInt)
    USB_FlushRxFifo                          0x08004f85   Thumb Code    28  stm32f4xx_ll_usb.o(i.USB_FlushRxFifo)
    USB_FlushTxFifo                          0x08004fa5   Thumb Code    32  stm32f4xx_ll_usb.o(i.USB_FlushTxFifo)
    USB_GetDevSpeed                          0x08004fc9   Thumb Code    60  stm32f4xx_ll_usb.o(i.USB_GetDevSpeed)
    USB_GetMode                              0x08005005   Thumb Code     8  stm32f4xx_ll_usb.o(i.USB_GetMode)
    USB_ReadDevAllInEpInterrupt              0x0800500d   Thumb Code    14  stm32f4xx_ll_usb.o(i.USB_ReadDevAllInEpInterrupt)
    USB_ReadDevAllOutEpInterrupt             0x0800501b   Thumb Code    14  stm32f4xx_ll_usb.o(i.USB_ReadDevAllOutEpInterrupt)
    USB_ReadDevInEPInterrupt                 0x08005029   Thumb Code    30  stm32f4xx_ll_usb.o(i.USB_ReadDevInEPInterrupt)
    USB_ReadDevOutEPInterrupt                0x08005047   Thumb Code    16  stm32f4xx_ll_usb.o(i.USB_ReadDevOutEPInterrupt)
    USB_ReadInterrupts                       0x08005057   Thumb Code     8  stm32f4xx_ll_usb.o(i.USB_ReadInterrupts)
    USB_ReadPacket                           0x0800505f   Thumb Code    32  stm32f4xx_ll_usb.o(i.USB_ReadPacket)
    USB_SetCurrentMode                       0x0800507f   Thumb Code    44  stm32f4xx_ll_usb.o(i.USB_SetCurrentMode)
    USB_SetDevAddress                        0x080050ab   Thumb Code    34  stm32f4xx_ll_usb.o(i.USB_SetDevAddress)
    USB_WritePacket                          0x080050cd   Thumb Code    40  stm32f4xx_ll_usb.o(i.USB_WritePacket)
    __scatterload_copy                       0x080050f5   Thumb Code    14  handlers.o(i.__scatterload_copy)
    __scatterload_null                       0x08005103   Thumb Code     2  handlers.o(i.__scatterload_null)
    __scatterload_zeroinit                   0x08005105   Thumb Code    14  handlers.o(i.__scatterload_zeroinit)
    free                                     0x08005115   Thumb Code    76  malloc.o(i.free)
    main                                     0x08005165   Thumb Code   172  main.o(i.main)
    malloc                                   0x08005211   Thumb Code    92  malloc.o(i.malloc)
    on_RGB_led_timer_timeout                 0x0800527d   Thumb Code   104  leds_handler.o(i.on_RGB_led_timer_timeout)
    resetRgbLeds                             0x080052ed   Thumb Code   150  leds_handler.o(i.resetRgbLeds)
    setStateLedColor                         0x08005389   Thumb Code   324  leds_handler.o(i.setStateLedColor)
    APBAHBPrescTable                         0x080054d0   Data          16  stm32f4xx_hal_rcc.o(.constdata)
    Region$$Table$$Base                      0x080054e0   Number         0  anon$$obj.o(Region$$Table)
    Region$$Table$$Limit                     0x08005500   Number         0  anon$$obj.o(Region$$Table)
    ic_val                                   0x20000000   Data           4  main.o(.data)
    range_mm                                 0x20000004   Data           4  main.o(.data)
    USBD_Interface_fops_FS                   0x20000008   Data          16  usbd_cdc_if.o(.data)
    hUsbDevice_0                             0x20000018   Data           4  usbd_cdc_if.o(.data)
    FS_Desc                                  0x2000001c   Data          28  usbd_desc.o(.data)
    USBD_LangIDDesc                          0x20000038   Data           4  usbd_desc.o(.data)
    USBD_FS_DeviceDesc                       0x2000003c   Data          18  usbd_desc.o(.data)
    SystemCoreClock                          0x20000050   Data           4  system_stm32f4xx.o(.data)
    AHBPrescTable                            0x20000054   Data          16  system_stm32f4xx.o(.data)
    USBD_CDC_CfgHSDesc                       0x20000074   Data          67  usbd_cdc.o(.data)
    USBD_CDC_CfgFSDesc                       0x200000b8   Data          67  usbd_cdc.o(.data)
    USBD_CDC_OtherSpeedCfgDesc               0x200000fc   Data          67  usbd_cdc.o(.data)
    USBD_CDC                                 0x20000140   Data          56  usbd_cdc.o(.data)
    __microlib_freelist                      0x2000017c   Data           4  mvars.o(.data)
    __microlib_freelist_initialised          0x20000180   Data           4  mvars.o(.data)
    hi2c2                                    0x20000184   Data          56  i2c.o(.bss)
    htim1                                    0x200001bc   Data          60  tim.o(.bss)
    htim2                                    0x200001f8   Data          60  tim.o(.bss)
    htim3                                    0x20000234   Data          60  tim.o(.bss)
    htim7                                    0x20000270   Data          60  tim.o(.bss)
    htim11                                   0x200002ac   Data          60  tim.o(.bss)
    htim12                                   0x200002e8   Data          60  tim.o(.bss)
    huart1                                   0x20000324   Data          60  usart.o(.bss)
    huart2                                   0x20000360   Data          60  usart.o(.bss)
    hdma_usart1_rx                           0x2000039c   Data          80  usart.o(.bss)
    hdma_usart1_tx                           0x200003ec   Data          80  usart.o(.bss)
    hdma_usart2_rx                           0x2000043c   Data          80  usart.o(.bss)
    hdma_usart2_tx                           0x2000048c   Data          80  usart.o(.bss)
    hUsbDeviceFS                             0x200004dc   Data         548  usb_device.o(.bss)
    UserRxBuffer                             0x20000700   Data         512  usbd_cdc_if.o(.bss)
    UserTxBuffer                             0x20000900   Data         512  usbd_cdc_if.o(.bss)
    hpcd_USB_OTG_FS                          0x20000b00   Data         944  usbd_conf.o(.bss)
    USBD_StrDesc                             0x20000eb0   Data         512  usbd_desc.o(.bss)
    __heap_base                              0x20001110   Data           0  startup_stm32f407xx.o(HEAP)
    __heap_limit                             0x20001310   Data           0  startup_stm32f407xx.o(HEAP)
    __initial_sp                             0x20001710   Data           0  startup_stm32f407xx.o(STACK)



==============================================================================

Memory Map of the image

  Image Entry point : 0x08000189

  Load Region LR_IROM1 (Base: 0x08000000, Size: 0x00005684, Max: 0x00100000, ABSOLUTE, COMPRESSED[0x000055c0])

    Execution Region ER_IROM1 (Base: 0x08000000, Size: 0x00005500, Max: 0x00100000, ABSOLUTE)

    Base Addr    Size         Type   Attr      Idx    E Section Name        Object

    0x08000000   0x00000188   Data   RO            3    RESET               startup_stm32f407xx.o
    0x08000188   0x00000000   Code   RO         4088  * .ARM.Collect$$$$00000000  mc_w.l(entry.o)
    0x08000188   0x00000004   Code   RO         4123    .ARM.Collect$$$$00000001  mc_w.l(entry2.o)
    0x0800018c   0x00000004   Code   RO         4126    .ARM.Collect$$$$00000004  mc_w.l(entry5.o)
    0x08000190   0x00000000   Code   RO         4128    .ARM.Collect$$$$00000008  mc_w.l(entry7b.o)
    0x08000190   0x00000000   Code   RO         4130    .ARM.Collect$$$$0000000A  mc_w.l(entry8b.o)
    0x08000190   0x00000008   Code   RO         4131    .ARM.Collect$$$$0000000B  mc_w.l(entry9a.o)
    0x08000198   0x00000000   Code   RO         4133    .ARM.Collect$$$$0000000D  mc_w.l(entry10a.o)
    0x08000198   0x00000000   Code   RO         4135    .ARM.Collect$$$$0000000F  mc_w.l(entry11a.o)
    0x08000198   0x00000004   Code   RO         4124    .ARM.Collect$$$$00002712  mc_w.l(entry2.o)
    0x0800019c   0x00000024   Code   RO            4    .text               startup_stm32f407xx.o
    0x080001c0   0x00000024   Code   RO         4091    .text               mc_w.l(memcpya.o)
    0x080001e4   0x00000024   Code   RO         4139    .text               mc_w.l(init.o)
    0x08000208   0x00000056   Code   RO         4149    .text               mc_w.l(__dczerorl2.o)
    0x0800025e   0x00000004   Code   RO          523    i.CDC_Control_FS    usbd_cdc_if.o
    0x08000262   0x00000004   Code   RO          524    i.CDC_DeInit_FS     usbd_cdc_if.o
    0x08000266   0x00000002   PAD
    0x08000268   0x0000002c   Code   RO          525    i.CDC_Init_FS       usbd_cdc_if.o
    0x08000294   0x00000004   Code   RO          526    i.CDC_Receive_FS    usbd_cdc_if.o
    0x08000298   0x00000018   Code   RO          262    i.DMA1_Stream5_IRQHandler  stm32f4xx_it.o
    0x080002b0   0x00000018   Code   RO          263    i.DMA1_Stream6_IRQHandler  stm32f4xx_it.o
    0x080002c8   0x00000018   Code   RO          264    i.DMA2_Stream2_IRQHandler  stm32f4xx_it.o
    0x080002e0   0x00000018   Code   RO          265    i.DMA2_Stream7_IRQHandler  stm32f4xx_it.o
    0x080002f8   0x00000f6c   Code   RO         1223    i.HAL_DMA_IRQHandler  stm32f4xx_hal_dma.o
    0x08001264   0x00000070   Code   RO         1224    i.HAL_DMA_Init      stm32f4xx_hal_dma.o
    0x080012d4   0x00000016   Code   RO          964    i.HAL_Delay         stm32f4xx_hal.o
    0x080012ea   0x00000002   PAD
    0x080012ec   0x000001c4   Code   RO         1509    i.HAL_GPIO_Init     stm32f4xx_hal_gpio.o
    0x080014b0   0x00000008   Code   RO         1512    i.HAL_GPIO_TogglePin  stm32f4xx_hal_gpio.o
    0x080014b8   0x0000000a   Code   RO         1513    i.HAL_GPIO_WritePin  stm32f4xx_hal_gpio.o
    0x080014c2   0x00000002   PAD
    0x080014c4   0x0000000c   Code   RO          976    i.HAL_GetTick       stm32f4xx_hal.o
    0x080014d0   0x000000f8   Code   RO         1574    i.HAL_I2C_Init      stm32f4xx_hal_i2c.o
    0x080015c8   0x00000044   Code   RO          155    i.HAL_I2C_MspInit   i2c.o
    0x0800160c   0x00000010   Code   RO          977    i.HAL_IncTick       stm32f4xx_hal.o
    0x0800161c   0x00000034   Code   RO          978    i.HAL_Init          stm32f4xx_hal.o
    0x08001650   0x00000022   Code   RO          979    i.HAL_InitTick      stm32f4xx_hal.o
    0x08001672   0x00000002   Code   RO          981    i.HAL_MspInit       stm32f4xx_hal.o
    0x08001674   0x00000016   Code   RO         1105    i.HAL_NVIC_ClearPendingIRQ  stm32f4xx_hal_cortex.o
    0x0800168a   0x00000016   Code   RO         1107    i.HAL_NVIC_EnableIRQ  stm32f4xx_hal_cortex.o
    0x080016a0   0x00000040   Code   RO         1113    i.HAL_NVIC_SetPriority  stm32f4xx_hal_cortex.o
    0x080016e0   0x00000024   Code   RO         1114    i.HAL_NVIC_SetPriorityGrouping  stm32f4xx_hal_cortex.o
    0x08001704   0x00000008   Code   RO         3711    i.HAL_PCDEx_SetRxFiFo  stm32f4xx_hal_pcd_ex.o
    0x0800170c   0x00000044   Code   RO         3712    i.HAL_PCDEx_SetTxFiFo  stm32f4xx_hal_pcd_ex.o
    0x08001750   0x00000008   Code   RO          594    i.HAL_PCD_ConnectCallback  usbd_conf.o
    0x08001758   0x00000012   Code   RO          595    i.HAL_PCD_DataInStageCallback  usbd_conf.o
    0x0800176a   0x00000014   Code   RO          596    i.HAL_PCD_DataOutStageCallback  usbd_conf.o
    0x0800177e   0x00000008   Code   RO          597    i.HAL_PCD_DisconnectCallback  usbd_conf.o
    0x08001786   0x00000044   Code   RO         1889    i.HAL_PCD_EP_Close  stm32f4xx_hal_pcd.o
    0x080017ca   0x00000050   Code   RO         1890    i.HAL_PCD_EP_ClrStall  stm32f4xx_hal_pcd.o
    0x0800181a   0x00000014   Code   RO         1892    i.HAL_PCD_EP_GetRxCount  stm32f4xx_hal_pcd.o
    0x0800182e   0x00000054   Code   RO         1893    i.HAL_PCD_EP_Open   stm32f4xx_hal_pcd.o
    0x08001882   0x00000002   PAD
    0x08001884   0x0000005e   Code   RO         1894    i.HAL_PCD_EP_Receive  stm32f4xx_hal_pcd.o
    0x080018e2   0x00000060   Code   RO         1895    i.HAL_PCD_EP_SetStall  stm32f4xx_hal_pcd.o
    0x08001942   0x00000056   Code   RO         1896    i.HAL_PCD_EP_Transmit  stm32f4xx_hal_pcd.o
    0x08001998   0x000003e4   Code   RO         1898    i.HAL_PCD_IRQHandler  stm32f4xx_hal_pcd.o
    0x08001d7c   0x00000008   Code   RO          598    i.HAL_PCD_ISOINIncompleteCallback  usbd_conf.o
    0x08001d84   0x00000008   Code   RO          599    i.HAL_PCD_ISOOUTIncompleteCallback  usbd_conf.o
    0x08001d8c   0x000000be   Code   RO         1901    i.HAL_PCD_Init      stm32f4xx_hal_pcd.o
    0x08001e4a   0x00000002   PAD
    0x08001e4c   0x00000078   Code   RO          601    i.HAL_PCD_MspInit   usbd_conf.o
    0x08001ec4   0x00000020   Code   RO          602    i.HAL_PCD_ResetCallback  usbd_conf.o
    0x08001ee4   0x00000008   Code   RO          603    i.HAL_PCD_ResumeCallback  usbd_conf.o
    0x08001eec   0x00000008   Code   RO          604    i.HAL_PCD_SOFCallback  usbd_conf.o
    0x08001ef4   0x00000024   Code   RO         1907    i.HAL_PCD_SetAddress  stm32f4xx_hal_pcd.o
    0x08001f18   0x0000000e   Code   RO          605    i.HAL_PCD_SetupStageCallback  usbd_conf.o
    0x08001f26   0x0000002a   Code   RO         1909    i.HAL_PCD_Start     stm32f4xx_hal_pcd.o
    0x08001f50   0x00000008   Code   RO          606    i.HAL_PCD_SuspendCallback  usbd_conf.o
    0x08001f58   0x000001b8   Code   RO         2222    i.HAL_RCC_ClockConfig  stm32f4xx_hal_rcc.o
    0x08002110   0x00000034   Code   RO         2227    i.HAL_RCC_GetHCLKFreq  stm32f4xx_hal_rcc.o
    0x08002144   0x0000002c   Code   RO         2229    i.HAL_RCC_GetPCLK1Freq  stm32f4xx_hal_rcc.o
    0x08002170   0x0000002c   Code   RO         2230    i.HAL_RCC_GetPCLK2Freq  stm32f4xx_hal_rcc.o
    0x0800219c   0x00000080   Code   RO         2231    i.HAL_RCC_GetSysClockFreq  stm32f4xx_hal_rcc.o
    0x0800221c   0x00000338   Code   RO         2234    i.HAL_RCC_OscConfig  stm32f4xx_hal_rcc.o
    0x08002554   0x00000002   Code   RO         1117    i.HAL_SYSTICK_Callback  stm32f4xx_hal_cortex.o
    0x08002556   0x00000028   Code   RO         1118    i.HAL_SYSTICK_Config  stm32f4xx_hal_cortex.o
    0x0800257e   0x00000008   Code   RO         1119    i.HAL_SYSTICK_IRQHandler  stm32f4xx_hal_cortex.o
    0x08002586   0x00000002   Code   RO         2964    i.HAL_TIMEx_BreakCallback  stm32f4xx_hal_tim_ex.o
    0x08002588   0x00000002   Code   RO         2965    i.HAL_TIMEx_CommutationCallback  stm32f4xx_hal_tim_ex.o
    0x0800258a   0x00000042   Code   RO         2966    i.HAL_TIMEx_ConfigBreakDeadTime  stm32f4xx_hal_tim_ex.o
    0x080025cc   0x00000050   Code   RO         2982    i.HAL_TIMEx_MasterConfigSynchronization  stm32f4xx_hal_tim_ex.o
    0x0800261c   0x00000030   Code   RO         2350    i.HAL_TIM_Base_Init  stm32f4xx_hal_tim.o
    0x0800264c   0x00000090   Code   RO          341    i.HAL_TIM_Base_MspInit  tim.o
    0x080026dc   0x000000f2   Code   RO         2359    i.HAL_TIM_ConfigClockSource  stm32f4xx_hal_tim.o
    0x080027ce   0x00000090   Code   RO         2371    i.HAL_TIM_Encoder_Init  stm32f4xx_hal_tim.o
    0x0800285e   0x00000002   PAD
    0x08002860   0x0000005c   Code   RO          343    i.HAL_TIM_Encoder_MspInit  tim.o
    0x080028bc   0x00000044   Code   RO          192    i.HAL_TIM_IC_CaptureCallback  main.o
    0x08002900   0x0000010a   Code   RO         2383    i.HAL_TIM_IC_ConfigChannel  stm32f4xx_hal_tim.o
    0x08002a0a   0x00000030   Code   RO         2386    i.HAL_TIM_IC_Init   stm32f4xx_hal_tim.o
    0x08002a3a   0x00000002   Code   RO         2388    i.HAL_TIM_IC_MspInit  stm32f4xx_hal_tim.o
    0x08002a3c   0x00000166   Code   RO         2395    i.HAL_TIM_IRQHandler  stm32f4xx_hal_tim.o
    0x08002ba2   0x00000002   Code   RO         2398    i.HAL_TIM_OC_DelayElapsedCallback  stm32f4xx_hal_tim.o
    0x08002ba4   0x00000044   Code   RO         2412    i.HAL_TIM_OnePulse_Init  stm32f4xx_hal_tim.o
    0x08002be8   0x00000002   Code   RO         2414    i.HAL_TIM_OnePulse_MspInit  stm32f4xx_hal_tim.o
    0x08002bea   0x000000d0   Code   RO         2419    i.HAL_TIM_PWM_ConfigChannel  stm32f4xx_hal_tim.o
    0x08002cba   0x00000030   Code   RO         2422    i.HAL_TIM_PWM_Init  stm32f4xx_hal_tim.o
    0x08002cea   0x00000002   PAD
    0x08002cec   0x00000044   Code   RO          345    i.HAL_TIM_PWM_MspInit  tim.o
    0x08002d30   0x00000002   Code   RO         2425    i.HAL_TIM_PWM_PulseFinishedCallback  stm32f4xx_hal_tim.o
    0x08002d32   0x00000002   PAD
    0x08002d34   0x00000014   Code   RO          908    i.HAL_TIM_PeriodElapsedCallback  tim_handler.o
    0x08002d48   0x00000044   Code   RO         2433    i.HAL_TIM_ReadCapturedValue  stm32f4xx_hal_tim.o
    0x08002d8c   0x000000a0   Code   RO         2434    i.HAL_TIM_SlaveConfigSynchronization  stm32f4xx_hal_tim.o
    0x08002e2c   0x00000002   Code   RO         2435    i.HAL_TIM_TriggerCallback  stm32f4xx_hal_tim.o
    0x08002e2e   0x00000002   Code   RO         3211    i.HAL_UART_ErrorCallback  stm32f4xx_hal_uart.o
    0x08002e30   0x000000ca   Code   RO         3214    i.HAL_UART_IRQHandler  stm32f4xx_hal_uart.o
    0x08002efa   0x0000005c   Code   RO         3215    i.HAL_UART_Init     stm32f4xx_hal_uart.o
    0x08002f56   0x00000002   PAD
    0x08002f58   0x00000144   Code   RO          433    i.HAL_UART_MspInit  usart.o
    0x0800309c   0x00000002   Code   RO         3221    i.HAL_UART_RxCpltCallback  stm32f4xx_hal_uart.o
    0x0800309e   0x00000002   Code   RO         3226    i.HAL_UART_TxCpltCallback  stm32f4xx_hal_uart.o
    0x080030a0   0x00000074   Code   RO           12    i.MX_DMA_Init       dma.o
    0x08003114   0x00000134   Code   RO          131    i.MX_GPIO_Init      gpio.o
    0x08003248   0x00000030   Code   RO          156    i.MX_I2C2_Init      i2c.o
    0x08003278   0x00000048   Code   RO          346    i.MX_TIM11_Init     tim.o
    0x080032c0   0x00000070   Code   RO          347    i.MX_TIM12_Init     tim.o
    0x08003330   0x00000070   Code   RO          348    i.MX_TIM1_Init      tim.o
    0x080033a0   0x00000048   Code   RO          349    i.MX_TIM2_Init      tim.o
    0x080033e8   0x00000048   Code   RO          350    i.MX_TIM3_Init      tim.o
    0x08003430   0x00000030   Code   RO          351    i.MX_TIM7_Init      tim.o
    0x08003460   0x00000028   Code   RO          434    i.MX_USART1_UART_Init  usart.o
    0x08003488   0x00000028   Code   RO          435    i.MX_USART2_UART_Init  usart.o
    0x080034b0   0x00000038   Code   RO          476    i.MX_USB_DEVICE_Init  usb_device.o
    0x080034e8   0x00000020   Code   RO         1120    i.NVIC_SetPriority  stm32f4xx_hal_cortex.o
    0x08003508   0x00000018   Code   RO          266    i.OTG_FS_IRQHandler  stm32f4xx_it.o
    0x08003520   0x00000018   Code   RO          267    i.OTG_FS_WKUP_IRQHandler  stm32f4xx_it.o
    0x08003538   0x00000096   Code   RO         1912    i.PCD_WriteEmptyTxFifo  stm32f4xx_hal_pcd.o
    0x080035ce   0x0000000e   Code   RO          268    i.SysTick_Handler   stm32f4xx_it.o
    0x080035dc   0x00000068   Code   RO          193    i.SystemClock_Config  main.o
    0x08003644   0x00000054   Code   RO          932    i.SystemInit        system_stm32f4xx.o
    0x08003698   0x00000018   Code   RO          269    i.TIM7_IRQHandler   stm32f4xx_it.o
    0x080036b0   0x000000c0   Code   RO         2436    i.TIM_Base_SetConfig  stm32f4xx_hal_tim.o
    0x08003770   0x00000014   Code   RO         2440    i.TIM_ETR_SetConfig  stm32f4xx_hal_tim.o
    0x08003784   0x00000010   Code   RO         2441    i.TIM_ITRx_SetConfig  stm32f4xx_hal_tim.o
    0x08003794   0x00000058   Code   RO         2442    i.TIM_OC1_SetConfig  stm32f4xx_hal_tim.o
    0x080037ec   0x00000064   Code   RO         2443    i.TIM_OC2_SetConfig  stm32f4xx_hal_tim.o
    0x08003850   0x00000060   Code   RO         2444    i.TIM_OC3_SetConfig  stm32f4xx_hal_tim.o
    0x080038b0   0x00000050   Code   RO         2445    i.TIM_OC4_SetConfig  stm32f4xx_hal_tim.o
    0x08003900   0x00000022   Code   RO         2446    i.TIM_TI1_ConfigInputStage  stm32f4xx_hal_tim.o
    0x08003922   0x00000002   PAD
    0x08003924   0x00000080   Code   RO         2447    i.TIM_TI1_SetConfig  stm32f4xx_hal_tim.o
    0x080039a4   0x00000024   Code   RO         2448    i.TIM_TI2_ConfigInputStage  stm32f4xx_hal_tim.o
    0x080039c8   0x0000002c   Code   RO         2449    i.TIM_TI2_SetConfig  stm32f4xx_hal_tim.o
    0x080039f4   0x000000a8   Code   RO         3233    i.UART_Receive_IT   stm32f4xx_hal_uart.o
    0x08003a9c   0x00000178   Code   RO         3234    i.UART_SetConfig    stm32f4xx_hal_uart.o
    0x08003c14   0x000000a2   Code   RO         3235    i.UART_Transmit_IT  stm32f4xx_hal_uart.o
    0x08003cb6   0x00000092   Code   RO         3236    i.UART_WaitOnFlagUntilTimeout  stm32f4xx_hal_uart.o
    0x08003d48   0x00000018   Code   RO          270    i.USART1_IRQHandler  stm32f4xx_it.o
    0x08003d60   0x00000018   Code   RO          271    i.USART2_IRQHandler  stm32f4xx_it.o
    0x08003d78   0x00000014   Code   RO         3737    i.USBD_CDC_DataIn   usbd_cdc.o
    0x08003d8c   0x0000002e   Code   RO         3738    i.USBD_CDC_DataOut  usbd_cdc.o
    0x08003dba   0x0000003c   Code   RO         3739    i.USBD_CDC_DeInit   usbd_cdc.o
    0x08003df6   0x00000024   Code   RO         3740    i.USBD_CDC_EP0_RxReady  usbd_cdc.o
    0x08003e1a   0x00000002   PAD
    0x08003e1c   0x0000000c   Code   RO         3741    i.USBD_CDC_GetDeviceQualifierDescriptor  usbd_cdc.o
    0x08003e28   0x0000000c   Code   RO         3742    i.USBD_CDC_GetFSCfgDesc  usbd_cdc.o
    0x08003e34   0x0000000c   Code   RO         3743    i.USBD_CDC_GetHSCfgDesc  usbd_cdc.o
    0x08003e40   0x0000000c   Code   RO         3744    i.USBD_CDC_GetOtherSpeedCfgDesc  usbd_cdc.o
    0x08003e4c   0x00000088   Code   RO         3745    i.USBD_CDC_Init     usbd_cdc.o
    0x08003ed4   0x00000010   Code   RO         3747    i.USBD_CDC_RegisterInterface  usbd_cdc.o
    0x08003ee4   0x0000000c   Code   RO         3748    i.USBD_CDC_SetRxBuffer  usbd_cdc.o
    0x08003ef0   0x00000010   Code   RO         3749    i.USBD_CDC_SetTxBuffer  usbd_cdc.o
    0x08003f00   0x0000005c   Code   RO         3750    i.USBD_CDC_Setup    usbd_cdc.o
    0x08003f5c   0x0000000e   Code   RO         3839    i.USBD_ClrClassConfig  usbd_core.o
    0x08003f6a   0x00000010   Code   RO         4034    i.USBD_CtlContinueRx  usbd_ioreq.o
    0x08003f7a   0x00000010   Code   RO         4035    i.USBD_CtlContinueSendData  usbd_ioreq.o
    0x08003f8a   0x00000016   Code   RO         3973    i.USBD_CtlError     usbd_ctlreq.o
    0x08003fa0   0x0000001e   Code   RO         4036    i.USBD_CtlPrepareRx  usbd_ioreq.o
    0x08003fbe   0x00000016   Code   RO         4037    i.USBD_CtlReceiveStatus  usbd_ioreq.o
    0x08003fd4   0x0000001a   Code   RO         4038    i.USBD_CtlSendData  usbd_ioreq.o
    0x08003fee   0x00000016   Code   RO         4039    i.USBD_CtlSendStatus  usbd_ioreq.o
    0x08004004   0x00000020   Code   RO          779    i.USBD_FS_ConfigStrDescriptor  usbd_desc.o
    0x08004024   0x0000000c   Code   RO          780    i.USBD_FS_DeviceDescriptor  usbd_desc.o
    0x08004030   0x00000024   Code   RO          781    i.USBD_FS_InterfaceStrDescriptor  usbd_desc.o
    0x08004054   0x0000000c   Code   RO          782    i.USBD_FS_LangIDStrDescriptor  usbd_desc.o
    0x08004060   0x00000028   Code   RO          783    i.USBD_FS_ManufacturerStrDescriptor  usbd_desc.o
    0x08004088   0x0000002c   Code   RO          784    i.USBD_FS_ProductStrDescriptor  usbd_desc.o
    0x080040b4   0x00000024   Code   RO          785    i.USBD_FS_SerialStrDescriptor  usbd_desc.o
    0x080040d8   0x000000e0   Code   RO         3974    i.USBD_GetDescriptor  usbd_ctlreq.o
    0x080041b8   0x00000046   Code   RO         3975    i.USBD_GetString    usbd_ctlreq.o
    0x080041fe   0x0000002a   Code   RO         3841    i.USBD_Init         usbd_core.o
    0x08004228   0x0000000e   Code   RO          607    i.USBD_LL_ClearStallEP  usbd_conf.o
    0x08004236   0x0000000e   Code   RO          608    i.USBD_LL_CloseEP   usbd_conf.o
    0x08004244   0x000000a0   Code   RO         3842    i.USBD_LL_DataInStage  usbd_core.o
    0x080042e4   0x0000006a   Code   RO         3843    i.USBD_LL_DataOutStage  usbd_core.o
    0x0800434e   0x00000004   Code   RO         3844    i.USBD_LL_DevConnected  usbd_core.o
    0x08004352   0x00000016   Code   RO         3845    i.USBD_LL_DevDisconnected  usbd_core.o
    0x08004368   0x00000008   Code   RO          612    i.USBD_LL_GetRxDataSize  usbd_conf.o
    0x08004370   0x0000005c   Code   RO          613    i.USBD_LL_Init      usbd_conf.o
    0x080043cc   0x00000020   Code   RO          614    i.USBD_LL_IsStallEP  usbd_conf.o
    0x080043ec   0x00000004   Code   RO         3846    i.USBD_LL_IsoINIncomplete  usbd_core.o
    0x080043f0   0x00000004   Code   RO         3847    i.USBD_LL_IsoOUTIncomplete  usbd_core.o
    0x080043f4   0x00000014   Code   RO          615    i.USBD_LL_OpenEP    usbd_conf.o
    0x08004408   0x0000000e   Code   RO          616    i.USBD_LL_PrepareReceive  usbd_conf.o
    0x08004416   0x0000003e   Code   RO         3848    i.USBD_LL_Reset     usbd_core.o
    0x08004454   0x0000000c   Code   RO         3849    i.USBD_LL_Resume    usbd_core.o
    0x08004460   0x00000018   Code   RO         3850    i.USBD_LL_SOF       usbd_core.o
    0x08004478   0x00000006   Code   RO         3851    i.USBD_LL_SetSpeed  usbd_core.o
    0x0800447e   0x0000000e   Code   RO          617    i.USBD_LL_SetUSBAddress  usbd_conf.o
    0x0800448c   0x0000005a   Code   RO         3852    i.USBD_LL_SetupStage  usbd_core.o
    0x080044e6   0x0000000e   Code   RO          618    i.USBD_LL_StallEP   usbd_conf.o
    0x080044f4   0x0000000e   Code   RO          619    i.USBD_LL_Start     usbd_conf.o
    0x08004502   0x00000012   Code   RO         3853    i.USBD_LL_Suspend   usbd_core.o
    0x08004514   0x0000000e   Code   RO          621    i.USBD_LL_Transmit  usbd_conf.o
    0x08004522   0x00000028   Code   RO         3976    i.USBD_ParseSetupRequest  usbd_ctlreq.o
    0x0800454a   0x00000010   Code   RO         3854    i.USBD_RegisterClass  usbd_core.o
    0x0800455a   0x00000016   Code   RO         3856    i.USBD_SetClassConfig  usbd_core.o
    0x08004570   0x00000074   Code   RO         3977    i.USBD_SetConfig    usbd_ctlreq.o
    0x080045e4   0x0000000a   Code   RO         3857    i.USBD_Start        usbd_core.o
    0x080045ee   0x000000f2   Code   RO         3978    i.USBD_StdDevReq    usbd_ctlreq.o
    0x080046e0   0x000000c0   Code   RO         3979    i.USBD_StdEPReq     usbd_ctlreq.o
    0x080047a0   0x00000034   Code   RO         3980    i.USBD_StdItfReq    usbd_ctlreq.o
    0x080047d4   0x00000080   Code   RO         3433    i.USB_ActivateEndpoint  stm32f4xx_ll_usb.o
    0x08004854   0x00000034   Code   RO         3434    i.USB_ActivateSetup  stm32f4xx_ll_usb.o
    0x08004888   0x0000006c   Code   RO         3436    i.USB_CoreInit      stm32f4xx_ll_usb.o
    0x080048f4   0x00000038   Code   RO         3437    i.USB_CoreReset     stm32f4xx_ll_usb.o
    0x0800492c   0x0000006e   Code   RO         3439    i.USB_DeactivateEndpoint  stm32f4xx_ll_usb.o
    0x0800499a   0x00000018   Code   RO         3440    i.USB_DevConnect    stm32f4xx_ll_usb.o
    0x080049b2   0x00000018   Code   RO         3441    i.USB_DevDisconnect  stm32f4xx_ll_usb.o
    0x080049ca   0x00000002   PAD
    0x080049cc   0x00000144   Code   RO         3442    i.USB_DevInit       stm32f4xx_ll_usb.o
    0x08004b10   0x0000000c   Code   RO         3443    i.USB_DisableGlobalInt  stm32f4xx_ll_usb.o
    0x08004b1c   0x00000140   Code   RO         3446    i.USB_EP0StartXfer  stm32f4xx_ll_usb.o
    0x08004c5c   0x0000003e   Code   RO         3447    i.USB_EP0_OutStart  stm32f4xx_ll_usb.o
    0x08004c9a   0x00000064   Code   RO         3448    i.USB_EPClearStall  stm32f4xx_ll_usb.o
    0x08004cfe   0x0000005e   Code   RO         3449    i.USB_EPSetStall    stm32f4xx_ll_usb.o
    0x08004d5c   0x0000021c   Code   RO         3450    i.USB_EPStartXfer   stm32f4xx_ll_usb.o
    0x08004f78   0x0000000c   Code   RO         3451    i.USB_EnableGlobalInt  stm32f4xx_ll_usb.o
    0x08004f84   0x00000020   Code   RO         3452    i.USB_FlushRxFifo   stm32f4xx_ll_usb.o
    0x08004fa4   0x00000024   Code   RO         3453    i.USB_FlushTxFifo   stm32f4xx_ll_usb.o
    0x08004fc8   0x0000003c   Code   RO         3455    i.USB_GetDevSpeed   stm32f4xx_ll_usb.o
    0x08005004   0x00000008   Code   RO         3457    i.USB_GetMode       stm32f4xx_ll_usb.o
    0x0800500c   0x0000000e   Code   RO         3464    i.USB_ReadDevAllInEpInterrupt  stm32f4xx_ll_usb.o
    0x0800501a   0x0000000e   Code   RO         3465    i.USB_ReadDevAllOutEpInterrupt  stm32f4xx_ll_usb.o
    0x08005028   0x0000001e   Code   RO         3466    i.USB_ReadDevInEPInterrupt  stm32f4xx_ll_usb.o
    0x08005046   0x00000010   Code   RO         3467    i.USB_ReadDevOutEPInterrupt  stm32f4xx_ll_usb.o
    0x08005056   0x00000008   Code   RO         3468    i.USB_ReadInterrupts  stm32f4xx_ll_usb.o
    0x0800505e   0x00000020   Code   RO         3469    i.USB_ReadPacket    stm32f4xx_ll_usb.o
    0x0800507e   0x0000002c   Code   RO         3471    i.USB_SetCurrentMode  stm32f4xx_ll_usb.o
    0x080050aa   0x00000022   Code   RO         3472    i.USB_SetDevAddress  stm32f4xx_ll_usb.o
    0x080050cc   0x00000028   Code   RO         3476    i.USB_WritePacket   stm32f4xx_ll_usb.o
    0x080050f4   0x0000000e   Code   RO         4143    i.__scatterload_copy  mc_w.l(handlers.o)
    0x08005102   0x00000002   Code   RO         4144    i.__scatterload_null  mc_w.l(handlers.o)
    0x08005104   0x0000000e   Code   RO         4145    i.__scatterload_zeroinit  mc_w.l(handlers.o)
    0x08005112   0x00000002   PAD
    0x08005114   0x00000050   Code   RO         4095    i.free              mc_w.l(malloc.o)
    0x08005164   0x000000ac   Code   RO          194    i.main              main.o
    0x08005210   0x0000006c   Code   RO         4096    i.malloc            mc_w.l(malloc.o)
    0x0800527c   0x00000070   Code   RO          844    i.on_RGB_led_timer_timeout  leds_handler.o
    0x080052ec   0x0000009c   Code   RO          897    i.resetRgbLeds      leds_handler.o
    0x08005388   0x00000148   Code   RO          847    i.setStateLedColor  leds_handler.o
    0x080054d0   0x00000010   Data   RO         2235    .constdata          stm32f4xx_hal_rcc.o
    0x080054e0   0x00000020   Data   RO         4141    Region$$Table       anon$$obj.o


    Execution Region RW_IRAM1 (Base: 0x20000000, Size: 0x00001710, Max: 0x00020000, ABSOLUTE, COMPRESSED[0x000000c0])

    Base Addr    Size         Type   Attr      Idx    E Section Name        Object

    0x20000000   0x00000008   Data   RW          195    .data               main.o
    0x20000008   0x00000010   Data   RW          529    .data               usbd_cdc_if.o
    0x20000018   0x00000004   Data   RW          530    .data               usbd_cdc_if.o
    0x2000001c   0x0000001c   Data   RW          787    .data               usbd_desc.o
    0x20000038   0x00000016   Data   RW          788    .data               usbd_desc.o
    0x2000004e   0x00000001   Data   RW          851    .data               leds_handler.o
    0x2000004f   0x00000001   PAD
    0x20000050   0x00000014   Data   RW          933    .data               system_stm32f4xx.o
    0x20000064   0x00000004   Data   RW          984    .data               stm32f4xx_hal.o
    0x20000068   0x000000d7   Data   RW         3752    .data               usbd_cdc.o
    0x2000013f   0x00000001   PAD
    0x20000140   0x00000038   Data   RW         3753    .data               usbd_cdc.o
    0x20000178   0x00000001   Data   RW         3981    .data               usbd_ctlreq.o
    0x20000179   0x00000003   PAD
    0x2000017c   0x00000004   Data   RW         4137    .data               mc_w.l(mvars.o)
    0x20000180   0x00000004   Data   RW         4138    .data               mc_w.l(mvars.o)
    0x20000184   0x00000038   Zero   RW          157    .bss                i2c.o
    0x200001bc   0x00000168   Zero   RW          352    .bss                tim.o
    0x20000324   0x000001b8   Zero   RW          436    .bss                usart.o
    0x200004dc   0x00000224   Zero   RW          477    .bss                usb_device.o
    0x20000700   0x00000400   Zero   RW          528    .bss                usbd_cdc_if.o
    0x20000b00   0x000003b0   Zero   RW          622    .bss                usbd_conf.o
    0x20000eb0   0x00000200   Zero   RW          786    .bss                usbd_desc.o
    0x200010b0   0x00000060   Zero   RW          850    .bss                leds_handler.o
    0x20001110   0x00000200   Zero   RW            2    HEAP                startup_stm32f407xx.o
    0x20001310   0x00000400   Zero   RW            1    STACK               startup_stm32f407xx.o


==============================================================================

Image component sizes


      Code (inc. data)   RO Data    RW Data    ZI Data      Debug   Object Name

       116          4          0          0          0     341834   dma.o
       308         24          0          0          0        703   gpio.o
       116         28          0          0         56       1617   i2c.o
       596         26          0          1         96       3265   leds_handler.o
       344         24          0          8          0       7007   main.o
        36          8        392          0       1536        992   startup_stm32f407xx.o
       138         16          0          4          0       4852   stm32f4xx_hal.o
       226         14          0          0          0      31954   stm32f4xx_hal_cortex.o
      4060         58          0          0          0       2940   stm32f4xx_hal_dma.o
       470         52          0          0          0       3785   stm32f4xx_hal_gpio.o
       248          8          0          0          0       1935   stm32f4xx_hal_i2c.o
      1942          0          0          0          0      10297   stm32f4xx_hal_pcd.o
        76          0          0          0          0       1800   stm32f4xx_hal_pcd_ex.o
      1532         68         16          0          0       6267   stm32f4xx_hal_rcc.o
      2502        118          0          0          0      20734   stm32f4xx_hal_tim.o
       150          0          0          0          0       3274   stm32f4xx_hal_tim_ex.o
      1152         10          0          0          0       6927   stm32f4xx_hal_uart.o
       230         54          0          0          0       5437   stm32f4xx_it.o
      2334         52          0          0          0      19780   stm32f4xx_ll_usb.o
        84         18          0         20          0       1449   system_stm32f4xx.o
       792        100          0          0        360       6343   tim.o
        20          6          0          0          0        872   tim_handler.o
       404         48          0          0        440       2567   usart.o
        56         18          0          0        548       2503   usb_device.o
       482         16          0        271          0      11503   usbd_cdc.o
        56         16          0         20       1024       2872   usbd_cdc_if.o
       510         14          0          0        944      13622   usbd_conf.o
       616          0          0          0          0      11938   usbd_core.o
       958         30          0          1          0       7088   usbd_ctlreq.o
       212        116          0         50        512       5207   usbd_desc.o
       132          0          0          0          0       4452   usbd_ioreq.o

    ----------------------------------------------------------------------
     20922        946        440        380       5516     545816   Object Totals
         0          0         32          0          0          0   (incl. Generated)
        24          0          0          5          0          0   (incl. Padding)

    ----------------------------------------------------------------------

      Code (inc. data)   RO Data    RW Data    ZI Data      Debug   Library Member Name

        86          0          0          0          0          0   __dczerorl2.o
         0          0          0          0          0          0   entry.o
         0          0          0          0          0          0   entry10a.o
         0          0          0          0          0          0   entry11a.o
         8          4          0          0          0          0   entry2.o
         4          0          0          0          0          0   entry5.o
         0          0          0          0          0          0   entry7b.o
         0          0          0          0          0          0   entry8b.o
         8          4          0          0          0          0   entry9a.o
        30          0          0          0          0          0   handlers.o
        36          8          0          0          0         68   init.o
       188         20          0          0          0        160   malloc.o
        36          0          0          0          0         68   memcpya.o
         0          0          0          8          0          0   mvars.o

    ----------------------------------------------------------------------
       398         36          0          8          0        296   Library Totals
         2          0          0          0          0          0   (incl. Padding)

    ----------------------------------------------------------------------

      Code (inc. data)   RO Data    RW Data    ZI Data      Debug   Library Name

       396         36          0          8          0        296   mc_w.l

    ----------------------------------------------------------------------
       398         36          0          8          0        296   Library Totals

    ----------------------------------------------------------------------

==============================================================================


      Code (inc. data)   RO Data    RW Data    ZI Data      Debug   

     21320        982        440        388       5516     524792   Grand Totals
     21320        982        440        192       5516     524792   ELF Image Totals (compressed)
     21320        982        440        192          0          0   ROM Totals

==============================================================================

    Total RO  Size (Code + RO Data)                21760 (  21.25kB)
    Total RW  Size (RW Data + ZI Data)              5904 (   5.77kB)
    Total ROM Size (Code + RO Data + RW Data)      21952 (  21.44kB)

==============================================================================

