<html>
<body>
<pre>
<h1>µVision Build Log</h1>
<h2>Project:</h2>
C:\Users\Walter\Documents\GitHub\RoboDiscovery-F4\Firmware\Projects\MDK-ARM\Sonar-Module.uvproj
Project File Date:  08/21/2014

<h2>Output:</h2>
Build target 'Sonar-Module Configuration'
compiling tim.c...
linking...
Program Size: Code=27520 RO-data=440 RW-data=32 ZI-data=2920  
FromELF: creating hex file...
"Sonar-Module Configuration\Sonar-Module Configuration.axf" - 0 Error(s), 0 Warning(s).
Load "Sonar-Module Configuration\\Sonar-Module Configuration.axf" 
Erase Done.
Programming Done.
Verify OK.
Application running ...
</pre>
</body>
</html>
.
er.c...
"..\..\Src\leds_handler.c" - 0 Error(s), 0 Warning(s).
.
compiling stm32f4xx_hal_cortex.c...
compiling stm32f4xx_hal_dma.c...
compiling stm32f4xx_hal_dma_ex.c...
compiling stm32f4xx_hal_flash.c...
compiling stm32f4xx_hal_flash_ex.c...
compiling stm32f4xx_hal_flash_ramfunc.c...
compiling stm32f4xx_hal_gpio.c...
compiling stm32f4xx_hal_i2c.c...
compiling stm32f4xx_hal_i2c_ex.c...
compiling stm32f4xx_hal_pcd.c...
compiling stm32f4xx_hal_pwr.c...
compiling stm32f4xx_hal_pwr_ex.c...
compiling stm32f4xx_hal_rcc.c...
compiling stm32f4xx_hal_rcc_ex.c...
compiling stm32f4xx_hal_tim.c...
compiling stm32f4xx_hal_tim_ex.c...
compiling stm32f4xx_hal_uart.c...
compiling stm32f4xx_ll_usb.c...
compiling stm32f4xx_hal_pcd_ex.c...
compiling usbd_cdc.c...
compiling usbd_core.c...
compiling usbd_ctlreq.c...
compiling usbd_ioreq.c...
linking...
Program Size: Code=27444 RO-data=440 RW-data=32 ZI-data=2920  
FromELF: creating hex file...
"Sonar-Module Configuration\Sonar-Module Configuration.axf" - 0 Error(s), 0 Warning(s).
Load "Sonar-Module Configuration\\Sonar-Module Configuration.axf" 
Erase Done.
Programming Done.
Verify OK.
Application running ...
arning(s).
Target not created
    color = LED_WHITE;
..\..\Src\main.c(177): error:  #20: identifier "color" is undefined
                                        setLedColor( i, color );
..\..\Src\main.c(180): error:  #20: identifier "color" is undefined
                                        setLedColor( i, color );
..\..\Src\main.c: 1 warning, 13 errors
compiling leds_handler.c...
..\..\Inc\leds_handler.h(55): error:  #757: variable "LedColor" is not a type name
  void setLedColor( uint8_t ledIdx, LedColor color );
..\..\Src\leds_handler.c(244): error:  #757: variable "LedColor" is not a type name
  void setLedColor( uint8_t ledIdx, LedColor color )
..\..\Src\leds_handler.c(266): warning:  #550-D: variable "tr" was set but never used
        uint16_t tr;
..\..\Src\leds_handler.c: 1 warning, 2 errors
compiling tim_handler.c...
..\..\Inc\leds_handler.h(55): error:  #757: variable "LedColor" is not a type name
  void setLedColor( uint8_t ledIdx, LedColor color );
..\..\Src\tim_handler.c: 0 warnings, 1 error
"Sonar-Module Configuration\Sonar-Module Configuration.axf" - 16 Error(s), 2 Warning(s).
Target not created
