<html>
<body>
<pre>
<h1>µVision Build Log</h1>
<h2>Project:</h2>
C:\Users\Walter\Documents\GitHub\RoboDiscovery-F4\Firmware\Projects\MDK-ARM\Sonar-Module.uvproj
Project File Date:  06/28/2014

<h2>Output:</h2>
Build target 'Sonar-Module Configuration'
compiling main.c...
linking...
Program Size: Code=20352 RO-data=440 RW-data=380 ZI-data=5364  
FromELF: creating hex file...
"Sonar-Module Configuration\Sonar-Module Configuration.axf" - 0 Error(s), 0 Warning(s).
</pre>
</body>
</html>
.

                pinK_idx = GPIO_PIN_9;
..\..\Src\leds_handler.c(48): warning:  #69-D: integer conversion resulted in truncation
                pinK_idx = GPIO_PIN_10;
..\..\Src\leds_handler.c(50): warning:  #69-D: integer conversion resulted in truncation
                pinK_idx = GPIO_PIN_11;
..\..\Src\leds_handler.c(52): warning:  #69-D: integer conversion resulted in truncation
                pinK_idx = GPIO_PIN_12;
..\..\Src\leds_handler.c(54): warning:  #69-D: integer conversion resulted in truncation
                pinK_idx = GPIO_PIN_13;
..\..\Src\leds_handler.c(74): warning:  #127-D: expected a statement
        }
..\..\Src\leds_handler.c(38): warning:  #550-D: variable "pinK_idx" was set but never used
        uint8_t pinK_idx;
..\..\Src\leds_handler.c: 8 warnings, 0 errors
linking...
Program Size: Code=19944 RO-data=440 RW-data=380 ZI-data=5364  
"Sonar-Module Configuration\Sonar-Module Configuration.axf" - 0 Error(s), 8 Warning(s).
440 RW-data=380 ZI-data=5364  
"Sonar-Module Configuration\Sonar-Module Configuration.axf" - 0 Error(s), 0 Warning(s).
tion.axf: Error: L6218E: Undefined symbol HAL_PCDEx_SetRxFiFo (referred from usbd_conf.o).
Sonar-Module Configuration\Sonar-Module Configuration.axf: Error: L6218E: Undefined symbol HAL_PCDEx_SetTxFiFo (referred from usbd_conf.o).
Not enough information to list image symbols.
Finished: 1 information, 0 warning and 2 error messages.
"Sonar-Module Configuration\Sonar-Module Configuration.axf" - 2 Error(s), 1 Warning(s).
Target not created
