Product: MDK-ARM Lite 5.10
Component: ARM Compiler 5.04 update 1 (build 49)
Tool: armlink [5040049]

==============================================================================

Section Cross References

    dma.o(i.MX_DMA_Init) refers to stm32f4xx_hal_cortex.o(i.HAL_NVIC_SetPriorityGrouping) for HAL_NVIC_SetPriorityGrouping
    dma.o(i.MX_DMA_Init) refers to stm32f4xx_hal_cortex.o(i.HAL_NVIC_SetPriority) for HAL_NVIC_SetPriority
    dma.o(i.MX_DMA_Init) refers to stm32f4xx_hal_cortex.o(i.HAL_NVIC_EnableIRQ) for HAL_NVIC_EnableIRQ
    gpio.o(i.MX_GPIO_Init) refers to stm32f4xx_hal_gpio.o(i.HAL_GPIO_Init) for HAL_GPIO_Init
    i2c.o(i.HAL_I2C_MspDeInit) refers to stm32f4xx_hal_gpio.o(i.HAL_GPIO_DeInit) for HAL_GPIO_DeInit
    i2c.o(i.HAL_I2C_MspInit) refers to stm32f4xx_hal_gpio.o(i.HAL_GPIO_Init) for HAL_GPIO_Init
    i2c.o(i.MX_I2C2_Init) refers to stm32f4xx_hal_i2c.o(i.HAL_I2C_Init) for HAL_I2C_Init
    i2c.o(i.MX_I2C2_Init) refers to i2c.o(.bss) for hi2c2
    main.o(i.SystemClock_Config) refers to stm32f4xx_hal_rcc.o(i.HAL_RCC_OscConfig) for HAL_RCC_OscConfig
    main.o(i.SystemClock_Config) refers to stm32f4xx_hal_rcc.o(i.HAL_RCC_ClockConfig) for HAL_RCC_ClockConfig
    main.o(i.main) refers to stm32f4xx_hal.o(i.HAL_Init) for HAL_Init
    main.o(i.main) refers to main.o(i.SystemClock_Config) for SystemClock_Config
    main.o(i.main) refers to stm32f4xx_hal_cortex.o(i.HAL_NVIC_SetPriorityGrouping) for HAL_NVIC_SetPriorityGrouping
    main.o(i.main) refers to stm32f4xx_hal_cortex.o(i.HAL_NVIC_SetPriority) for HAL_NVIC_SetPriority
    main.o(i.main) refers to gpio.o(i.MX_GPIO_Init) for MX_GPIO_Init
    main.o(i.main) refers to dma.o(i.MX_DMA_Init) for MX_DMA_Init
    main.o(i.main) refers to i2c.o(i.MX_I2C2_Init) for MX_I2C2_Init
    main.o(i.main) refers to tim.o(i.MX_TIM1_Init) for MX_TIM1_Init
    main.o(i.main) refers to tim.o(i.MX_TIM2_Init) for MX_TIM2_Init
    main.o(i.main) refers to tim.o(i.MX_TIM3_Init) for MX_TIM3_Init
    main.o(i.main) refers to tim.o(i.MX_TIM7_Init) for MX_TIM7_Init
    main.o(i.main) refers to tim.o(i.MX_TIM11_Init) for MX_TIM11_Init
    main.o(i.main) refers to tim.o(i.MX_TIM12_Init) for MX_TIM12_Init
    main.o(i.main) refers to leds_handler.o(i.initRgbLeds) for initRgbLeds
    main.o(i.main) refers to button_handler.o(i.getButton1State) for getButton1State
    main.o(i.main) refers to button_handler.o(i.getButton2State) for getButton2State
    main.o(i.main) refers to button_handler.o(i.getButtonDiscState) for getButtonDiscState
    main.o(i.main) refers to leds_handler.o(i.setLedColor) for setLedColor
    main.o(i.main) refers to stm32f4xx_hal.o(i.HAL_Delay) for HAL_Delay
    stm32f4xx_it.o(i.DMA1_Stream5_IRQHandler) refers to stm32f4xx_hal_cortex.o(i.HAL_NVIC_ClearPendingIRQ) for HAL_NVIC_ClearPendingIRQ
    stm32f4xx_it.o(i.DMA1_Stream5_IRQHandler) refers to stm32f4xx_hal_dma.o(i.HAL_DMA_IRQHandler) for HAL_DMA_IRQHandler
    stm32f4xx_it.o(i.DMA1_Stream5_IRQHandler) refers to usart.o(.bss) for hdma_usart2_rx
    stm32f4xx_it.o(i.DMA1_Stream6_IRQHandler) refers to stm32f4xx_hal_cortex.o(i.HAL_NVIC_ClearPendingIRQ) for HAL_NVIC_ClearPendingIRQ
    stm32f4xx_it.o(i.DMA1_Stream6_IRQHandler) refers to stm32f4xx_hal_dma.o(i.HAL_DMA_IRQHandler) for HAL_DMA_IRQHandler
    stm32f4xx_it.o(i.DMA1_Stream6_IRQHandler) refers to usart.o(.bss) for hdma_usart2_tx
    stm32f4xx_it.o(i.DMA2_Stream2_IRQHandler) refers to stm32f4xx_hal_cortex.o(i.HAL_NVIC_ClearPendingIRQ) for HAL_NVIC_ClearPendingIRQ
    stm32f4xx_it.o(i.DMA2_Stream2_IRQHandler) refers to stm32f4xx_hal_dma.o(i.HAL_DMA_IRQHandler) for HAL_DMA_IRQHandler
    stm32f4xx_it.o(i.DMA2_Stream2_IRQHandler) refers to usart.o(.bss) for hdma_usart1_rx
    stm32f4xx_it.o(i.DMA2_Stream7_IRQHandler) refers to stm32f4xx_hal_cortex.o(i.HAL_NVIC_ClearPendingIRQ) for HAL_NVIC_ClearPendingIRQ
    stm32f4xx_it.o(i.DMA2_Stream7_IRQHandler) refers to stm32f4xx_hal_dma.o(i.HAL_DMA_IRQHandler) for HAL_DMA_IRQHandler
    stm32f4xx_it.o(i.DMA2_Stream7_IRQHandler) refers to usart.o(.bss) for hdma_usart1_tx
    stm32f4xx_it.o(i.OTG_FS_IRQHandler) refers to stm32f4xx_hal_cortex.o(i.HAL_NVIC_ClearPendingIRQ) for HAL_NVIC_ClearPendingIRQ
    stm32f4xx_it.o(i.OTG_FS_IRQHandler) refers to stm32f4xx_hal_pcd.o(i.HAL_PCD_IRQHandler) for HAL_PCD_IRQHandler
    stm32f4xx_it.o(i.OTG_FS_IRQHandler) refers to usbd_conf.o(.bss) for hpcd_USB_OTG_FS
    stm32f4xx_it.o(i.OTG_FS_WKUP_IRQHandler) refers to stm32f4xx_hal_cortex.o(i.HAL_NVIC_ClearPendingIRQ) for HAL_NVIC_ClearPendingIRQ
    stm32f4xx_it.o(i.OTG_FS_WKUP_IRQHandler) refers to stm32f4xx_hal_pcd.o(i.HAL_PCD_IRQHandler) for HAL_PCD_IRQHandler
    stm32f4xx_it.o(i.OTG_FS_WKUP_IRQHandler) refers to usbd_conf.o(.bss) for hpcd_USB_OTG_FS
    stm32f4xx_it.o(i.SysTick_Handler) refers to stm32f4xx_hal.o(i.HAL_IncTick) for HAL_IncTick
    stm32f4xx_it.o(i.SysTick_Handler) refers to stm32f4xx_hal_cortex.o(i.HAL_SYSTICK_IRQHandler) for HAL_SYSTICK_IRQHandler
[...]

Image Symbol Table

    Local Symbols

    Symbol Name                              Value     Ov Type        Size  Object(Section)

    ../clib/microlib/init/entry.s            0x00000000   Number         0  entry11a.o ABSOLUTE
    ../clib/microlib/init/entry.s            0x00000000   Number         0  entry7a.o ABSOLUTE
    ../clib/microlib/init/entry.s            0x00000000   Number         0  entry7b.o ABSOLUTE
    ../clib/microlib/init/entry.s            0x00000000   Number         0  entry2.o ABSOLUTE
    ../clib/microlib/init/entry.s            0x00000000   Number         0  entry9a.o ABSOLUTE
    ../clib/microlib/init/entry.s            0x00000000   Number         0  entry8a.o ABSOLUTE
    ../clib/microlib/init/entry.s            0x00000000   Number         0  entry8b.o ABSOLUTE
    ../clib/microlib/init/entry.s            0x00000000   Number         0  entry5.o ABSOLUTE
    ../clib/microlib/init/entry.s            0x00000000   Number         0  entry.o ABSOLUTE
    ../clib/microlib/init/entry.s            0x00000000   Number         0  entry9b.o ABSOLUTE
    ../clib/microlib/init/entry.s            0x00000000   Number         0  entry10a.o ABSOLUTE
    ../clib/microlib/init/entry.s            0x00000000   Number         0  entry11b.o ABSOLUTE
    ../clib/microlib/init/entry.s            0x00000000   Number         0  entry10b.o ABSOLUTE
    ../clib/microlib/malloc/malloc.c         0x00000000   Number         0  malloca.o ABSOLUTE
    ../clib/microlib/malloc/malloc.c         0x00000000   Number         0  mallocra.o ABSOLUTE
    ../clib/microlib/malloc/malloc.c         0x00000000   Number         0  mallocr.o ABSOLUTE
    ../clib/microlib/malloc/malloc.c         0x00000000   Number         0  malloc.o ABSOLUTE
    ../clib/microlib/malloc/mvars.c          0x00000000   Number         0  mvars.o ABSOLUTE
    ../clib/microlib/string/memcpy.c         0x00000000   Number         0  memcpyb.o ABSOLUTE
    ../clib/microlib/string/memcpy.c         0x00000000   Number         0  memcpya.o ABSOLUTE
    ..\..\Drivers\CMSIS\Device\ST\STM32F4xx\Source\Templates\arm\startup_stm32f407xx.s 0x00000000   Number         0  startup_stm32f407xx.o ABSOLUTE
    ..\..\Drivers\CMSIS\Device\ST\STM32F4xx\Source\Templates\system_stm32f4xx.c 0x00000000   Number         0  system_stm32f4xx.o ABSOLUTE
    ..\..\Drivers\STM32F4xx_HAL_Driver\Src\stm32f4xx_hal.c 0x00000000   Number         0  stm32f4xx_hal.o ABSOLUTE
    ..\..\Drivers\STM32F4xx_HAL_Driver\Src\stm32f4xx_hal_cortex.c 0x00000000   Number         0  stm32f4xx_hal_cortex.o ABSOLUTE
    ..\..\Drivers\STM32F4xx_HAL_Driver\Src\stm32f4xx_hal_dma.c 0x00000000   Number         0  stm32f4xx_hal_dma.o ABSOLUTE
    ..\..\Drivers\STM32F4xx_HAL_Driver\Src\stm32f4xx_hal_dma_ex.c 0x00000000   Number         0  stm32f4xx_hal_dma_ex.o ABSOLUTE
    ..\..\Drivers\STM32F4xx_HAL_Driver\Src\stm32f4xx_hal_flash.c 0x00000000   Number         0  stm32f4xx_hal_flash.o ABSOLUTE
    ..\..\Drivers\STM32F4xx_HAL_Driver\Src\stm32f4xx_hal_flash_ex.c 0x00000000   Number         0  stm32f4xx_hal_flash_ex.o ABSOLUTE
    ..\..\Drivers\STM32F4xx_HAL_Driver\Src\stm32f4xx_hal_flash_ramfunc.c 0x00000000   Number         0  stm32f4xx_hal_flash_ramfunc.o ABSOLUTE
    ..\..\Drivers\STM32F4xx_HAL_Driver\Src\stm32f4xx_hal_gpio.c 0x00000000   Number         0  stm32f4xx_hal_gpio.o ABSOLUTE
    ..\..\Drivers\STM32F4xx_HAL_Driver\Src\stm32f4xx_hal_i2c.c 0x00000000   Number         0  stm32f4xx_hal_i2c.o ABSOLUTE
    ..\..\Drivers\STM32F4xx_HAL_Driver\Src\stm32f4xx_hal_i2c_ex.c 0x00000000   Number         0  stm32f4xx_hal_i2c_ex.o ABSOLUTE
    ..\..\Drivers\STM32F4xx_HAL_Driver\Src\stm32f4xx_hal_pcd.c 0x00000000   Number         0  stm32f4xx_hal_pcd.o ABSOLUTE
    ..\..\Drivers\STM32F4xx_HAL_Driver\Src\stm32f4xx_hal_pcd_ex.c 0x00000000   Number         0  stm32f4xx_hal_pcd_ex.o ABSOLUTE
    ..\..\Drivers\STM32F4xx_HAL_Driver\Src\stm32f4xx_hal_pwr.c 0x00000000   Number         0  stm32f4xx_hal_pwr.o ABSOLUTE
    ..\..\Drivers\STM32F4xx_HAL_Driver\Src\stm32f4xx_hal_pwr_ex.c 0x00000000   Number         0  stm32f4xx_hal_pwr_ex.o ABSOLUTE
    ..\..\Drivers\STM32F4xx_HAL_Driver\Src\stm32f4xx_hal_rcc.c 0x00000000   Number         0  stm32f4xx_hal_rcc.o ABSOLUTE
    ..\..\Drivers\STM32F4xx_HAL_Driver\Src\stm32f4xx_hal_rcc_ex.c 0x00000000   Number         0  stm32f4xx_hal_rcc_ex.o ABSOLUTE
    ..\..\Drivers\STM32F4xx_HAL_Driver\Src\stm32f4xx_hal_tim.c 0x00000000   Number         0  stm32f4xx_hal_tim.o ABSOLUTE
    ..\..\Drivers\STM32F4xx_HAL_Driver\Src\stm32f4xx_hal_tim_ex.c 0x00000000   Number         0  stm32f4xx_hal_tim_ex.o ABSOLUTE
    ..\..\Drivers\STM32F4xx_HAL_Driver\Src\stm32f4xx_hal_uart.c 0x00000000   Number         0  stm32f4xx_hal_uart.o ABSOLUTE
    ..\..\Drivers\STM32F4xx_HAL_Driver\Src\stm32f4xx_ll_usb.c 0x00000000   Number         0  stm32f4xx_ll_usb.o ABSOLUTE
    ..\..\Middlewares\ST\STM32_USB_Device_Library\Class\CDC\Src\usbd_cdc.c 0x00000000   Number         0  usbd_cdc.o ABSOLUTE
    ..\..\Middlewares\ST\STM32_USB_Device_Library\Core\Src\usbd_core.c 0x00000000   Number         0  usbd_core.o ABSOLUTE
    ..\..\Middlewares\ST\STM32_USB_Device_Library\Core\Src\usbd_ctlreq.c 0x00000000   Number         0  usbd_ctlreq.o ABSOLUTE
    ..\..\Middlewares\ST\STM32_USB_Device_Library\Core\Src\usbd_ioreq.c 0x00000000   Number         0  usbd_ioreq.o ABSOLUTE
    ..\..\Src\button_handler.c               0x00000000   Number         0  button_handler.o ABSOLUTE
    ..\..\Src\dma.c                          0x00000000   Number         0  dma.o ABSOLUTE
    ..\..\Src\gpio.c                         0x00000000   Number         0  gpio.o ABSOLUTE
    ..\..\Src\i2c.c                          0x00000000   Number         0  i2c.o ABSOLUTE
    ..\..\Src\leds_handler.c                 0x00000000   Number         0  leds_handler.o ABSOLUTE
    ..\..\Src\main.c                         0x00000000   Number         0  main.o ABSOLUTE
    ..\..\Src\stm32f4xx_it.c                 0x00000000   Number         0  stm32f4xx_it.o ABSOLUTE
    ..\..\Src\tim.c                          0x00000000   Number         0  tim.o ABSOLUTE
    ..\..\Src\tim_handler.c                  0x00000000   Number         0  tim_handler.o ABSOLUTE
    ..\..\Src\usart.c                        0x00000000   Number         0  usart.o ABSOLUTE
    ..\..\Src\usb_device.c                   0x00000000   Number         0  usb_device.o ABSOLUTE
    ..\..\Src\usbd_cdc_if.c                  0x00000000   Number         0  usbd_cdc_if.o ABSOLUTE
    ..\..\Src\usbd_conf.c                    0x00000000   Number         0  usbd_conf.o ABSOLUTE
    ..\..\Src\usbd_desc.c                    0x00000000   Number         0  usbd_desc.o ABSOLUTE
    ..\\..\\Drivers\\CMSIS\\Device\\ST\\STM32F4xx\\Source\\Templates\\system_stm32f4xx.c 0x00000000   Number         0  system_stm32f4xx.o ABSOLUTE
    ..\\..\\Drivers\\STM32F4xx_HAL_Driver\\Src\\stm32f4xx_hal.c 0x00000000   Number         0  stm32f4xx_hal.o ABSOLUTE
    ..\\..\\Drivers\\STM32F4xx_HAL_Driver\\Src\\stm32f4xx_hal_cortex.c 0x00000000   Number         0  stm32f4xx_hal_cortex.o ABSOLUTE
    ..\\..\\Drivers\\STM32F4xx_HAL_Driver\\Src\\stm32f4xx_hal_dma.c 0x00000000   Number         0  stm32f4xx_hal_dma.o ABSOLUTE
    ..\\..\\Drivers\\STM32F4xx_HAL_Driver\\Src\\stm32f4xx_hal_dma_ex.c 0x00000000   Number         0  stm32f4xx_hal_dma_ex.o ABSOLUTE
    ..\\..\\Drivers\\STM32F4xx_HAL_Driver\\Src\\stm32f4xx_hal_flash.c 0x00000000   Number         0  stm32f4xx_hal_flash.o ABSOLUTE
    ..\\..\\Drivers\\STM32F4xx_HAL_Driver\\Src\\stm32f4xx_hal_flash_ex.c 0x00000000   Number         0  stm32f4xx_hal_flash_ex.o ABSOLUTE
    ..\\..\\Drivers\\STM32F4xx_HAL_Driver\\Src\\stm32f4xx_hal_flash_ramfunc.c 0x00000000   Number         0  stm32f4xx_hal_flash_ramfunc.o ABSOLUTE
    ..\\..\\Drivers\\STM32F4xx_HAL_Driver\\Src\\stm32f4xx_hal_gpio.c 0x00000000   Number         0  stm32f4xx_hal_gpio.o ABSOLUTE
    ..\\..\\Drivers\\STM32F4xx_HAL_Driver\\Src\\stm32f4xx_hal_i2c.c 0x00000000   Number         0  stm32f4xx_hal_i2c.o ABSOLUTE
    ..\\..\\Drivers\\STM32F4xx_HAL_Driver\\Src\\stm32f4xx_hal_i2c_ex.c 0x00000000   Number         0  stm32f4xx_hal_i2c_ex.o ABSOLUTE
    ..\\..\\Drivers\\STM32F4xx_HAL_Driver\\Src\\stm32f4xx_hal_pcd.c 0x00000000   Number         0  stm32f4xx_hal_pcd.o ABSOLUTE
    ..\\..\\Drivers\\STM32F4xx_HAL_Driver\\Src\\stm32f4xx_hal_pcd_ex.c 0x00000000   Number         0  stm32f4xx_hal_pcd_ex.o ABSOLUTE
    ..\\..\\Drivers\\STM32F4xx_HAL_Driver\\Src\\stm32f4xx_hal_pwr.c 0x00000000   Number         0  stm32f4xx_hal_pwr.o ABSOLUTE
    ..\\..\\Drivers\\STM32F4xx_HAL_Driver\\Src\\stm32f4xx_hal_pwr_ex.c 0x00000000   Number         0  stm32f4xx_hal_pwr_ex.o ABSOLUTE
    ..\\..\\Drivers\\STM32F4xx_HAL_Driver\\Src\\stm32f4xx_hal_rcc.c 0x00000000   Number         0  stm32f4xx_hal_rcc.o ABSOLUTE
    ..\\..\\Drivers\\STM32F4xx_HAL_Driver\\Src\\stm32f4xx_hal_rcc_ex.c 0x00000000   Number         0  stm32f4xx_hal_rcc_ex.o ABSOLUTE
    ..\\..\\Drivers\\STM32F4xx_HAL_Driver\\Src\\stm32f4xx_hal_tim.c 0x00000000   Number         0  stm32f4xx_hal_tim.o ABSOLUTE
    ..\\..\\Drivers\\STM32F4xx_HAL_Driver\\Src\\stm32f4xx_hal_tim_ex.c 0x00000000   Number         0  stm32f4xx_hal_tim_ex.o ABSOLUTE
    ..\\..\\Drivers\\STM32F4xx_HAL_Driver\\Src\\stm32f4xx_hal_uart.c 0x00000000   Number         0  stm32f4xx_hal_uart.o ABSOLUTE
    ..\\..\\Drivers\\STM32F4xx_HAL_Driver\\Src\\stm32f4xx_ll_usb.c 0x00000000   Number         0  stm32f4xx_ll_usb.o ABSOLUTE
    ..\\..\\Middlewares\\ST\\STM32_USB_Device_Library\\Class\\CDC\\Src\\usbd_cdc.c 0x00000000   Number         0  usbd_cdc.o ABSOLUTE
    ..\\..\\Middlewares\\ST\\STM32_USB_Device_Library\\Core\\Src\\usbd_core.c 0x00000000   Number         0  usbd_core.o ABSOLUTE
    ..\\..\\Middlewares\\ST\\STM32_USB_Device_Library\\Core\\Src\\usbd_ctlreq.c 0x00000000   Number         0  usbd_ctlreq.o ABSOLUTE
    ..\\..\\Middlewares\\ST\\STM32_USB_Device_Library\\Core\\Src\\usbd_ioreq.c 0x00000000   Number         0  usbd_ioreq.o ABSOLUTE
    ..\\..\\Src\\button_handler.c            0x00000000   Number         0  button_handler.o ABSOLUTE
    ..\\..\\Src\\dma.c                       0x00000000   Number         0  dma.o ABSOLUTE
    ..\\..\\Src\\gpio.c                      0x00000000   Number         0  gpio.o ABSOLUTE
    ..\\..\\Src\\i2c.c                       0x00000000   Number         0  i2c.o ABSOLUTE
    ..\\..\\Src\\leds_handler.c              0x00000000   Number         0  leds_handler.o ABSOLUTE
    ..\\..\\Src\\main.c                      0x00000000   Number         0  main.o ABSOLUTE
    ..\\..\\Src\\stm32f4xx_it.c              0x00000000   Number         0  stm32f4xx_it.o ABSOLUTE
    ..\\..\\Src\\tim.c                       0x00000000   Number         0  tim.o ABSOLUTE
    ..\\..\\Src\\tim_handler.c               0x00000000   Number         0  tim_handler.o ABSOLUTE
    ..\\..\\Src\\usart.c                     0x00000000   Number         0  usart.o ABSOLUTE
    ..\\..\\Src\\usb_device.c                0x00000000   Number         0  usb_device.o ABSOLUTE
    ..\\..\\Src\\usbd_cdc_if.c               0x00000000   Number         0  usbd_cdc_if.o ABSOLUTE
    ..\\..\\Src\\usbd_conf.c                 0x00000000   Number         0  usbd_conf.o ABSOLUTE
    ..\\..\\Src\\usbd_desc.c                 0x00000000   Number         0  usbd_desc.o ABSOLUTE
    dc.s                                     0x00000000   Number         0  dc.o ABSOLUTE
    handlers.s                               0x00000000   Number         0  handlers.o ABSOLUTE
    init.s                                   0x00000000   Number         0  init.o ABSOLUTE
    RESET                                    0x08000000   Section      392  startup_stm32f407xx.o(RESET)
    .ARM.Collect$$$$00000000                 0x08000188   Section        0  entry.o(.ARM.Collect$$$$00000000)
    .ARM.Collect$$$$00000001                 0x08000188   Section        4  entry2.o(.ARM.Collect$$$$00000001)
    .ARM.Collect$$$$00000004                 0x0800018c   Section        4  entry5.o(.ARM.Collect$$$$00000004)
    .ARM.Collect$$$$00000008                 0x08000190   Section        0  entry7b.o(.ARM.Collect$$$$00000008)
    .ARM.Collect$$$$0000000A                 0x08000190   Section        0  entry8b.o(.ARM.Collect$$$$0000000A)
    .ARM.Collect$$$$0000000B                 0x08000190   Section        8  entry9a.o(.ARM.Collect$$$$0000000B)
    .ARM.Collect$$$$0000000D                 0x08000198   Section        0  entry10a.o(.ARM.Collect$$$$0000000D)
    .ARM.Collect$$$$0000000F                 0x08000198   Section        0  entry11a.o(.ARM.Collect$$$$0000000F)
    .ARM.Collect$$$$00002712                 0x08000198   Section        4  entry2.o(.ARM.Collect$$$$00002712)
    __lit__00000000                          0x08000198   Data           4  entry2.o(.ARM.Collect$$$$00002712)
    .text                                    0x0800019c   Section       36  startup_stm32f407xx.o(.text)
    $v0                                      0x0800019c   Number         0  startup_stm32f407xx.o(.text)
    .text                                    0x080001c0   Section       36  init.o(.text)
    i.DMA1_Stream5_IRQHandler                0x080001e4   Section        0  stm32f4xx_it.o(i.DMA1_Stream5_IRQHandler)
    i.DMA1_Stream6_IRQHandler                0x080001f8   Section        0  stm32f4xx_it.o(i.DMA1_Stream6_IRQHandler)
    i.DMA2_Stream2_IRQHandler                0x0800020c   Section        0  stm32f4xx_it.o(i.DMA2_Stream2_IRQHandler)
    i.DMA2_Stream7_IRQHandler                0x08000220   Section        0  stm32f4xx_it.o(i.DMA2_Stream7_IRQHandler)
    i.HAL_DMA_IRQHandler                     0x08000234   Section        0  stm32f4xx_hal_dma.o(i.HAL_DMA_IRQHandler)
    i.HAL_Delay                              0x0800286c   Section        0  stm32f4xx_hal.o(i.HAL_Delay)
    i.HAL_GPIO_Init                          0x08002888   Section        0  stm32f4xx_hal_gpio.o(i.HAL_GPIO_Init)
    i.HAL_GPIO_ReadPin                       0x08002a90   Section        0  stm32f4xx_hal_gpio.o(i.HAL_GPIO_ReadPin)
    i.HAL_GPIO_WritePin                      0x08002aa0   Section        0  stm32f4xx_hal_gpio.o(i.HAL_GPIO_WritePin)
    i.HAL_GetTick                            0x08002aac   Section        0  stm32f4xx_hal.o(i.HAL_GetTick)
    i.HAL_I2C_Init                           0x08002ab8   Section        0  stm32f4xx_hal_i2c.o(i.HAL_I2C_Init)
    i.HAL_I2C_MspInit                        0x08002bd4   Section        0  i2c.o(i.HAL_I2C_MspInit)
    i.HAL_IncTick                            0x08002c1c   Section        0  stm32f4xx_hal.o(i.HAL_IncTick)
    i.HAL_Init                               0x08002c2c   Section        0  stm32f4xx_hal.o(i.HAL_Init)
    i.HAL_InitTick                           0x08002c68   Section        0  stm32f4xx_hal.o(i.HAL_InitTick)
    i.HAL_MspInit                            0x08002c8c   Section        0  stm32f4xx_hal.o(i.HAL_MspInit)
    i.HAL_NVIC_ClearPendingIRQ               0x08002c90   Section        0  stm32f4xx_hal_cortex.o(i.HAL_NVIC_ClearPendingIRQ)
    i.HAL_NVIC_EnableIRQ                     0x08002cac   Section        0  stm32f4xx_hal_cortex.o(i.HAL_NVIC_EnableIRQ)
    i.HAL_NVIC_SetPriority                   0x08002cc6   Section        0  stm32f4xx_hal_cortex.o(i.HAL_NVIC_SetPriority)
    i.HAL_NVIC_SetPriorityGrouping           0x08002d44   Section        0  stm32f4xx_hal_cortex.o(i.HAL_NVIC_SetPriorityGrouping)
    i.HAL_PCD_ConnectCallback                0x08002d6c   Section        0  usbd_conf.o(i.HAL_PCD_ConnectCallback)
    i.HAL_PCD_DataInStageCallback            0x08002d7a   Section        0  usbd_conf.o(i.HAL_PCD_DataInStageCallback)
    i.HAL_PCD_DataOutStageCallback           0x08002d9a   Section        0  usbd_conf.o(i.HAL_PCD_DataOutStageCallback)
    i.HAL_PCD_DisconnectCallback             0x08002dba   Section        0  usbd_conf.o(i.HAL_PCD_DisconnectCallback)
    i.HAL_PCD_EP_ClrStall                    0x08002dc8   Section        0  stm32f4xx_hal_pcd.o(i.HAL_PCD_EP_ClrStall)
    i.HAL_PCD_EP_Open                        0x08002e30   Section        0  stm32f4xx_hal_pcd.o(i.HAL_PCD_EP_Open)
    i.HAL_PCD_EP_Receive                     0x08002ebc   Section        0  stm32f4xx_hal_pcd.o(i.HAL_PCD_EP_Receive)
    i.HAL_PCD_EP_SetStall                    0x08002f34   Section        0  stm32f4xx_hal_pcd.o(i.HAL_PCD_EP_SetStall)
    i.HAL_PCD_EP_Transmit                    0x08002fae   Section        0  stm32f4xx_hal_pcd.o(i.HAL_PCD_EP_Transmit)
    i.HAL_PCD_IRQHandler                     0x08003028   Section        0  stm32f4xx_hal_pcd.o(i.HAL_PCD_IRQHandler)
    i.HAL_PCD_ISOINIncompleteCallback        0x0800355c   Section        0  usbd_conf.o(i.HAL_PCD_ISOINIncompleteCallback)
    i.HAL_PCD_ISOOUTIncompleteCallback       0x0800356e   Section        0  usbd_conf.o(i.HAL_PCD_ISOOUTIncompleteCallback)
    i.HAL_PCD_ResetCallback                  0x08003580   Section        0  usbd_conf.o(i.HAL_PCD_ResetCallback)
    i.HAL_PCD_ResumeCallback                 0x080035b2   Section        0  usbd_conf.o(i.HAL_PCD_ResumeCallback)
    i.HAL_PCD_SOFCallback                    0x080035c0   Section        0  usbd_conf.o(i.HAL_PCD_SOFCallback)
    i.HAL_PCD_SetAddress                     0x080035ce   Section        0  stm32f4xx_hal_pcd.o(i.HAL_PCD_SetAddress)
    i.HAL_PCD_SetupStageCallback             0x08003600   Section        0  usbd_conf.o(i.HAL_PCD_SetupStageCallback)
    i.HAL_PCD_SuspendCallback                0x08003612   Section        0  usbd_conf.o(i.HAL_PCD_SuspendCallback)
    i.HAL_RCC_ClockConfig                    0x08003620   Section        0  stm32f4xx_hal_rcc.o(i.HAL_RCC_ClockConfig)
    i.HAL_RCC_GetHCLKFreq                    0x08003874   Section        0  stm32f4xx_hal_rcc.o(i.HAL_RCC_GetHCLKFreq)
    i.HAL_RCC_GetPCLK1Freq                   0x080038ac   Section        0  stm32f4xx_hal_rcc.o(i.HAL_RCC_GetPCLK1Freq)
    i.HAL_RCC_GetSysClockFreq                0x080038d8   Section        0  stm32f4xx_hal_rcc.o(i.HAL_RCC_GetSysClockFreq)
    i.HAL_RCC_OscConfig                      0x0800399c   Section        0  stm32f4xx_hal_rcc.o(i.HAL_RCC_OscConfig)
    i.HAL_SYSTICK_Callback                   0x08003d98   Section        0  stm32f4xx_hal_cortex.o(i.HAL_SYSTICK_Callback)
    i.HAL_SYSTICK_Config                     0x08003d9a   Section        0  stm32f4xx_hal_cortex.o(i.HAL_SYSTICK_Config)
    i.HAL_SYSTICK_IRQHandler                 0x08003dce   Section        0  stm32f4xx_hal_cortex.o(i.HAL_SYSTICK_IRQHandler)
    i.HAL_TIMEx_BreakCallback                0x08003dd6   Section        0  stm32f4xx_hal_tim_ex.o(i.HAL_TIMEx_BreakCallback)
    i.HAL_TIMEx_CommutationCallback          0x08003dd8   Section        0  stm32f4xx_hal_tim_ex.o(i.HAL_TIMEx_CommutationCallback)
    i.HAL_TIMEx_ConfigBreakDeadTime          0x08003dda   Section        0  stm32f4xx_hal_tim_ex.o(i.HAL_TIMEx_ConfigBreakDeadTime)
    i.HAL_TIMEx_MasterConfigSynchronization  0x08003e2a   Section        0  stm32f4xx_hal_tim_ex.o(i.HAL_TIMEx_MasterConfigSynchronization)
    i.HAL_TIM_Base_Init                      0x08003e8c   Section        0  stm32f4xx_hal_tim.o(i.HAL_TIM_Base_Init)
    i.HAL_TIM_Base_MspInit                   0x08003ebc   Section        0  tim.o(i.HAL_TIM_Base_MspInit)
    i.HAL_TIM_Base_Start_IT                  0x08003f6c   Section        0  stm32f4xx_hal_tim.o(i.HAL_TIM_Base_Start_IT)
    i.HAL_TIM_ConfigClockSource              0x08003f8a   Section        0  stm32f4xx_hal_tim.o(i.HAL_TIM_ConfigClockSource)
    i.HAL_TIM_Encoder_Init                   0x080040bc   Section        0  stm32f4xx_hal_tim.o(i.HAL_TIM_Encoder_Init)
    i.HAL_TIM_Encoder_MspInit                0x0800416c   Section        0  tim.o(i.HAL_TIM_Encoder_MspInit)
    i.HAL_TIM_IC_CaptureCallback             0x080041e0   Section        0  stm32f4xx_hal_tim.o(i.HAL_TIM_IC_CaptureCallback)
    i.HAL_TIM_IC_ConfigChannel               0x080041e2   Section        0  stm32f4xx_hal_tim.o(i.HAL_TIM_IC_ConfigChannel)
    i.HAL_TIM_IC_Init                        0x080042c2   Section        0  stm32f4xx_hal_tim.o(i.HAL_TIM_IC_Init)
    i.HAL_TIM_IC_MspInit                     0x080042f0   Section        0  stm32f4xx_hal_tim.o(i.HAL_TIM_IC_MspInit)
    i.HAL_TIM_IRQHandler                     0x080042f2   Section        0  stm32f4xx_hal_tim.o(i.HAL_TIM_IRQHandler)
    i.HAL_TIM_OC_DelayElapsedCallback        0x08004488   Section        0  stm32f4xx_hal_tim.o(i.HAL_TIM_OC_DelayElapsedCallback)
    i.HAL_TIM_OnePulse_Init                  0x0800448a   Section        0  stm32f4xx_hal_tim.o(i.HAL_TIM_OnePulse_Init)
    i.HAL_TIM_OnePulse_MspInit               0x080044d0   Section        0  stm32f4xx_hal_tim.o(i.HAL_TIM_OnePulse_MspInit)
    i.HAL_TIM_PWM_ConfigChannel              0x080044d2   Section        0  stm32f4xx_hal_tim.o(i.HAL_TIM_PWM_ConfigChannel)
    i.HAL_TIM_PWM_Init                       0x080045da   Section        0  stm32f4xx_hal_tim.o(i.HAL_TIM_PWM_Init)
    i.HAL_TIM_PWM_MspInit                    0x08004608   Section        0  tim.o(i.HAL_TIM_PWM_MspInit)
    i.HAL_TIM_PWM_PulseFinishedCallback      0x08004650   Section        0  stm32f4xx_hal_tim.o(i.HAL_TIM_PWM_PulseFinishedCallback)
    i.HAL_TIM_PeriodElapsedCallback          0x08004654   Section        0  tim_handler.o(i.HAL_TIM_PeriodElapsedCallback)
    i.HAL_TIM_SlaveConfigSynchronization     0x0800466c   Section        0  stm32f4xx_hal_tim.o(i.HAL_TIM_SlaveConfigSynchronization)
    i.HAL_TIM_TriggerCallback                0x0800473e   Section        0  stm32f4xx_hal_tim.o(i.HAL_TIM_TriggerCallback)
    i.HAL_UART_ErrorCallback                 0x08004740   Section        0  stm32f4xx_hal_uart.o(i.HAL_UART_ErrorCallback)
    i.HAL_UART_IRQHandler                    0x08004742   Section        0  stm32f4xx_hal_uart.o(i.HAL_UART_IRQHandler)
    i.HAL_UART_RxCpltCallback                0x08004842   Section        0  stm32f4xx_hal_uart.o(i.HAL_UART_RxCpltCallback)
    i.HAL_UART_TxCpltCallback                0x08004844   Section        0  stm32f4xx_hal_uart.o(i.HAL_UART_TxCpltCallback)
    i.MX_DMA_Init                            0x08004848   Section        0  dma.o(i.MX_DMA_Init)
    i.MX_GPIO_Init                           0x080048c0   Section        0  gpio.o(i.MX_GPIO_Init)
    i.MX_I2C2_Init                           0x08004a2c   Section        0  i2c.o(i.MX_I2C2_Init)
    i.MX_TIM11_Init                          0x08004a64   Section        0  tim.o(i.MX_TIM11_Init)
    i.MX_TIM12_Init                          0x08004ab0   Section        0  tim.o(i.MX_TIM12_Init)
    i.MX_TIM1_Init                           0x08004b28   Section        0  tim.o(i.MX_TIM1_Init)
    i.MX_TIM2_Init                           0x08004ba4   Section        0  tim.o(i.MX_TIM2_Init)
    i.MX_TIM3_Init                           0x08004bfc   Section        0  tim.o(i.MX_TIM3_Init)
    i.MX_TIM7_Init                           0x08004c54   Section        0  tim.o(i.MX_TIM7_Init)
    i.NVIC_GetPriorityGrouping               0x08004c88   Section        0  stm32f4xx_hal_cortex.o(i.NVIC_GetPriorityGrouping)
    NVIC_GetPriorityGrouping                 0x08004c89   Thumb Code    10  stm32f4xx_hal_cortex.o(i.NVIC_GetPriorityGrouping)
    i.NVIC_SetPriority                       0x08004c98   Section        0  stm32f4xx_hal_cortex.o(i.NVIC_SetPriority)
    NVIC_SetPriority                         0x08004c99   Thumb Code    32  stm32f4xx_hal_cortex.o(i.NVIC_SetPriority)
    i.OTG_FS_IRQHandler                      0x08004cc0   Section        0  stm32f4xx_it.o(i.OTG_FS_IRQHandler)
    i.OTG_FS_WKUP_IRQHandler                 0x08004cd4   Section        0  stm32f4xx_it.o(i.OTG_FS_WKUP_IRQHandler)
    i.PCD_WriteEmptyTxFifo                   0x08004ce8   Section        0  stm32f4xx_hal_pcd.o(i.PCD_WriteEmptyTxFifo)
    PCD_WriteEmptyTxFifo                     0x08004ce9   Thumb Code   176  stm32f4xx_hal_pcd.o(i.PCD_WriteEmptyTxFifo)
    i.SysTick_Handler                        0x08004d98   Section        0  stm32f4xx_it.o(i.SysTick_Handler)
    i.SystemClock_Config                     0x08004da4   Section        0  main.o(i.SystemClock_Config)
    i.SystemInit                             0x08004e14   Section        0  system_stm32f4xx.o(i.SystemInit)
    i.TIM7_IRQHandler                        0x08004e78   Section        0  stm32f4xx_it.o(i.TIM7_IRQHandler)
    i.TIM_Base_SetConfig                     0x08004e8c   Section        0  stm32f4xx_hal_tim.o(i.TIM_Base_SetConfig)
    i.TIM_ETR_SetConfig                      0x08004f70   Section        0  stm32f4xx_hal_tim.o(i.TIM_ETR_SetConfig)
    TIM_ETR_SetConfig                        0x08004f71   Thumb Code    24  stm32f4xx_hal_tim.o(i.TIM_ETR_SetConfig)
    i.TIM_ITRx_SetConfig                     0x08004f88   Section        0  stm32f4xx_hal_tim.o(i.TIM_ITRx_SetConfig)
    TIM_ITRx_SetConfig                       0x08004f89   Thumb Code    20  stm32f4xx_hal_tim.o(i.TIM_ITRx_SetConfig)
    i.TIM_OC1_SetConfig                      0x08004f9c   Section        0  stm32f4xx_hal_tim.o(i.TIM_OC1_SetConfig)
    TIM_OC1_SetConfig                        0x08004f9d   Thumb Code   102  stm32f4xx_hal_tim.o(i.TIM_OC1_SetConfig)
    i.TIM_OC2_SetConfig                      0x0800500c   Section        0  stm32f4xx_hal_tim.o(i.TIM_OC2_SetConfig)
    i.TIM_OC3_SetConfig                      0x08005084   Section        0  stm32f4xx_hal_tim.o(i.TIM_OC3_SetConfig)
    TIM_OC3_SetConfig                        0x08005085   Thumb Code   110  stm32f4xx_hal_tim.o(i.TIM_OC3_SetConfig)
    i.TIM_OC4_SetConfig                      0x080050fc   Section        0  stm32f4xx_hal_tim.o(i.TIM_OC4_SetConfig)
    TIM_OC4_SetConfig                        0x080050fd   Thumb Code    88  stm32f4xx_hal_tim.o(i.TIM_OC4_SetConfig)
    i.TIM_TI1_ConfigInputStage               0x0800515c   Section        0  stm32f4xx_hal_tim.o(i.TIM_TI1_ConfigInputStage)
    TIM_TI1_ConfigInputStage                 0x0800515d   Thumb Code    42  stm32f4xx_hal_tim.o(i.TIM_TI1_ConfigInputStage)
    i.TIM_TI1_SetConfig                      0x08005188   Section        0  stm32f4xx_hal_tim.o(i.TIM_TI1_SetConfig)
    i.TIM_TI2_ConfigInputStage               0x08005218   Section        0  stm32f4xx_hal_tim.o(i.TIM_TI2_ConfigInputStage)
    TIM_TI2_ConfigInputStage                 0x08005219   Thumb Code    44  stm32f4xx_hal_tim.o(i.TIM_TI2_ConfigInputStage)
    i.TIM_TI2_SetConfig                      0x08005244   Section        0  stm32f4xx_hal_tim.o(i.TIM_TI2_SetConfig)
    TIM_TI2_SetConfig                        0x08005245   Thumb Code    52  stm32f4xx_hal_tim.o(i.TIM_TI2_SetConfig)
    i.TIM_TI3_SetConfig                      0x08005278   Section        0  stm32f4xx_hal_tim.o(i.TIM_TI3_SetConfig)
    TIM_TI3_SetConfig                        0x08005279   Thumb Code    50  stm32f4xx_hal_tim.o(i.TIM_TI3_SetConfig)
    i.TIM_TI4_SetConfig                      0x080052aa   Section        0  stm32f4xx_hal_tim.o(i.TIM_TI4_SetConfig)
    TIM_TI4_SetConfig                        0x080052ab   Thumb Code    52  stm32f4xx_hal_tim.o(i.TIM_TI4_SetConfig)
    i.UART_Receive_IT                        0x080052de   Section        0  stm32f4xx_hal_uart.o(i.UART_Receive_IT)
    UART_Receive_IT                          0x080052df   Thumb Code   188  stm32f4xx_hal_uart.o(i.UART_Receive_IT)
    i.UART_Transmit_IT                       0x0800539a   Section        0  stm32f4xx_hal_uart.o(i.UART_Transmit_IT)
    UART_Transmit_IT                         0x0800539b   Thumb Code   176  stm32f4xx_hal_uart.o(i.UART_Transmit_IT)
    i.UART_WaitOnFlagUntilTimeout            0x0800544a   Section        0  stm32f4xx_hal_uart.o(i.UART_WaitOnFlagUntilTimeout)
    UART_WaitOnFlagUntilTimeout              0x0800544b   Thumb Code   250  stm32f4xx_hal_uart.o(i.UART_WaitOnFlagUntilTimeout)
    i.USART1_IRQHandler                      0x08005544   Section        0  stm32f4xx_it.o(i.USART1_IRQHandler)
    i.USART2_IRQHandler                      0x08005558   Section        0  stm32f4xx_it.o(i.USART2_IRQHandler)
    i.USBD_ClrClassConfig                    0x0800556c   Section        0  usbd_core.o(i.USBD_ClrClassConfig)
    i.USBD_ClrFeature                        0x08005582   Section        0  usbd_ctlreq.o(i.USBD_ClrFeature)
    USBD_ClrFeature                          0x08005583   Thumb Code    68  usbd_ctlreq.o(i.USBD_ClrFeature)
    i.USBD_CtlContinueRx                     0x080055c6   Section        0  usbd_ioreq.o(i.USBD_CtlContinueRx)
    i.USBD_CtlContinueSendData               0x080055de   Section        0  usbd_ioreq.o(i.USBD_CtlContinueSendData)
    i.USBD_CtlError                          0x080055f6   Section        0  usbd_ctlreq.o(i.USBD_CtlError)
    i.USBD_CtlReceiveStatus                  0x0800560e   Section        0  usbd_ioreq.o(i.USBD_CtlReceiveStatus)
    i.USBD_CtlSendData                       0x08005628   Section        0  usbd_ioreq.o(i.USBD_CtlSendData)
    i.USBD_CtlSendStatus                     0x0800564a   Section        0  usbd_ioreq.o(i.USBD_CtlSendStatus)
    i.USBD_GetConfig                         0x08005664   Section        0  usbd_ctlreq.o(i.USBD_GetConfig)
    USBD_GetConfig                           0x08005665   Thumb Code    80  usbd_ctlreq.o(i.USBD_GetConfig)
    i.USBD_GetDescriptor                     0x080056b4   Section        0  usbd_ctlreq.o(i.USBD_GetDescriptor)
    USBD_GetDescriptor                       0x080056b5   Thumb Code   328  usbd_ctlreq.o(i.USBD_GetDescriptor)
    i.USBD_GetStatus                         0x080057fc   Section        0  usbd_ctlreq.o(i.USBD_GetStatus)
    USBD_GetStatus                           0x080057fd   Thumb Code    68  usbd_ctlreq.o(i.USBD_GetStatus)
    i.USBD_LL_ClearStallEP                   0x08005840   Section        0  usbd_conf.o(i.USBD_LL_ClearStallEP)
    i.USBD_LL_DataInStage                    0x08005854   Section        0  usbd_core.o(i.USBD_LL_DataInStage)
    i.USBD_LL_DataOutStage                   0x08005916   Section        0  usbd_core.o(i.USBD_LL_DataOutStage)
    i.USBD_LL_DevConnected                   0x0800599c   Section        0  usbd_core.o(i.USBD_LL_DevConnected)
    i.USBD_LL_DevDisconnected                0x080059a2   Section        0  usbd_core.o(i.USBD_LL_DevDisconnected)
    i.USBD_LL_IsStallEP                      0x080059bc   Section        0  usbd_conf.o(i.USBD_LL_IsStallEP)
    i.USBD_LL_IsoINIncomplete                0x080059f4   Section        0  usbd_core.o(i.USBD_LL_IsoINIncomplete)
    i.USBD_LL_IsoOUTIncomplete               0x080059fa   Section        0  usbd_core.o(i.USBD_LL_IsoOUTIncomplete)
    i.USBD_LL_OpenEP                         0x08005a00   Section        0  usbd_conf.o(i.USBD_LL_OpenEP)
    i.USBD_LL_PrepareReceive                 0x08005a20   Section        0  usbd_conf.o(i.USBD_LL_PrepareReceive)
    i.USBD_LL_Reset                          0x08005a40   Section        0  usbd_core.o(i.USBD_LL_Reset)
    i.USBD_LL_Resume                         0x08005a84   Section        0  usbd_core.o(i.USBD_LL_Resume)
    i.USBD_LL_SOF                            0x08005a92   Section        0  usbd_core.o(i.USBD_LL_SOF)
    i.USBD_LL_SetSpeed                       0x08005ab4   Section        0  usbd_core.o(i.USBD_LL_SetSpeed)
    i.USBD_LL_SetUSBAddress                  0x08005abc   Section        0  usbd_conf.o(i.USBD_LL_SetUSBAddress)
    i.USBD_LL_SetupStage                     0x08005ad0   Section        0  usbd_core.o(i.USBD_LL_SetupStage)
    i.USBD_LL_StallEP                        0x08005b3e   Section        0  usbd_conf.o(i.USBD_LL_StallEP)
    i.USBD_LL_Suspend                        0x08005b52   Section        0  usbd_core.o(i.USBD_LL_Suspend)
    i.USBD_LL_Transmit                       0x08005b66   Section        0  usbd_conf.o(i.USBD_LL_Transmit)
    i.USBD_ParseSetupRequest                 0x08005b86   Section        0  usbd_ctlreq.o(i.USBD_ParseSetupRequest)
    i.USBD_RunTestMode                       0x08005bae   Section        0  usbd_core.o(i.USBD_RunTestMode)
    i.USBD_SetAddress                        0x08005bb4   Section        0  usbd_ctlreq.o(i.USBD_SetAddress)
    USBD_SetAddress                          0x08005bb5   Thumb Code    84  usbd_ctlreq.o(i.USBD_SetAddress)
    i.USBD_SetClassConfig                    0x08005c08   Section        0  usbd_core.o(i.USBD_SetClassConfig)
    i.USBD_SetConfig                         0x08005c2c   Section        0  usbd_ctlreq.o(i.USBD_SetConfig)
    USBD_SetConfig                           0x08005c2d   Thumb Code   218  usbd_ctlreq.o(i.USBD_SetConfig)
    i.USBD_SetFeature                        0x08005d0c   Section        0  usbd_ctlreq.o(i.USBD_SetFeature)
    USBD_SetFeature                          0x08005d0d   Thumb Code    36  usbd_ctlreq.o(i.USBD_SetFeature)
    i.USBD_StdDevReq                         0x08005d30   Section        0  usbd_ctlreq.o(i.USBD_StdDevReq)
    i.USBD_StdEPReq                          0x08005da2   Section        0  usbd_ctlreq.o(i.USBD_StdEPReq)
    i.USBD_StdItfReq                         0x08005ede   Section        0  usbd_ctlreq.o(i.USBD_StdItfReq)
    i.USB_ActivateEndpoint                   0x08005f28   Section        0  stm32f4xx_ll_usb.o(i.USB_ActivateEndpoint)
    i.USB_ActivateSetup                      0x08005fec   Section        0  stm32f4xx_ll_usb.o(i.USB_ActivateSetup)
    i.USB_EP0StartXfer                       0x08006030   Section        0  stm32f4xx_ll_usb.o(i.USB_EP0StartXfer)
    i.USB_EP0_OutStart                       0x080061e0   Section        0  stm32f4xx_ll_usb.o(i.USB_EP0_OutStart)
    i.USB_EPClearStall                       0x08006224   Section        0  stm32f4xx_ll_usb.o(i.USB_EPClearStall)
    i.USB_EPSetStall                         0x080062ac   Section        0  stm32f4xx_ll_usb.o(i.USB_EPSetStall)
    i.USB_EPStartXfer                        0x08006338   Section        0  stm32f4xx_ll_usb.o(i.USB_EPStartXfer)
    i.USB_FlushTxFifo                        0x08006608   Section        0  stm32f4xx_ll_usb.o(i.USB_FlushTxFifo)
    i.USB_GetDevSpeed                        0x08006638   Section        0  stm32f4xx_ll_usb.o(i.USB_GetDevSpeed)
    i.USB_GetMode                            0x0800667c   Section        0  stm32f4xx_ll_usb.o(i.USB_GetMode)
    i.USB_ReadDevAllInEpInterrupt            0x08006686   Section        0  stm32f4xx_ll_usb.o(i.USB_ReadDevAllInEpInterrupt)
    i.USB_ReadDevAllOutEpInterrupt           0x08006698   Section        0  stm32f4xx_ll_usb.o(i.USB_ReadDevAllOutEpInterrupt)
    i.USB_ReadDevInEPInterrupt               0x080066aa   Section        0  stm32f4xx_ll_usb.o(i.USB_ReadDevInEPInterrupt)
    i.USB_ReadDevOutEPInterrupt              0x080066d6   Section        0  stm32f4xx_ll_usb.o(i.USB_ReadDevOutEPInterrupt)
    i.USB_ReadInterrupts                     0x080066ec   Section        0  stm32f4xx_ll_usb.o(i.USB_ReadInterrupts)
    i.USB_ReadPacket                         0x080066f8   Section        0  stm32f4xx_ll_usb.o(i.USB_ReadPacket)
    i.USB_SetDevAddress                      0x08006720   Section        0  stm32f4xx_ll_usb.o(i.USB_SetDevAddress)
    i.USB_WritePacket                        0x08006744   Section        0  stm32f4xx_ll_usb.o(i.USB_WritePacket)
    i.__scatterload_copy                     0x0800677e   Section       14  handlers.o(i.__scatterload_copy)
    i.__scatterload_null                     0x0800678c   Section        2  handlers.o(i.__scatterload_null)
    i.__scatterload_zeroinit                 0x0800678e   Section       14  handlers.o(i.__scatterload_zeroinit)
    i.getButton1State                        0x0800679c   Section        0  button_handler.o(i.getButton1State)
    i.getButton2State                        0x080067b0   Section        0  button_handler.o(i.getButton2State)
    i.getButtonDiscState                     0x080067c4   Section        0  button_handler.o(i.getButtonDiscState)
    i.initRgbLeds                            0x080067e0   Section        0  leds_handler.o(i.initRgbLeds)
    i.main                                   0x08006818   Section        0  main.o(i.main)
    i.on_RGB_led_timer_timeout               0x080069f4   Section        0  leds_handler.o(i.on_RGB_led_timer_timeout)
    i.resetRgbLeds                           0x08006bc8   Section        0  leds_handler.o(i.resetRgbLeds)
    i.setK_pinState                          0x08006c6c   Section        0  leds_handler.o(i.setK_pinState)
    i.setLedColor                            0x08006ce0   Section        0  leds_handler.o(i.setLedColor)
    .constdata                               0x08006d08   Section       16  stm32f4xx_hal_rcc.o(.constdata)
    .data                                    0x20000000   Section        3  leds_handler.o(.data)
    led_upd_count                            0x20000000   Data           1  leds_handler.o(.data)
    cycle                                    0x20000001   Data           1  leds_handler.o(.data)
    tr_idx                                   0x20000002   Data           1  leds_handler.o(.data)
    .data                                    0x20000004   Section       20  system_stm32f4xx.o(.data)
    .data                                    0x20000018   Section        4  stm32f4xx_hal.o(.data)
    uwTick                                   0x20000018   Data           4  stm32f4xx_hal.o(.data)
    .data                                    0x2000001c   Section        1  usbd_ctlreq.o(.data)
    cfgidx                                   0x2000001c   Data           1  usbd_ctlreq.o(.data)
    .bss                                     0x20000020   Section       56  i2c.o(.bss)
    .bss                                     0x20000058   Section      360  tim.o(.bss)
    .bss                                     0x200001c0   Section      440  usart.o(.bss)
    .bss                                     0x20000378   Section      944  usbd_conf.o(.bss)
    .bss                                     0x20000728   Section       96  leds_handler.o(.bss)
    led_R_vals                               0x20000728   Data          16  leds_handler.o(.bss)
    led_G_vals                               0x20000738   Data          16  leds_handler.o(.bss)
    led_B_vals                               0x20000748   Data          16  leds_handler.o(.bss)
    upd_led_R_vals                           0x20000758   Data          16  leds_handler.o(.bss)
    upd_led_G_vals                           0x20000768   Data          16  leds_handler.o(.bss)
    upd_led_B_vals                           0x20000778   Data          16  leds_handler.o(.bss)
    STACK                                    0x20000788   Section     1024  startup_stm32f407xx.o(STACK)

    Global Symbols

    Symbol Name                              Value     Ov Type        Size  Object(Section)

    BuildAttributes$$THM_ISAv4$E$P$D$K$B$S$7EM$VFPi3$EXTD16$VFPS$VFMA$PE$A:L22UL41UL21$X:L11$S22US41US21$IEEE1$IW$USESV6$~STKCKD$USESV7$~SHL$OSPACE$EBA8$MICROLIB$REQ8$PRES8$EABIv2 0x00000000   Number         0  anon$$obj.o ABSOLUTE
    __ARM_use_no_argv                        0x00000000   Number         0  main.o ABSOLUTE
    __cpp_initialize__aeabi_                  - Undefined Weak Reference
    __cxa_finalize                            - Undefined Weak Reference
    __decompress                              - Undefined Weak Reference
    _clock_init                               - Undefined Weak Reference
    _microlib_exit                            - Undefined Weak Reference
    __Vectors_Size                           0x00000188   Number         0  startup_stm32f407xx.o ABSOLUTE
    __Vectors                                0x08000000   Data           4  startup_stm32f407xx.o(RESET)
    __Vectors_End                            0x08000188   Data           0  startup_stm32f407xx.o(RESET)
    __main                                   0x08000189   Thumb Code     0  entry.o(.ARM.Collect$$$$00000000)
    _main_stk                                0x08000189   Thumb Code     0  entry2.o(.ARM.Collect$$$$00000001)
    _main_scatterload                        0x0800018d   Thumb Code     0  entry5.o(.ARM.Collect$$$$00000004)
    __main_after_scatterload                 0x08000191   Thumb Code     0  entry5.o(.ARM.Collect$$$$00000004)
    _main_clock                              0x08000191   Thumb Code     0  entry7b.o(.ARM.Collect$$$$00000008)
    _main_cpp_init                           0x08000191   Thumb Code     0  entry8b.o(.ARM.Collect$$$$0000000A)
    _main_init                               0x08000191   Thumb Code     0  entry9a.o(.ARM.Collect$$$$0000000B)
    __rt_final_cpp                           0x08000199   Thumb Code     0  entry10a.o(.ARM.Collect$$$$0000000D)
    __rt_final_exit                          0x08000199   Thumb Code     0  entry11a.o(.ARM.Collect$$$$0000000F)
    Reset_Handler                            0x0800019d   Thumb Code     8  startup_stm32f407xx.o(.text)
    NMI_Handler                              0x080001a5   Thumb Code     2  startup_stm32f407xx.o(.text)
    HardFault_Handler                        0x080001a7   Thumb Code     2  startup_stm32f407xx.o(.text)
    MemManage_Handler                        0x080001a9   Thumb Code     2  startup_stm32f407xx.o(.text)
    BusFault_Handler                         0x080001ab   Thumb Code     2  startup_stm32f407xx.o(.text)
    UsageFault_Handler                       0x080001ad   Thumb Code     2  startup_stm32f407xx.o(.text)
    SVC_Handler                              0x080001af   Thumb Code     2  startup_stm32f407xx.o(.text)
    DebugMon_Handler                         0x080001b1   Thumb Code     2  startup_stm32f407xx.o(.text)
    PendSV_Handler                           0x080001b3   Thumb Code     2  startup_stm32f407xx.o(.text)
    ADC_IRQHandler                           0x080001b7   Thumb Code     0  startup_stm32f407xx.o(.text)
    CAN1_RX0_IRQHandler                      0x080001b7   Thumb Code     0  startup_stm32f407xx.o(.text)
    CAN1_RX1_IRQHandler                      0x080001b7   Thumb Code     0  startup_stm32f407xx.o(.text)
    CAN1_SCE_IRQHandler                      0x080001b7   Thumb Code     0  startup_stm32f407xx.o(.text)
    CAN1_TX_IRQHandler                       0x080001b7   Thumb Code     0  startup_stm32f407xx.o(.text)
    CAN2_RX0_IRQHandler                      0x080001b7   Thumb Code     0  startup_stm32f407xx.o(.text)
    CAN2_RX1_IRQHandler                      0x080001b7   Thumb Code     0  startup_stm32f407xx.o(.text)
    CAN2_SCE_IRQHandler                      0x080001b7   Thumb Code     0  startup_stm32f407xx.o(.text)
    CAN2_TX_IRQHandler                       0x080001b7   Thumb Code     0  startup_stm32f407xx.o(.text)
    DCMI_IRQHandler                          0x080001b7   Thumb Code     0  startup_stm32f407xx.o(.text)
    DMA1_Stream0_IRQHandler                  0x080001b7   Thumb Code     0  startup_stm32f407xx.o(.text)
    DMA1_Stream1_IRQHandler                  0x080001b7   Thumb Code     0  startup_stm32f407xx.o(.text)
    DMA1_Stream2_IRQHandler                  0x080001b7   Thumb Code     0  startup_stm32f407xx.o(.text)
    DMA1_Stream3_IRQHandler                  0x080001b7   Thumb Code     0  startup_stm32f407xx.o(.text)
    DMA1_Stream4_IRQHandler                  0x080001b7   Thumb Code     0  startup_stm32f407xx.o(.text)
    DMA1_Stream7_IRQHandler                  0x080001b7   Thumb Code     0  startup_stm32f407xx.o(.text)
    DMA2_Stream0_IRQHandler                  0x080001b7   Thumb Code     0  startup_stm32f407xx.o(.text)
    DMA2_Stream1_IRQHandler                  0x080001b7   Thumb Code     0  startup_stm32f407xx.o(.text)
    DMA2_Stream3_IRQHandler                  0x080001b7   Thumb Code     0  startup_stm32f407xx.o(.text)
    DMA2_Stream4_IRQHandler                  0x080001b7   Thumb Code     0  startup_stm32f407xx.o(.text)
    DMA2_Stream5_IRQHandler                  0x080001b7   Thumb Code     0  startup_stm32f407xx.o(.text)
    DMA2_Stream6_IRQHandler                  0x080001b7   Thumb Code     0  startup_stm32f407xx.o(.text)
    ETH_IRQHandler                           0x080001b7   Thumb Code     0  startup_stm32f407xx.o(.text)
    ETH_WKUP_IRQHandler                      0x080001b7   Thumb Code     0  startup_stm32f407xx.o(.text)
    EXTI0_IRQHandler                         0x080001b7   Thumb Code     0  startup_stm32f407xx.o(.text)
    EXTI15_10_IRQHandler                     0x080001b7   Thumb Code     0  startup_stm32f407xx.o(.text)
    EXTI1_IRQHandler                         0x080001b7   Thumb Code     0  startup_stm32f407xx.o(.text)
    EXTI2_IRQHandler                         0x080001b7   Thumb Code     0  startup_stm32f407xx.o(.text)
    EXTI3_IRQHandler                         0x080001b7   Thumb Code     0  startup_stm32f407xx.o(.text)
    EXTI4_IRQHandler                         0x080001b7   Thumb Code     0  startup_stm32f407xx.o(.text)
    EXTI9_5_IRQHandler                       0x080001b7   Thumb Code     0  startup_stm32f407xx.o(.text)
    FLASH_IRQHandler                         0x080001b7   Thumb Code     0  startup_stm32f407xx.o(.text)
    FMC_IRQHandler                           0x080001b7   Thumb Code     0  startup_stm32f407xx.o(.text)
    FPU_IRQHandler                           0x080001b7   Thumb Code     0  startup_stm32f407xx.o(.text)
    HASH_RNG_IRQHandler                      0x080001b7   Thumb Code     0  startup_stm32f407xx.o(.text)
    I2C1_ER_IRQHandler                       0x080001b7   Thumb Code     0  startup_stm32f407xx.o(.text)
    I2C1_EV_IRQHandler                       0x080001b7   Thumb Code     0  startup_stm32f407xx.o(.text)
    I2C2_ER_IRQHandler                       0x080001b7   Thumb Code     0  startup_stm32f407xx.o(.text)
    I2C2_EV_IRQHandler                       0x080001b7   Thumb Code     0  startup_stm32f407xx.o(.text)
    I2C3_ER_IRQHandler                       0x080001b7   Thumb Code     0  startup_stm32f407xx.o(.text)
    I2C3_EV_IRQHandler                       0x080001b7   Thumb Code     0  startup_stm32f407xx.o(.text)
    OTG_HS_EP1_IN_IRQHandler                 0x080001b7   Thumb Code     0  startup_stm32f407xx.o(.text)
    OTG_HS_EP1_OUT_IRQHandler                0x080001b7   Thumb Code     0  startup_stm32f407xx.o(.text)
    OTG_HS_IRQHandler                        0x080001b7   Thumb Code     0  startup_stm32f407xx.o(.text)
    OTG_HS_WKUP_IRQHandler                   0x080001b7   Thumb Code     0  startup_stm32f407xx.o(.text)
    PVD_IRQHandler                           0x080001b7   Thumb Code     0  startup_stm32f407xx.o(.text)
    RCC_IRQHandler                           0x080001b7   Thumb Code     0  startup_stm32f407xx.o(.text)
    RTC_Alarm_IRQHandler                     0x080001b7   Thumb Code     0  startup_stm32f407xx.o(.text)
    RTC_WKUP_IRQHandler                      0x080001b7   Thumb Code     0  startup_stm32f407xx.o(.text)
    SDIO_IRQHandler                          0x080001b7   Thumb Code     0  startup_stm32f407xx.o(.text)
    SPI1_IRQHandler                          0x080001b7   Thumb Code     0  startup_stm32f407xx.o(.text)
    SPI2_IRQHandler                          0x080001b7   Thumb Code     0  startup_stm32f407xx.o(.text)
    SPI3_IRQHandler                          0x080001b7   Thumb Code     0  startup_stm32f407xx.o(.text)
    TAMP_STAMP_IRQHandler                    0x080001b7   Thumb Code     0  startup_stm32f407xx.o(.text)
    TIM1_BRK_TIM9_IRQHandler                 0x080001b7   Thumb Code     0  startup_stm32f407xx.o(.text)
    TIM1_CC_IRQHandler                       0x080001b7   Thumb Code     0  startup_stm32f407xx.o(.text)
    TIM1_TRG_COM_TIM11_IRQHandler            0x080001b7   Thumb Code     0  startup_stm32f407xx.o(.text)
    TIM1_UP_TIM10_IRQHandler                 0x080001b7   Thumb Code     0  startup_stm32f407xx.o(.text)
    TIM2_IRQHandler                          0x080001b7   Thumb Code     0  startup_stm32f407xx.o(.text)
    TIM3_IRQHandler                          0x080001b7   Thumb Code     0  startup_stm32f407xx.o(.text)
    TIM4_IRQHandler                          0x080001b7   Thumb Code     0  startup_stm32f407xx.o(.text)
    TIM5_IRQHandler                          0x080001b7   Thumb Code     0  startup_stm32f407xx.o(.text)
    TIM6_DAC_IRQHandler                      0x080001b7   Thumb Code     0  startup_stm32f407xx.o(.text)
    TIM8_BRK_TIM12_IRQHandler                0x080001b7   Thumb Code     0  startup_stm32f407xx.o(.text)
    TIM8_CC_IRQHandler                       0x080001b7   Thumb Code     0  startup_stm32f407xx.o(.text)
    TIM8_TRG_COM_TIM14_IRQHandler            0x080001b7   Thumb Code     0  startup_stm32f407xx.o(.text)
    TIM8_UP_TIM13_IRQHandler                 0x080001b7   Thumb Code     0  startup_stm32f407xx.o(.text)
    UART4_IRQHandler                         0x080001b7   Thumb Code     0  startup_stm32f407xx.o(.text)
    UART5_IRQHandler                         0x080001b7   Thumb Code     0  startup_stm32f407xx.o(.text)
    USART3_IRQHandler                        0x080001b7   Thumb Code     0  startup_stm32f407xx.o(.text)
    USART6_IRQHandler                        0x080001b7   Thumb Code     0  startup_stm32f407xx.o(.text)
    WWDG_IRQHandler                          0x080001b7   Thumb Code     0  startup_stm32f407xx.o(.text)
    __scatterload                            0x080001c1   Thumb Code    28  init.o(.text)
    __scatterload_rt2                        0x080001c1   Thumb Code     0  init.o(.text)
    DMA1_Stream5_IRQHandler                  0x080001e5   Thumb Code    16  stm32f4xx_it.o(i.DMA1_Stream5_IRQHandler)
    DMA1_Stream6_IRQHandler                  0x080001f9   Thumb Code    16  stm32f4xx_it.o(i.DMA1_Stream6_IRQHandler)
    DMA2_Stream2_IRQHandler                  0x0800020d   Thumb Code    16  stm32f4xx_it.o(i.DMA2_Stream2_IRQHandler)
    DMA2_Stream7_IRQHandler                  0x08000221   Thumb Code    16  stm32f4xx_it.o(i.DMA2_Stream7_IRQHandler)
    HAL_DMA_IRQHandler                       0x08000235   Thumb Code  9776  stm32f4xx_hal_dma.o(i.HAL_DMA_IRQHandler)
    HAL_Delay                                0x0800286d   Thumb Code    26  stm32f4xx_hal.o(i.HAL_Delay)
    HAL_GPIO_Init                            0x08002889   Thumb Code   466  stm32f4xx_hal_gpio.o(i.HAL_GPIO_Init)
    HAL_GPIO_ReadPin                         0x08002a91   Thumb Code    16  stm32f4xx_hal_gpio.o(i.HAL_GPIO_ReadPin)
    HAL_GPIO_WritePin                        0x08002aa1   Thumb Code    10  stm32f4xx_hal_gpio.o(i.HAL_GPIO_WritePin)
    HAL_GetTick                              0x08002aad   Thumb Code     6  stm32f4xx_hal.o(i.HAL_GetTick)
    HAL_I2C_Init                             0x08002ab9   Thumb Code   274  stm32f4xx_hal_i2c.o(i.HAL_I2C_Init)
    HAL_I2C_MspInit                          0x08002bd5   Thumb Code    58  i2c.o(i.HAL_I2C_MspInit)
    HAL_IncTick                              0x08002c1d   Thumb Code    12  stm32f4xx_hal.o(i.HAL_IncTick)
    HAL_Init                                 0x08002c2d   Thumb Code    54  stm32f4xx_hal.o(i.HAL_Init)
    HAL_InitTick                             0x08002c69   Thumb Code    36  stm32f4xx_hal.o(i.HAL_InitTick)
    HAL_MspInit                              0x08002c8d   Thumb Code     2  stm32f4xx_hal.o(i.HAL_MspInit)
    HAL_NVIC_ClearPendingIRQ                 0x08002c91   Thumb Code    22  stm32f4xx_hal_cortex.o(i.HAL_NVIC_ClearPendingIRQ)
    HAL_NVIC_EnableIRQ                       0x08002cad   Thumb Code    26  stm32f4xx_hal_cortex.o(i.HAL_NVIC_EnableIRQ)
    HAL_NVIC_SetPriority                     0x08002cc7   Thumb Code   124  stm32f4xx_hal_cortex.o(i.HAL_NVIC_SetPriority)
    HAL_NVIC_SetPriorityGrouping             0x08002d45   Thumb Code    32  stm32f4xx_hal_cortex.o(i.HAL_NVIC_SetPriorityGrouping)
    HAL_PCD_ConnectCallback                  0x08002d6d   Thumb Code    14  usbd_conf.o(i.HAL_PCD_ConnectCallback)
    HAL_PCD_DataInStageCallback              0x08002d7b   Thumb Code    32  usbd_conf.o(i.HAL_PCD_DataInStageCallback)
    HAL_PCD_DataOutStageCallback             0x08002d9b   Thumb Code    32  usbd_conf.o(i.HAL_PCD_DataOutStageCallback)
    HAL_PCD_DisconnectCallback               0x08002dbb   Thumb Code    14  usbd_conf.o(i.HAL_PCD_DisconnectCallback)
    HAL_PCD_EP_ClrStall                      0x08002dc9   Thumb Code   104  stm32f4xx_hal_pcd.o(i.HAL_PCD_EP_ClrStall)
    HAL_PCD_EP_Open                          0x08002e31   Thumb Code   140  stm32f4xx_hal_pcd.o(i.HAL_PCD_EP_Open)
    HAL_PCD_EP_Receive                       0x08002ebd   Thumb Code   120  stm32f4xx_hal_pcd.o(i.HAL_PCD_EP_Receive)
    HAL_PCD_EP_SetStall                      0x08002f35   Thumb Code   122  stm32f4xx_hal_pcd.o(i.HAL_PCD_EP_SetStall)
    HAL_PCD_EP_Transmit                      0x08002faf   Thumb Code   122  stm32f4xx_hal_pcd.o(i.HAL_PCD_EP_Transmit)
    HAL_PCD_IRQHandler                       0x08003029   Thumb Code  1332  stm32f4xx_hal_pcd.o(i.HAL_PCD_IRQHandler)
    HAL_PCD_ISOINIncompleteCallback          0x0800355d   Thumb Code    18  usbd_conf.o(i.HAL_PCD_ISOINIncompleteCallback)
    HAL_PCD_ISOOUTIncompleteCallback         0x0800356f   Thumb Code    18  usbd_conf.o(i.HAL_PCD_ISOOUTIncompleteCallback)
    HAL_PCD_ResetCallback                    0x08003581   Thumb Code    50  usbd_conf.o(i.HAL_PCD_ResetCallback)
    HAL_PCD_ResumeCallback                   0x080035b3   Thumb Code    14  usbd_conf.o(i.HAL_PCD_ResumeCallback)
    HAL_PCD_SOFCallback                      0x080035c1   Thumb Code    14  usbd_conf.o(i.HAL_PCD_SOFCallback)
    HAL_PCD_SetAddress                       0x080035cf   Thumb Code    50  stm32f4xx_hal_pcd.o(i.HAL_PCD_SetAddress)
    HAL_PCD_SetupStageCallback               0x08003601   Thumb Code    18  usbd_conf.o(i.HAL_PCD_SetupStageCallback)
    HAL_PCD_SuspendCallback                  0x08003613   Thumb Code    14  usbd_conf.o(i.HAL_PCD_SuspendCallback)
    HAL_RCC_ClockConfig                      0x08003621   Thumb Code   588  stm32f4xx_hal_rcc.o(i.HAL_RCC_ClockConfig)
    HAL_RCC_GetHCLKFreq                      0x08003875   Thumb Code    42  stm32f4xx_hal_rcc.o(i.HAL_RCC_GetHCLKFreq)
    HAL_RCC_GetPCLK1Freq                     0x080038ad   Thumb Code    36  stm32f4xx_hal_rcc.o(i.HAL_RCC_GetPCLK1Freq)
    HAL_RCC_GetSysClockFreq                  0x080038d9   Thumb Code   182  stm32f4xx_hal_rcc.o(i.HAL_RCC_GetSysClockFreq)
    HAL_RCC_OscConfig                        0x0800399d   Thumb Code  1002  stm32f4xx_hal_rcc.o(i.HAL_RCC_OscConfig)
    HAL_SYSTICK_Callback                     0x08003d99   Thumb Code     2  stm32f4xx_hal_cortex.o(i.HAL_SYSTICK_Callback)
    HAL_SYSTICK_Config                       0x08003d9b   Thumb Code    52  stm32f4xx_hal_cortex.o(i.HAL_SYSTICK_Config)
    HAL_SYSTICK_IRQHandler                   0x08003dcf   Thumb Code     8  stm32f4xx_hal_cortex.o(i.HAL_SYSTICK_IRQHandler)
    HAL_TIMEx_BreakCallback                  0x08003dd7   Thumb Code     2  stm32f4xx_hal_tim_ex.o(i.HAL_TIMEx_BreakCallback)
    HAL_TIMEx_CommutationCallback            0x08003dd9   Thumb Code     2  stm32f4xx_hal_tim_ex.o(i.HAL_TIMEx_CommutationCallback)
    HAL_TIMEx_ConfigBreakDeadTime            0x08003ddb   Thumb Code    80  stm32f4xx_hal_tim_ex.o(i.HAL_TIMEx_ConfigBreakDeadTime)
    HAL_TIMEx_MasterConfigSynchronization    0x08003e2b   Thumb Code    98  stm32f4xx_hal_tim_ex.o(i.HAL_TIMEx_MasterConfigSynchronization)
    HAL_TIM_Base_Init                        0x08003e8d   Thumb Code    46  stm32f4xx_hal_tim.o(i.HAL_TIM_Base_Init)
    HAL_TIM_Base_MspInit                     0x08003ebd   Thumb Code   154  tim.o(i.HAL_TIM_Base_MspInit)
    HAL_TIM_Base_Start_IT                    0x08003f6d   Thumb Code    30  stm32f4xx_hal_tim.o(i.HAL_TIM_Base_Start_IT)
    HAL_TIM_ConfigClockSource                0x08003f8b   Thumb Code   306  stm32f4xx_hal_tim.o(i.HAL_TIM_ConfigClockSource)
    HAL_TIM_Encoder_Init                     0x080040bd   Thumb Code   174  stm32f4xx_hal_tim.o(i.HAL_TIM_Encoder_Init)
    HAL_TIM_Encoder_MspInit                  0x0800416d   Thumb Code   104  tim.o(i.HAL_TIM_Encoder_MspInit)
    HAL_TIM_IC_CaptureCallback               0x080041e1   Thumb Code     2  stm32f4xx_hal_tim.o(i.HAL_TIM_IC_CaptureCallback)
    HAL_TIM_IC_ConfigChannel                 0x080041e3   Thumb Code   224  stm32f4xx_hal_tim.o(i.HAL_TIM_IC_ConfigChannel)
    HAL_TIM_IC_Init                          0x080042c3   Thumb Code    46  stm32f4xx_hal_tim.o(i.HAL_TIM_IC_Init)
    HAL_TIM_IC_MspInit                       0x080042f1   Thumb Code     2  stm32f4xx_hal_tim.o(i.HAL_TIM_IC_MspInit)
    HAL_TIM_IRQHandler                       0x080042f3   Thumb Code   406  stm32f4xx_hal_tim.o(i.HAL_TIM_IRQHandler)
    HAL_TIM_OC_DelayElapsedCallback          0x08004489   Thumb Code     2  stm32f4xx_hal_tim.o(i.HAL_TIM_OC_DelayElapsedCallback)
    HAL_TIM_OnePulse_Init                    0x0800448b   Thumb Code    70  stm32f4xx_hal_tim.o(i.HAL_TIM_OnePulse_Init)
    HAL_TIM_OnePulse_MspInit                 0x080044d1   Thumb Code     2  stm32f4xx_hal_tim.o(i.HAL_TIM_OnePulse_MspInit)
    HAL_TIM_PWM_ConfigChannel                0x080044d3   Thumb Code   264  stm32f4xx_hal_tim.o(i.HAL_TIM_PWM_ConfigChannel)
    HAL_TIM_PWM_Init                         0x080045db   Thumb Code    46  stm32f4xx_hal_tim.o(i.HAL_TIM_PWM_Init)
    HAL_TIM_PWM_MspInit                      0x08004609   Thumb Code    58  tim.o(i.HAL_TIM_PWM_MspInit)
    HAL_TIM_PWM_PulseFinishedCallback        0x08004651   Thumb Code     2  stm32f4xx_hal_tim.o(i.HAL_TIM_PWM_PulseFinishedCallback)
    HAL_TIM_PeriodElapsedCallback            0x08004655   Thumb Code    18  tim_handler.o(i.HAL_TIM_PeriodElapsedCallback)
    HAL_TIM_SlaveConfigSynchronization       0x0800466d   Thumb Code   210  stm32f4xx_hal_tim.o(i.HAL_TIM_SlaveConfigSynchronization)
    HAL_TIM_TriggerCallback                  0x0800473f   Thumb Code     2  stm32f4xx_hal_tim.o(i.HAL_TIM_TriggerCallback)
    HAL_UART_ErrorCallback                   0x08004741   Thumb Code     2  stm32f4xx_hal_uart.o(i.HAL_UART_ErrorCallback)
    HAL_UART_IRQHandler                      0x08004743   Thumb Code   256  stm32f4xx_hal_uart.o(i.HAL_UART_IRQHandler)
    HAL_UART_RxCpltCallback                  0x08004843   Thumb Code     2  stm32f4xx_hal_uart.o(i.HAL_UART_RxCpltCallback)
    HAL_UART_TxCpltCallback                  0x08004845   Thumb Code     2  stm32f4xx_hal_uart.o(i.HAL_UART_TxCpltCallback)
    MX_DMA_Init                              0x08004849   Thumb Code   114  dma.o(i.MX_DMA_Init)
    MX_GPIO_Init                             0x080048c1   Thumb Code   340  gpio.o(i.MX_GPIO_Init)
    MX_I2C2_Init                             0x08004a2d   Thumb Code    42  i2c.o(i.MX_I2C2_Init)
    MX_TIM11_Init                            0x08004a65   Thumb Code    68  tim.o(i.MX_TIM11_Init)
    MX_TIM12_Init                            0x08004ab1   Thumb Code   112  tim.o(i.MX_TIM12_Init)
    MX_TIM1_Init                             0x08004b29   Thumb Code   116  tim.o(i.MX_TIM1_Init)
    MX_TIM2_Init                             0x08004ba5   Thumb Code    82  tim.o(i.MX_TIM2_Init)
    MX_TIM3_Init                             0x08004bfd   Thumb Code    80  tim.o(i.MX_TIM3_Init)
    MX_TIM7_Init                             0x08004c55   Thumb Code    42  tim.o(i.MX_TIM7_Init)
    OTG_FS_IRQHandler                        0x08004cc1   Thumb Code    16  stm32f4xx_it.o(i.OTG_FS_IRQHandler)
    OTG_FS_WKUP_IRQHandler                   0x08004cd5   Thumb Code    16  stm32f4xx_it.o(i.OTG_FS_WKUP_IRQHandler)
    SysTick_Handler                          0x08004d99   Thumb Code    12  stm32f4xx_it.o(i.SysTick_Handler)
    SystemClock_Config                       0x08004da5   Thumb Code   104  main.o(i.SystemClock_Config)
    SystemInit                               0x08004e15   Thumb Code    82  system_stm32f4xx.o(i.SystemInit)
    TIM7_IRQHandler                          0x08004e79   Thumb Code    16  stm32f4xx_it.o(i.TIM7_IRQHandler)
    TIM_Base_SetConfig                       0x08004e8d   Thumb Code   184  stm32f4xx_hal_tim.o(i.TIM_Base_SetConfig)
    TIM_OC2_SetConfig                        0x0800500d   Thumb Code   112  stm32f4xx_hal_tim.o(i.TIM_OC2_SetConfig)
    TIM_TI1_SetConfig                        0x08005189   Thumb Code   114  stm32f4xx_hal_tim.o(i.TIM_TI1_SetConfig)
    USART1_IRQHandler                        0x08005545   Thumb Code    16  stm32f4xx_it.o(i.USART1_IRQHandler)
    USART2_IRQHandler                        0x08005559   Thumb Code    16  stm32f4xx_it.o(i.USART2_IRQHandler)
    USBD_ClrClassConfig                      0x0800556d   Thumb Code    22  usbd_core.o(i.USBD_ClrClassConfig)
    USBD_CtlContinueRx                       0x080055c7   Thumb Code    24  usbd_ioreq.o(i.USBD_CtlContinueRx)
    USBD_CtlContinueSendData                 0x080055df   Thumb Code    24  usbd_ioreq.o(i.USBD_CtlContinueSendData)
    USBD_CtlError                            0x080055f7   Thumb Code    24  usbd_ctlreq.o(i.USBD_CtlError)
    USBD_CtlReceiveStatus                    0x0800560f   Thumb Code    26  usbd_ioreq.o(i.USBD_CtlReceiveStatus)
    USBD_CtlSendData                         0x08005629   Thumb Code    34  usbd_ioreq.o(i.USBD_CtlSendData)
    USBD_CtlSendStatus                       0x0800564b   Thumb Code    26  usbd_ioreq.o(i.USBD_CtlSendStatus)
    USBD_LL_ClearStallEP                     0x08005841   Thumb Code    20  usbd_conf.o(i.USBD_LL_ClearStallEP)
    USBD_LL_DataInStage                      0x08005855   Thumb Code   194  usbd_core.o(i.USBD_LL_DataInStage)
    USBD_LL_DataOutStage                     0x08005917   Thumb Code   134  usbd_core.o(i.USBD_LL_DataOutStage)
    USBD_LL_DevConnected                     0x0800599d   Thumb Code     6  usbd_core.o(i.USBD_LL_DevConnected)
    USBD_LL_DevDisconnected                  0x080059a3   Thumb Code    26  usbd_core.o(i.USBD_LL_DevDisconnected)
    USBD_LL_IsStallEP                        0x080059bd   Thumb Code    56  usbd_conf.o(i.USBD_LL_IsStallEP)
    USBD_LL_IsoINIncomplete                  0x080059f5   Thumb Code     6  usbd_core.o(i.USBD_LL_IsoINIncomplete)
    USBD_LL_IsoOUTIncomplete                 0x080059fb   Thumb Code     6  usbd_core.o(i.USBD_LL_IsoOUTIncomplete)
    USBD_LL_OpenEP                           0x08005a01   Thumb Code    32  usbd_conf.o(i.USBD_LL_OpenEP)
    USBD_LL_PrepareReceive                   0x08005a21   Thumb Code    32  usbd_conf.o(i.USBD_LL_PrepareReceive)
    USBD_LL_Reset                            0x08005a41   Thumb Code    68  usbd_core.o(i.USBD_LL_Reset)
    USBD_LL_Resume                           0x08005a85   Thumb Code    14  usbd_core.o(i.USBD_LL_Resume)
    USBD_LL_SOF                              0x08005a93   Thumb Code    34  usbd_core.o(i.USBD_LL_SOF)
    USBD_LL_SetSpeed                         0x08005ab5   Thumb Code     8  usbd_core.o(i.USBD_LL_SetSpeed)
    USBD_LL_SetUSBAddress                    0x08005abd   Thumb Code    20  usbd_conf.o(i.USBD_LL_SetUSBAddress)
    USBD_LL_SetupStage                       0x08005ad1   Thumb Code   110  usbd_core.o(i.USBD_LL_SetupStage)
    USBD_LL_StallEP                          0x08005b3f   Thumb Code    20  usbd_conf.o(i.USBD_LL_StallEP)
    USBD_LL_Suspend                          0x08005b53   Thumb Code    20  usbd_core.o(i.USBD_LL_Suspend)
    USBD_LL_Transmit                         0x08005b67   Thumb Code    32  usbd_conf.o(i.USBD_LL_Transmit)
    USBD_ParseSetupRequest                   0x08005b87   Thumb Code    40  usbd_ctlreq.o(i.USBD_ParseSetupRequest)
    USBD_RunTestMode                         0x08005baf   Thumb Code     6  usbd_core.o(i.USBD_RunTestMode)
    USBD_SetClassConfig                      0x08005c09   Thumb Code    34  usbd_core.o(i.USBD_SetClassConfig)
    USBD_StdDevReq                           0x08005d31   Thumb Code   114  usbd_ctlreq.o(i.USBD_StdDevReq)
    USBD_StdEPReq                            0x08005da3   Thumb Code   316  usbd_ctlreq.o(i.USBD_StdEPReq)
    USBD_StdItfReq                           0x08005edf   Thumb Code    74  usbd_ctlreq.o(i.USBD_StdItfReq)
    USB_ActivateEndpoint                     0x08005f29   Thumb Code   192  stm32f4xx_ll_usb.o(i.USB_ActivateEndpoint)
    USB_ActivateSetup                        0x08005fed   Thumb Code    68  stm32f4xx_ll_usb.o(i.USB_ActivateSetup)
    USB_EP0StartXfer                         0x08006031   Thumb Code   426  stm32f4xx_ll_usb.o(i.USB_EP0StartXfer)
    USB_EP0_OutStart                         0x080061e1   Thumb Code    68  stm32f4xx_ll_usb.o(i.USB_EP0_OutStart)
    USB_EPClearStall                         0x08006225   Thumb Code   136  stm32f4xx_ll_usb.o(i.USB_EPClearStall)
    USB_EPSetStall                           0x080062ad   Thumb Code   140  stm32f4xx_ll_usb.o(i.USB_EPSetStall)
    USB_EPStartXfer                          0x08006339   Thumb Code   714  stm32f4xx_ll_usb.o(i.USB_EPStartXfer)
    USB_FlushTxFifo                          0x08006609   Thumb Code    44  stm32f4xx_ll_usb.o(i.USB_FlushTxFifo)
    USB_GetDevSpeed                          0x08006639   Thumb Code    68  stm32f4xx_ll_usb.o(i.USB_GetDevSpeed)
    USB_GetMode                              0x0800667d   Thumb Code    10  stm32f4xx_ll_usb.o(i.USB_GetMode)
    USB_ReadDevAllInEpInterrupt              0x08006687   Thumb Code    18  stm32f4xx_ll_usb.o(i.USB_ReadDevAllInEpInterrupt)
    USB_ReadDevAllOutEpInterrupt             0x08006699   Thumb Code    18  stm32f4xx_ll_usb.o(i.USB_ReadDevAllOutEpInterrupt)
    USB_ReadDevInEPInterrupt                 0x080066ab   Thumb Code    44  stm32f4xx_ll_usb.o(i.USB_ReadDevInEPInterrupt)
    USB_ReadDevOutEPInterrupt                0x080066d7   Thumb Code    22  stm32f4xx_ll_usb.o(i.USB_ReadDevOutEPInterrupt)
    USB_ReadInterrupts                       0x080066ed   Thumb Code    12  stm32f4xx_ll_usb.o(i.USB_ReadInterrupts)
    USB_ReadPacket                           0x080066f9   Thumb Code    40  stm32f4xx_ll_usb.o(i.USB_ReadPacket)
    USB_SetDevAddress                        0x08006721   Thumb Code    36  stm32f4xx_ll_usb.o(i.USB_SetDevAddress)
    USB_WritePacket                          0x08006745   Thumb Code    58  stm32f4xx_ll_usb.o(i.USB_WritePacket)
    __scatterload_copy                       0x0800677f   Thumb Code    14  handlers.o(i.__scatterload_copy)
    __scatterload_null                       0x0800678d   Thumb Code     2  handlers.o(i.__scatterload_null)
    __scatterload_zeroinit                   0x0800678f   Thumb Code    14  handlers.o(i.__scatterload_zeroinit)
    getButton1State                          0x0800679d   Thumb Code    14  button_handler.o(i.getButton1State)
    getButton2State                          0x080067b1   Thumb Code    14  button_handler.o(i.getButton2State)
    getButtonDiscState                       0x080067c5   Thumb Code    24  button_handler.o(i.getButtonDiscState)
    initRgbLeds                              0x080067e1   Thumb Code    40  leds_handler.o(i.initRgbLeds)
    main                                     0x08006819   Thumb Code   476  main.o(i.main)
    on_RGB_led_timer_timeout                 0x080069f5   Thumb Code   424  leds_handler.o(i.on_RGB_led_timer_timeout)
    resetRgbLeds                             0x08006bc9   Thumb Code   156  leds_handler.o(i.resetRgbLeds)
    setK_pinState                            0x08006c6d   Thumb Code   112  leds_handler.o(i.setK_pinState)
    setLedColor                              0x08006ce1   Thumb Code    28  leds_handler.o(i.setLedColor)
    APBAHBPrescTable                         0x08006d08   Data          16  stm32f4xx_hal_rcc.o(.constdata)
    Region$$Table$$Base                      0x08006d18   Number         0  anon$$obj.o(Region$$Table)
    Region$$Table$$Limit                     0x08006d38   Number         0  anon$$obj.o(Region$$Table)
    SystemCoreClock                          0x20000004   Data           4  system_stm32f4xx.o(.data)
    AHBPrescTable                            0x20000008   Data          16  system_stm32f4xx.o(.data)
    hi2c2                                    0x20000020   Data          56  i2c.o(.bss)
    htim1                                    0x20000058   Data          60  tim.o(.bss)
    htim2                                    0x20000094   Data          60  tim.o(.bss)
    htim3                                    0x200000d0   Data          60  tim.o(.bss)
    htim7                                    0x2000010c   Data          60  tim.o(.bss)
    htim11                                   0x20000148   Data          60  tim.o(.bss)
    htim12                                   0x20000184   Data          60  tim.o(.bss)
    huart1                                   0x200001c0   Data          60  usart.o(.bss)
    huart2                                   0x200001fc   Data          60  usart.o(.bss)
    hdma_usart1_rx                           0x20000238   Data          80  usart.o(.bss)
    hdma_usart1_tx                           0x20000288   Data          80  usart.o(.bss)
    hdma_usart2_rx                           0x200002d8   Data          80  usart.o(.bss)
    hdma_usart2_tx                           0x20000328   Data          80  usart.o(.bss)
    hpcd_USB_OTG_FS                          0x20000378   Data         944  usbd_conf.o(.bss)
    __initial_sp                             0x20000b88   Data           0  startup_stm32f407xx.o(STACK)



==============================================================================

Memory Map of the image

  Image Entry point : 0x08000189

  Load Region LR_IROM1 (Base: 0x08000000, Size: 0x00006d58, Max: 0x00100000, ABSOLUTE)

    Execution Region ER_IROM1 (Base: 0x08000000, Size: 0x00006d38, Max: 0x00100000, ABSOLUTE)

    Base Addr    Size         Type   Attr      Idx    E Section Name        Object

    0x08000000   0x00000188   Data   RO          985    RESET               startup_stm32f407xx.o
    0x08000188   0x00000000   Code   RO         4251  * .ARM.Collect$$$$00000000  mc_w.l(entry.o)
    0x08000188   0x00000004   Code   RO         4286    .ARM.Collect$$$$00000001  mc_w.l(entry2.o)
    0x0800018c   0x00000004   Code   RO         4289    .ARM.Collect$$$$00000004  mc_w.l(entry5.o)
    0x08000190   0x00000000   Code   RO         4291    .ARM.Collect$$$$00000008  mc_w.l(entry7b.o)
    0x08000190   0x00000000   Code   RO         4293    .ARM.Collect$$$$0000000A  mc_w.l(entry8b.o)
    0x08000190   0x00000008   Code   RO         4294    .ARM.Collect$$$$0000000B  mc_w.l(entry9a.o)
    0x08000198   0x00000000   Code   RO         4296    .ARM.Collect$$$$0000000D  mc_w.l(entry10a.o)
    0x08000198   0x00000000   Code   RO         4298    .ARM.Collect$$$$0000000F  mc_w.l(entry11a.o)
    0x08000198   0x00000004   Code   RO         4287    .ARM.Collect$$$$00002712  mc_w.l(entry2.o)
    0x0800019c   0x00000024   Code   RO          986    .text               startup_stm32f407xx.o
    0x080001c0   0x00000024   Code   RO         4302    .text               mc_w.l(init.o)
    0x080001e4   0x00000014   Code   RO          249    i.DMA1_Stream5_IRQHandler  stm32f4xx_it.o
    0x080001f8   0x00000014   Code   RO          250    i.DMA1_Stream6_IRQHandler  stm32f4xx_it.o
    0x0800020c   0x00000014   Code   RO          251    i.DMA2_Stream2_IRQHandler  stm32f4xx_it.o
    0x08000220   0x00000014   Code   RO          252    i.DMA2_Stream7_IRQHandler  stm32f4xx_it.o
    0x08000234   0x00002638   Code   RO         1257    i.HAL_DMA_IRQHandler  stm32f4xx_hal_dma.o
    0x0800286c   0x0000001a   Code   RO          993    i.HAL_Delay         stm32f4xx_hal.o
    0x08002886   0x00000002   PAD
    0x08002888   0x00000208   Code   RO         1588    i.HAL_GPIO_Init     stm32f4xx_hal_gpio.o
    0x08002a90   0x00000010   Code   RO         1590    i.HAL_GPIO_ReadPin  stm32f4xx_hal_gpio.o
    0x08002aa0   0x0000000a   Code   RO         1592    i.HAL_GPIO_WritePin  stm32f4xx_hal_gpio.o
    0x08002aaa   0x00000002   PAD
    0x08002aac   0x0000000c   Code   RO         1005    i.HAL_GetTick       stm32f4xx_hal.o
    0x08002ab8   0x0000011c   Code   RO         1653    i.HAL_I2C_Init      stm32f4xx_hal_i2c.o
    0x08002bd4   0x00000048   Code   RO          148    i.HAL_I2C_MspInit   i2c.o
    0x08002c1c   0x00000010   Code   RO         1006    i.HAL_IncTick       stm32f4xx_hal.o
    0x08002c2c   0x0000003c   Code   RO         1007    i.HAL_Init          stm32f4xx_hal.o
    0x08002c68   0x00000024   Code   RO         1008    i.HAL_InitTick      stm32f4xx_hal.o
    0x08002c8c   0x00000002   Code   RO         1010    i.HAL_MspInit       stm32f4xx_hal.o
    0x08002c8e   0x00000002   PAD
    0x08002c90   0x0000001c   Code   RO         1134    i.HAL_NVIC_ClearPendingIRQ  stm32f4xx_hal_cortex.o
    0x08002cac   0x0000001a   Code   RO         1136    i.HAL_NVIC_EnableIRQ  stm32f4xx_hal_cortex.o
    0x08002cc6   0x0000007c   Code   RO         1142    i.HAL_NVIC_SetPriority  stm32f4xx_hal_cortex.o
    0x08002d42   0x00000002   PAD
    0x08002d44   0x00000028   Code   RO         1143    i.HAL_NVIC_SetPriorityGrouping  stm32f4xx_hal_cortex.o
    0x08002d6c   0x0000000e   Code   RO          579    i.HAL_PCD_ConnectCallback  usbd_conf.o
    0x08002d7a   0x00000020   Code   RO          580    i.HAL_PCD_DataInStageCallback  usbd_conf.o
    0x08002d9a   0x00000020   Code   RO          581    i.HAL_PCD_DataOutStageCallback  usbd_conf.o
    0x08002dba   0x0000000e   Code   RO          582    i.HAL_PCD_DisconnectCallback  usbd_conf.o
    0x08002dc8   0x00000068   Code   RO         2009    i.HAL_PCD_EP_ClrStall  stm32f4xx_hal_pcd.o
    0x08002e30   0x0000008c   Code   RO         2012    i.HAL_PCD_EP_Open   stm32f4xx_hal_pcd.o
    0x08002ebc   0x00000078   Code   RO         2013    i.HAL_PCD_EP_Receive  stm32f4xx_hal_pcd.o
    0x08002f34   0x0000007a   Code   RO         2014    i.HAL_PCD_EP_SetStall  stm32f4xx_hal_pcd.o
    0x08002fae   0x0000007a   Code   RO         2015    i.HAL_PCD_EP_Transmit  stm32f4xx_hal_pcd.o
    0x08003028   0x00000534   Code   RO         2017    i.HAL_PCD_IRQHandler  stm32f4xx_hal_pcd.o
    0x0800355c   0x00000012   Code   RO          583    i.HAL_PCD_ISOINIncompleteCallback  usbd_conf.o
    0x0800356e   0x00000012   Code   RO          584    i.HAL_PCD_ISOOUTIncompleteCallback  usbd_conf.o
    0x08003580   0x00000032   Code   RO          587    i.HAL_PCD_ResetCallback  usbd_conf.o
    0x080035b2   0x0000000e   Code   RO          588    i.HAL_PCD_ResumeCallback  usbd_conf.o
    0x080035c0   0x0000000e   Code   RO          589    i.HAL_PCD_SOFCallback  usbd_conf.o
    0x080035ce   0x00000032   Code   RO         2026    i.HAL_PCD_SetAddress  stm32f4xx_hal_pcd.o
    0x08003600   0x00000012   Code   RO          590    i.HAL_PCD_SetupStageCallback  usbd_conf.o
    0x08003612   0x0000000e   Code   RO          591    i.HAL_PCD_SuspendCallback  usbd_conf.o
    0x08003620   0x00000254   Code   RO         2341    i.HAL_RCC_ClockConfig  stm32f4xx_hal_rcc.o
    0x08003874   0x00000038   Code   RO         2346    i.HAL_RCC_GetHCLKFreq  stm32f4xx_hal_rcc.o
    0x080038ac   0x0000002c   Code   RO         2348    i.HAL_RCC_GetPCLK1Freq  stm32f4xx_hal_rcc.o
    0x080038d8   0x000000c4   Code   RO         2350    i.HAL_RCC_GetSysClockFreq  stm32f4xx_hal_rcc.o
    0x0800399c   0x000003fc   Code   RO         2353    i.HAL_RCC_OscConfig  stm32f4xx_hal_rcc.o
    0x08003d98   0x00000002   Code   RO         1146    i.HAL_SYSTICK_Callback  stm32f4xx_hal_cortex.o
    0x08003d9a   0x00000034   Code   RO         1147    i.HAL_SYSTICK_Config  stm32f4xx_hal_cortex.o
    0x08003dce   0x00000008   Code   RO         1148    i.HAL_SYSTICK_IRQHandler  stm32f4xx_hal_cortex.o
    0x08003dd6   0x00000002   Code   RO         3093    i.HAL_TIMEx_BreakCallback  stm32f4xx_hal_tim_ex.o
    0x08003dd8   0x00000002   Code   RO         3094    i.HAL_TIMEx_CommutationCallback  stm32f4xx_hal_tim_ex.o
    0x08003dda   0x00000050   Code   RO         3095    i.HAL_TIMEx_ConfigBreakDeadTime  stm32f4xx_hal_tim_ex.o
    0x08003e2a   0x00000062   Code   RO         3111    i.HAL_TIMEx_MasterConfigSynchronization  stm32f4xx_hal_tim_ex.o
    0x08003e8c   0x0000002e   Code   RO         2469    i.HAL_TIM_Base_Init  stm32f4xx_hal_tim.o
    0x08003eba   0x00000002   PAD
    0x08003ebc   0x000000b0   Code   RO          328    i.HAL_TIM_Base_MspInit  tim.o
    0x08003f6c   0x0000001e   Code   RO         2474    i.HAL_TIM_Base_Start_IT  stm32f4xx_hal_tim.o
    0x08003f8a   0x00000132   Code   RO         2478    i.HAL_TIM_ConfigClockSource  stm32f4xx_hal_tim.o
    0x080040bc   0x000000ae   Code   RO         2490    i.HAL_TIM_Encoder_Init  stm32f4xx_hal_tim.o
    0x0800416a   0x00000002   PAD
    0x0800416c   0x00000074   Code   RO          330    i.HAL_TIM_Encoder_MspInit  tim.o
    0x080041e0   0x00000002   Code   RO         2501    i.HAL_TIM_IC_CaptureCallback  stm32f4xx_hal_tim.o
    0x080041e2   0x000000e0   Code   RO         2502    i.HAL_TIM_IC_ConfigChannel  stm32f4xx_hal_tim.o
    0x080042c2   0x0000002e   Code   RO         2505    i.HAL_TIM_IC_Init   stm32f4xx_hal_tim.o
    0x080042f0   0x00000002   Code   RO         2507    i.HAL_TIM_IC_MspInit  stm32f4xx_hal_tim.o
    0x080042f2   0x00000196   Code   RO         2514    i.HAL_TIM_IRQHandler  stm32f4xx_hal_tim.o
    0x08004488   0x00000002   Code   RO         2517    i.HAL_TIM_OC_DelayElapsedCallback  stm32f4xx_hal_tim.o
    0x0800448a   0x00000046   Code   RO         2531    i.HAL_TIM_OnePulse_Init  stm32f4xx_hal_tim.o
    0x080044d0   0x00000002   Code   RO         2533    i.HAL_TIM_OnePulse_MspInit  stm32f4xx_hal_tim.o
    0x080044d2   0x00000108   Code   RO         2538    i.HAL_TIM_PWM_ConfigChannel  stm32f4xx_hal_tim.o
    0x080045da   0x0000002e   Code   RO         2541    i.HAL_TIM_PWM_Init  stm32f4xx_hal_tim.o
    0x08004608   0x00000048   Code   RO          332    i.HAL_TIM_PWM_MspInit  tim.o
    0x08004650   0x00000002   Code   RO         2544    i.HAL_TIM_PWM_PulseFinishedCallback  stm32f4xx_hal_tim.o
    0x08004652   0x00000002   PAD
    0x08004654   0x00000018   Code   RO          898    i.HAL_TIM_PeriodElapsedCallback  tim_handler.o
    0x0800466c   0x000000d2   Code   RO         2553    i.HAL_TIM_SlaveConfigSynchronization  stm32f4xx_hal_tim.o
    0x0800473e   0x00000002   Code   RO         2554    i.HAL_TIM_TriggerCallback  stm32f4xx_hal_tim.o
    0x08004740   0x00000002   Code   RO         3340    i.HAL_UART_ErrorCallback  stm32f4xx_hal_uart.o
    0x08004742   0x00000100   Code   RO         3343    i.HAL_UART_IRQHandler  stm32f4xx_hal_uart.o
    0x08004842   0x00000002   Code   RO         3350    i.HAL_UART_RxCpltCallback  stm32f4xx_hal_uart.o
    0x08004844   0x00000002   Code   RO         3355    i.HAL_UART_TxCpltCallback  stm32f4xx_hal_uart.o
    0x08004846   0x00000002   PAD
    0x08004848   0x00000078   Code   RO            3    i.MX_DMA_Init       dma.o
    0x080048c0   0x0000016c   Code   RO          124    i.MX_GPIO_Init      gpio.o
    0x08004a2c   0x00000038   Code   RO          149    i.MX_I2C2_Init      i2c.o
    0x08004a64   0x0000004c   Code   RO          333    i.MX_TIM11_Init     tim.o
    0x08004ab0   0x00000078   Code   RO          334    i.MX_TIM12_Init     tim.o
    0x08004b28   0x0000007c   Code   RO          335    i.MX_TIM1_Init      tim.o
    0x08004ba4   0x00000058   Code   RO          336    i.MX_TIM2_Init      tim.o
    0x08004bfc   0x00000058   Code   RO          337    i.MX_TIM3_Init      tim.o
    0x08004c54   0x00000034   Code   RO          338    i.MX_TIM7_Init      tim.o
    0x08004c88   0x00000010   Code   RO         1149    i.NVIC_GetPriorityGrouping  stm32f4xx_hal_cortex.o
    0x08004c98   0x00000028   Code   RO         1150    i.NVIC_SetPriority  stm32f4xx_hal_cortex.o
    0x08004cc0   0x00000014   Code   RO          253    i.OTG_FS_IRQHandler  stm32f4xx_it.o
    0x08004cd4   0x00000014   Code   RO          254    i.OTG_FS_WKUP_IRQHandler  stm32f4xx_it.o
    0x08004ce8   0x000000b0   Code   RO         2031    i.PCD_WriteEmptyTxFifo  stm32f4xx_hal_pcd.o
    0x08004d98   0x0000000c   Code   RO          255    i.SysTick_Handler   stm32f4xx_it.o
    0x08004da4   0x00000070   Code   RO          185    i.SystemClock_Config  main.o
    0x08004e14   0x00000064   Code   RO          954    i.SystemInit        system_stm32f4xx.o
    0x08004e78   0x00000014   Code   RO          256    i.TIM7_IRQHandler   stm32f4xx_it.o
    0x08004e8c   0x000000e4   Code   RO         2555    i.TIM_Base_SetConfig  stm32f4xx_hal_tim.o
    0x08004f70   0x00000018   Code   RO         2559    i.TIM_ETR_SetConfig  stm32f4xx_hal_tim.o
    0x08004f88   0x00000014   Code   RO         2560    i.TIM_ITRx_SetConfig  stm32f4xx_hal_tim.o
    0x08004f9c   0x00000070   Code   RO         2561    i.TIM_OC1_SetConfig  stm32f4xx_hal_tim.o
    0x0800500c   0x00000078   Code   RO         2562    i.TIM_OC2_SetConfig  stm32f4xx_hal_tim.o
    0x08005084   0x00000078   Code   RO         2563    i.TIM_OC3_SetConfig  stm32f4xx_hal_tim.o
    0x080050fc   0x00000060   Code   RO         2564    i.TIM_OC4_SetConfig  stm32f4xx_hal_tim.o
    0x0800515c   0x0000002a   Code   RO         2565    i.TIM_TI1_ConfigInputStage  stm32f4xx_hal_tim.o
    0x08005186   0x00000002   PAD
    0x08005188   0x00000090   Code   RO         2566    i.TIM_TI1_SetConfig  stm32f4xx_hal_tim.o
    0x08005218   0x0000002c   Code   RO         2567    i.TIM_TI2_ConfigInputStage  stm32f4xx_hal_tim.o
    0x08005244   0x00000034   Code   RO         2568    i.TIM_TI2_SetConfig  stm32f4xx_hal_tim.o
    0x08005278   0x00000032   Code   RO         2569    i.TIM_TI3_SetConfig  stm32f4xx_hal_tim.o
    0x080052aa   0x00000034   Code   RO         2570    i.TIM_TI4_SetConfig  stm32f4xx_hal_tim.o
    0x080052de   0x000000bc   Code   RO         3362    i.UART_Receive_IT   stm32f4xx_hal_uart.o
    0x0800539a   0x000000b0   Code   RO         3364    i.UART_Transmit_IT  stm32f4xx_hal_uart.o
    0x0800544a   0x000000fa   Code   RO         3365    i.UART_WaitOnFlagUntilTimeout  stm32f4xx_hal_uart.o
    0x08005544   0x00000014   Code   RO          257    i.USART1_IRQHandler  stm32f4xx_it.o
    0x08005558   0x00000014   Code   RO          258    i.USART2_IRQHandler  stm32f4xx_it.o
    0x0800556c   0x00000016   Code   RO         3972    i.USBD_ClrClassConfig  usbd_core.o
    0x08005582   0x00000044   Code   RO         4106    i.USBD_ClrFeature   usbd_ctlreq.o
    0x080055c6   0x00000018   Code   RO         4197    i.USBD_CtlContinueRx  usbd_ioreq.o
    0x080055de   0x00000018   Code   RO         4198    i.USBD_CtlContinueSendData  usbd_ioreq.o
    0x080055f6   0x00000018   Code   RO         4107    i.USBD_CtlError     usbd_ctlreq.o
    0x0800560e   0x0000001a   Code   RO         4200    i.USBD_CtlReceiveStatus  usbd_ioreq.o
    0x08005628   0x00000022   Code   RO         4201    i.USBD_CtlSendData  usbd_ioreq.o
    0x0800564a   0x0000001a   Code   RO         4202    i.USBD_CtlSendStatus  usbd_ioreq.o
    0x08005664   0x00000050   Code   RO         4108    i.USBD_GetConfig    usbd_ctlreq.o
    0x080056b4   0x00000148   Code   RO         4109    i.USBD_GetDescriptor  usbd_ctlreq.o
    0x080057fc   0x00000044   Code   RO         4111    i.USBD_GetStatus    usbd_ctlreq.o
    0x08005840   0x00000014   Code   RO          592    i.USBD_LL_ClearStallEP  usbd_conf.o
    0x08005854   0x000000c2   Code   RO         3975    i.USBD_LL_DataInStage  usbd_core.o
    0x08005916   0x00000086   Code   RO         3976    i.USBD_LL_DataOutStage  usbd_core.o
    0x0800599c   0x00000006   Code   RO         3977    i.USBD_LL_DevConnected  usbd_core.o
    0x080059a2   0x0000001a   Code   RO         3978    i.USBD_LL_DevDisconnected  usbd_core.o
    0x080059bc   0x00000038   Code   RO          599    i.USBD_LL_IsStallEP  usbd_conf.o
    0x080059f4   0x00000006   Code   RO         3979    i.USBD_LL_IsoINIncomplete  usbd_core.o
    0x080059fa   0x00000006   Code   RO         3980    i.USBD_LL_IsoOUTIncomplete  usbd_core.o
    0x08005a00   0x00000020   Code   RO          600    i.USBD_LL_OpenEP    usbd_conf.o
    0x08005a20   0x00000020   Code   RO          601    i.USBD_LL_PrepareReceive  usbd_conf.o
    0x08005a40   0x00000044   Code   RO         3981    i.USBD_LL_Reset     usbd_core.o
    0x08005a84   0x0000000e   Code   RO         3982    i.USBD_LL_Resume    usbd_core.o
    0x08005a92   0x00000022   Code   RO         3983    i.USBD_LL_SOF       usbd_core.o
    0x08005ab4   0x00000008   Code   RO         3984    i.USBD_LL_SetSpeed  usbd_core.o
    0x08005abc   0x00000014   Code   RO          602    i.USBD_LL_SetUSBAddress  usbd_conf.o
    0x08005ad0   0x0000006e   Code   RO         3985    i.USBD_LL_SetupStage  usbd_core.o
    0x08005b3e   0x00000014   Code   RO          603    i.USBD_LL_StallEP   usbd_conf.o
    0x08005b52   0x00000014   Code   RO         3986    i.USBD_LL_Suspend   usbd_core.o
    0x08005b66   0x00000020   Code   RO          606    i.USBD_LL_Transmit  usbd_conf.o
    0x08005b86   0x00000028   Code   RO         4113    i.USBD_ParseSetupRequest  usbd_ctlreq.o
    0x08005bae   0x00000006   Code   RO         3988    i.USBD_RunTestMode  usbd_core.o
    0x08005bb4   0x00000054   Code   RO         4114    i.USBD_SetAddress   usbd_ctlreq.o
    0x08005c08   0x00000022   Code   RO         3989    i.USBD_SetClassConfig  usbd_core.o
    0x08005c2a   0x00000002   PAD
    0x08005c2c   0x000000e0   Code   RO         4115    i.USBD_SetConfig    usbd_ctlreq.o
    0x08005d0c   0x00000024   Code   RO         4116    i.USBD_SetFeature   usbd_ctlreq.o
    0x08005d30   0x00000072   Code   RO         4117    i.USBD_StdDevReq    usbd_ctlreq.o
    0x08005da2   0x0000013c   Code   RO         4118    i.USBD_StdEPReq     usbd_ctlreq.o
    0x08005ede   0x0000004a   Code   RO         4119    i.USBD_StdItfReq    usbd_ctlreq.o
    0x08005f28   0x000000c4   Code   RO         3562    i.USB_ActivateEndpoint  stm32f4xx_ll_usb.o
    0x08005fec   0x00000044   Code   RO         3563    i.USB_ActivateSetup  stm32f4xx_ll_usb.o
    0x08006030   0x000001b0   Code   RO         3575    i.USB_EP0StartXfer  stm32f4xx_ll_usb.o
    0x080061e0   0x00000044   Code   RO         3576    i.USB_EP0_OutStart  stm32f4xx_ll_usb.o
    0x08006224   0x00000088   Code   RO         3577    i.USB_EPClearStall  stm32f4xx_ll_usb.o
    0x080062ac   0x0000008c   Code   RO         3578    i.USB_EPSetStall    stm32f4xx_ll_usb.o
    0x08006338   0x000002d0   Code   RO         3579    i.USB_EPStartXfer   stm32f4xx_ll_usb.o
    0x08006608   0x00000030   Code   RO         3582    i.USB_FlushTxFifo   stm32f4xx_ll_usb.o
    0x08006638   0x00000044   Code   RO         3584    i.USB_GetDevSpeed   stm32f4xx_ll_usb.o
    0x0800667c   0x0000000a   Code   RO         3586    i.USB_GetMode       stm32f4xx_ll_usb.o
    0x08006686   0x00000012   Code   RO         3593    i.USB_ReadDevAllInEpInterrupt  stm32f4xx_ll_usb.o
    0x08006698   0x00000012   Code   RO         3594    i.USB_ReadDevAllOutEpInterrupt  stm32f4xx_ll_usb.o
    0x080066aa   0x0000002c   Code   RO         3595    i.USB_ReadDevInEPInterrupt  stm32f4xx_ll_usb.o
    0x080066d6   0x00000016   Code   RO         3596    i.USB_ReadDevOutEPInterrupt  stm32f4xx_ll_usb.o
    0x080066ec   0x0000000c   Code   RO         3597    i.USB_ReadInterrupts  stm32f4xx_ll_usb.o
    0x080066f8   0x00000028   Code   RO         3598    i.USB_ReadPacket    stm32f4xx_ll_usb.o
    0x08006720   0x00000024   Code   RO         3601    i.USB_SetDevAddress  stm32f4xx_ll_usb.o
    0x08006744   0x0000003a   Code   RO         3605    i.USB_WritePacket   stm32f4xx_ll_usb.o
    0x0800677e   0x0000000e   Code   RO         4306    i.__scatterload_copy  mc_w.l(handlers.o)
    0x0800678c   0x00000002   Code   RO         4307    i.__scatterload_null  mc_w.l(handlers.o)
    0x0800678e   0x0000000e   Code   RO         4308    i.__scatterload_zeroinit  mc_w.l(handlers.o)
    0x0800679c   0x00000014   Code   RO          921    i.getButton1State   button_handler.o
    0x080067b0   0x00000014   Code   RO          922    i.getButton2State   button_handler.o
    0x080067c4   0x0000001c   Code   RO          923    i.getButtonDiscState  button_handler.o
    0x080067e0   0x00000038   Code   RO          827    i.initRgbLeds       leds_handler.o
    0x08006818   0x000001dc   Code   RO          186    i.main              main.o
    0x080069f4   0x000001d4   Code   RO          828    i.on_RGB_led_timer_timeout  leds_handler.o
    0x08006bc8   0x000000a4   Code   RO          887    i.resetRgbLeds      leds_handler.o
    0x08006c6c   0x00000074   Code   RO          829    i.setK_pinState     leds_handler.o
    0x08006ce0   0x00000028   Code   RO          830    i.setLedColor       leds_handler.o
    0x08006d08   0x00000010   Data   RO         2354    .constdata          stm32f4xx_hal_rcc.o
    0x08006d18   0x00000020   Data   RO         4304    Region$$Table       anon$$obj.o


    Execution Region RW_IRAM1 (Base: 0x20000000, Size: 0x00000b88, Max: 0x00020000, ABSOLUTE)

    Base Addr    Size         Type   Attr      Idx    E Section Name        Object

    0x20000000   0x00000003   Data   RW          836    .data               leds_handler.o
    0x20000003   0x00000001   PAD
    0x20000004   0x00000014   Data   RW          955    .data               system_stm32f4xx.o
    0x20000018   0x00000004   Data   RW         1013    .data               stm32f4xx_hal.o
    0x2000001c   0x00000001   Data   RW         4120    .data               usbd_ctlreq.o
    0x2000001d   0x00000003   PAD
    0x20000020   0x00000038   Zero   RW          150    .bss                i2c.o
    0x20000058   0x00000168   Zero   RW          339    .bss                tim.o
    0x200001c0   0x000001b8   Zero   RW          423    .bss                usart.o
    0x20000378   0x000003b0   Zero   RW          607    .bss                usbd_conf.o
    0x20000728   0x00000060   Zero   RW          835    .bss                leds_handler.o
    0x20000788   0x00000400   Zero   RW          983    STACK               startup_stm32f407xx.o


==============================================================================

Image component sizes


      Code (inc. data)   RO Data    RW Data    ZI Data      Debug   Object Name

        68         16          0          0          0       1713   button_handler.o
       120          6          0          0          0     341846   dma.o
       364         24          0          0          0        771   gpio.o
       128         28          0          0         56       1661   i2c.o
       844         90          0          3         96       4790   leds_handler.o
       588         16          0          0          0       7240   main.o
        36          8        392          0       1024        960   startup_stm32f407xx.o
       152         16          0          4          0       4880   stm32f4xx_hal.o
       336         28          0          0          0      32854   stm32f4xx_hal_cortex.o
      9784        106          0          0          0       6449   stm32f4xx_hal_dma.o
       546         54          0          0          0       3963   stm32f4xx_hal_gpio.o
       284         10          0          0          0       1371   stm32f4xx_hal_i2c.o
      2166          0          0          0          0       8027   stm32f4xx_hal_pcd.o
      1912         62         16          0          0       5624   stm32f4xx_hal_rcc.o
      2938        118          0          0          0      23311   stm32f4xx_hal_tim.o
       182          0          0          0          0       3242   stm32f4xx_hal_tim_ex.o
       876          0          0          0          0       5759   stm32f4xx_hal_uart.o
       192         36          0          0          0       5313   stm32f4xx_it.o
      2134         20          0          0          0      13585   stm32f4xx_ll_usb.o
       100         18          0         20          0       1449   system_stm32f4xx.o
       912         96          0          0        360       6379   tim.o
        24          6          0          0          0        912   tim_handler.o
         0          0          0          0        440        452   usart.o
       450          0          0          0        944      11919   usbd_conf.o
       688          0          0          0          0      11059   usbd_core.o
      1456         30          0          1          0       9659   usbd_ctlreq.o
       134          0          0          0          0       4048   usbd_ioreq.o

    ----------------------------------------------------------------------
     27434        788        440         32       2920     519236   Object Totals
         0          0         32          0          0          0   (incl. Generated)
        20          0          0          4          0          0   (incl. Padding)

    ----------------------------------------------------------------------

      Code (inc. data)   RO Data    RW Data    ZI Data      Debug   Library Member Name

         0          0          0          0          0          0   entry.o
         0          0          0          0          0          0   entry10a.o
         0          0          0          0          0          0   entry11a.o
         8          4          0          0          0          0   entry2.o
         4          0          0          0          0          0   entry5.o
         0          0          0          0          0          0   entry7b.o
         0          0          0          0          0          0   entry8b.o
         8          4          0          0          0          0   entry9a.o
        30          0          0          0          0          0   handlers.o
        36          8          0          0          0         68   init.o

    ----------------------------------------------------------------------
        86         16          0          0          0         68   Library Totals
         0          0          0          0          0          0   (incl. Padding)

    ----------------------------------------------------------------------

      Code (inc. data)   RO Data    RW Data    ZI Data      Debug   Library Name

        86         16          0          0          0         68   mc_w.l

    ----------------------------------------------------------------------
        86         16          0          0          0         68   Library Totals

    ----------------------------------------------------------------------

==============================================================================


      Code (inc. data)   RO Data    RW Data    ZI Data      Debug   

     27520        804        440         32       2920     502208   Grand Totals
     27520        804        440         32       2920     502208   ELF Image Totals
     27520        804        440         32          0          0   ROM Totals

==============================================================================

    Total RO  Size (Code + RO Data)                27960 (  27.30kB)
    Total RW  Size (RW Data + ZI Data)              2952 (   2.88kB)
    Total ROM Size (Code + RO Data + RW Data)      27992 (  27.34kB)

==============================================================================

